{"phase": "selection", "case": "turbo_select_umi_4prb", "ebno_db": 6.0, "rep": 0, "rows_committed": 10, "completed_rows": 10, "expected_rows": 240}
{"phase": "selection", "case": "turbo_select_umi_4prb", "ebno_db": 6.0, "rep": 1, "rows_committed": 10, "completed_rows": 20, "expected_rows": 240}
{"phase": "selection", "case": "turbo_select_umi_4prb", "ebno_db": 6.0, "rep": 2, "rows_committed": 10, "completed_rows": 30, "expected_rows": 240}
{"phase": "selection", "case": "turbo_select_umi_4prb", "ebno_db": 6.0, "rep": 3, "rows_committed": 10, "completed_rows": 40, "expected_rows": 240}
{"phase": "selection", "case": "turbo_select_umi_4prb", "ebno_db": 10.0, "rep": 0, "rows_committed": 10, "completed_rows": 50, "expected_rows": 240}
{"phase": "selection", "case": "turbo_select_umi_4prb", "ebno_db": 10.0, "rep": 1, "rows_committed": 10, "completed_rows": 60, "expected_rows": 240}
{"phase": "selection", "case": "turbo_select_umi_4prb", "ebno_db": 10.0, "rep": 2, "rows_committed": 10, "completed_rows": 70, "expected_rows": 240}
{"phase": "selection", "case": "turbo_select_umi_4prb", "ebno_db": 10.0, "rep": 3, "rows_committed": 10, "completed_rows": 80, "expected_rows": 240}
{"phase": "selection", "case": "turbo_select_umi_4prb", "ebno_db": 14.0, "rep": 0, "rows_committed": 10, "completed_rows": 90, "expected_rows": 240}
{"phase": "selection", "case": "turbo_select_umi_4prb", "ebno_db": 14.0, "rep": 1, "rows_committed": 10, "completed_rows": 100, "expected_rows": 240}
{"phase": "selection", "case": "turbo_select_umi_4prb", "ebno_db": 14.0, "rep": 2, "rows_committed": 10, "completed_rows": 110, "expected_rows": 240}
{"phase": "selection", "case": "turbo_select_umi_4prb", "ebno_db": 14.0, "rep": 3, "rows_committed": 10, "completed_rows": 120, "expected_rows": 240}
{"phase": "selection", "case": "turbo_select_umi_8prb", "ebno_db": 6.0, "rep": 0, "rows_committed": 10, "completed_rows": 130, "expected_rows": 240}
{"phase": "selection", "case": "turbo_select_umi_8prb", "ebno_db": 6.0, "rep": 1, "rows_committed": 10, "completed_rows": 140, "expected_rows": 240}
{"phase": "selection", "case": "turbo_select_umi_8prb", "ebno_db": 6.0, "rep": 2, "rows_committed": 10, "completed_rows": 150, "expected_rows": 240}
{"phase": "selection", "case": "turbo_select_umi_8prb", "ebno_db": 6.0, "rep": 3, "rows_committed": 10, "completed_rows": 160, "expected_rows": 240}
{"phase": "selection", "case": "turbo_select_umi_8prb", "ebno_db": 10.0, "rep": 0, "rows_committed": 10, "completed_rows": 170, "expected_rows": 240}
{"phase": "selection", "case": "turbo_select_umi_8prb", "ebno_db": 10.0, "rep": 1, "rows_committed": 10, "completed_rows": 180, "expected_rows": 240}
{"phase": "selection", "case": "turbo_select_umi_8prb", "ebno_db": 10.0, "rep": 2, "rows_committed": 10, "completed_rows": 190, "expected_rows": 240}
{"phase": "selection", "case": "turbo_select_umi_8prb", "ebno_db": 10.0, "rep": 3, "rows_committed": 10, "completed_rows": 200, "expected_rows": 240}
{"phase": "selection", "case": "turbo_select_umi_8prb", "ebno_db": 14.0, "rep": 0, "rows_committed": 10, "completed_rows": 210, "expected_rows": 240}
{"phase": "selection", "case": "turbo_select_umi_8prb", "ebno_db": 14.0, "rep": 1, "rows_committed": 10, "completed_rows": 220, "expected_rows": 240}
{"phase": "selection", "case": "turbo_select_umi_8prb", "ebno_db": 14.0, "rep": 2, "rows_committed": 10, "completed_rows": 230, "expected_rows": 240}
{"phase": "selection", "case": "turbo_select_umi_8prb", "ebno_db": 14.0, "rep": 3, "rows_committed": 10, "completed_rows": 240, "expected_rows": 240}
{"phase": "holdout", "case": "turbo_holdout_umi_12prb", "ebno_db": 6.0, "rep": 0, "rows_committed": 7, "completed_rows": 7, "expected_rows": 252}
{"phase": "holdout", "case": "turbo_holdout_umi_12prb", "ebno_db": 6.0, "rep": 1, "rows_committed": 7, "completed_rows": 14, "expected_rows": 252}
{"phase": "holdout", "case": "turbo_holdout_umi_12prb", "ebno_db": 6.0, "rep": 2, "rows_committed": 7, "completed_rows": 21, "expected_rows": 252}
{"phase": "holdout", "case": "turbo_holdout_umi_12prb", "ebno_db": 6.0, "rep": 3, "rows_committed": 7, "completed_rows": 28, "expected_rows": 252}
{"phase": "holdout", "case": "turbo_holdout_umi_12prb", "ebno_db": 6.0, "rep": 4, "rows_committed": 7, "completed_rows": 35, "expected_rows": 252}
{"phase": "holdout", "case": "turbo_holdout_umi_12prb", "ebno_db": 6.0, "rep": 5, "rows_committed": 7, "completed_rows": 42, "expected_rows": 252}
{"phase": "holdout", "case": "turbo_holdout_umi_12prb", "ebno_db": 6.0, "rep": 6, "rows_committed": 7, "completed_rows": 49, "expected_rows": 252}
{"phase": "holdout", "case": "turbo_holdout_umi_12prb", "ebno_db": 6.0, "rep": 7, "rows_committed": 7, "completed_rows": 56, "expected_rows": 252}
{"phase": "holdout", "case": "turbo_holdout_umi_12prb", "ebno_db": 6.0, "rep": 8, "rows_committed": 7, "completed_rows": 63, "expected_rows": 252}
{"phase": "holdout", "case": "turbo_holdout_umi_12prb", "ebno_db": 6.0, "rep": 9, "rows_committed": 7, "completed_rows": 70, "expected_rows": 252}
{"phase": "holdout", "case": "turbo_holdout_umi_12prb", "ebno_db": 6.0, "rep": 10, "rows_committed": 7, "completed_rows": 77, "expected_rows": 252}
{"phase": "holdout", "case": "turbo_holdout_umi_12prb", "ebno_db": 6.0, "rep": 11, "rows_committed": 7, "completed_rows": 84, "expected_rows": 252}
{"phase": "holdout", "case": "turbo_holdout_umi_12prb", "ebno_db": 10.0, "rep": 0, "rows_committed": 7, "completed_rows": 91, "expected_rows": 252}
{"phase": "holdout", "case": "turbo_holdout_umi_12prb", "ebno_db": 10.0, "rep": 1, "rows_committed": 7, "completed_rows": 98, "expected_rows": 252}
{"phase": "holdout", "case": "turbo_holdout_umi_12prb", "ebno_db": 10.0, "rep": 2, "rows_committed": 7, "completed_rows": 105, "expected_rows": 252}
{"phase": "holdout", "case": "turbo_holdout_umi_12prb", "ebno_db": 10.0, "rep": 3, "rows_committed": 7, "completed_rows": 112, "expected_rows": 252}
{"phase": "holdout", "case": "turbo_holdout_umi_12prb", "ebno_db": 10.0, "rep": 4, "rows_committed": 7, "completed_rows": 119, "expected_rows": 252}
{"phase": "holdout", "case": "turbo_holdout_umi_12prb", "ebno_db": 10.0, "rep": 5, "rows_committed": 7, "completed_rows": 126, "expected_rows": 252}
{"phase": "holdout", "case": "turbo_holdout_umi_12prb", "ebno_db": 10.0, "rep": 6, "rows_committed": 7, "completed_rows": 133, "expected_rows": 252}
{"phase": "holdout", "case": "turbo_holdout_umi_12prb", "ebno_db": 10.0, "rep": 7, "rows_committed": 7, "completed_rows": 140, "expected_rows": 252}
{"phase": "holdout", "case": "turbo_holdout_umi_12prb", "ebno_db": 10.0, "rep": 8, "rows_committed": 7, "completed_rows": 147, "expected_rows": 252}
{"phase": "holdout", "case": "turbo_holdout_umi_12prb", "ebno_db": 10.0, "rep": 9, "rows_committed": 7, "completed_rows": 154, "expected_rows": 252}
{"phase": "holdout", "case": "turbo_holdout_umi_12prb", "ebno_db": 10.0, "rep": 10, "rows_committed": 7, "completed_rows": 161, "expected_rows": 252}
{"phase": "holdout", "case": "turbo_holdout_umi_12prb", "ebno_db": 10.0, "rep": 11, "rows_committed": 7, "completed_rows": 168, "expected_rows": 252}
{"phase": "holdout", "case": "turbo_holdout_umi_12prb", "ebno_db": 14.0, "rep": 0, "rows_committed": 7, "completed_rows": 175, "expected_rows": 252}
{"phase": "holdout", "case": "turbo_holdout_umi_12prb", "ebno_db": 14.0, "rep": 1, "rows_committed": 7, "completed_rows": 182, "expected_rows": 252}
{"phase": "holdout", "case": "turbo_holdout_umi_12prb", "ebno_db": 14.0, "rep": 2, "rows_committed": 7, "completed_rows": 189, "expected_rows": 252}
{"phase": "holdout", "case": "turbo_holdout_umi_12prb", "ebno_db": 14.0, "rep": 3, "rows_committed": 7, "completed_rows": 196, "expected_rows": 252}
{"phase": "holdout", "case": "turbo_holdout_umi_12prb", "ebno_db": 14.0, "rep": 4, "rows_committed": 7, "completed_rows": 203, "expected_rows": 252}
{"phase": "holdout", "case": "turbo_holdout_umi_12prb", "ebno_db": 14.0, "rep": 5, "rows_committed": 7, "completed_rows": 210, "expected_rows": 252}
{"phase": "holdout", "case": "turbo_holdout_umi_12prb", "ebno_db": 14.0, "rep": 6, "rows_committed": 7, "completed_rows": 217, "expected_rows": 252}
{"phase": "holdout", "case": "turbo_holdout_umi_12prb", "ebno_db": 14.0, "rep": 7, "rows_committed": 7, "completed_rows": 224, "expected_rows": 252}
{"phase": "holdout", "case": "turbo_holdout_umi_12prb", "ebno_db": 14.0, "rep": 8, "rows_committed": 7, "completed_rows": 231, "expected_rows": 252}
{"phase": "holdout", "case": "turbo_holdout_umi_12prb", "ebno_db": 14.0, "rep": 9, "rows_committed": 7, "completed_rows": 238, "expected_rows": 252}
{"phase": "holdout", "case": "turbo_holdout_umi_12prb", "ebno_db": 14.0, "rep": 10, "rows_committed": 7, "completed_rows": 245, "expected_rows": 252}
{"phase": "holdout", "case": "turbo_holdout_umi_12prb", "ebno_db": 14.0, "rep": 11, "rows_committed": 7, "completed_rows": 252, "expected_rows": 252}
complete_rows: PASS
selection_holdout_disjoint: PASS
holdout_used_for_selection: NO
training_required: NO
winner_improves_pilot_only: FAIL
uncertainty_helps_after_turbo: PASS
winner_beats_ls: FAIL
winner_within_0p01_of_ls: FAIL
ls_factorized_matches_standard: PASS
oracle_soft_data_has_value: FAIL
no_high_snr_reversal: FAIL
coverage_reasonable: FAIL
normalized_error_reasonable: FAIL
WINNER: turbo_f05_r0125
CLASSIFICATION: GATE1_POSTERIOR_BASIS_LOCALIZATION_REQUIRED
NEXT_ACTION: REPLACE_GLOBAL_RFF_WITH_LOCALIZED_DELAY_DOPPLER_POSTERIOR
PUBLICATION_NR_READY: NO
Prepared /lustre10/scratch/rsadve1/revised_TWC/outputs/github_artifacts
