manifest: PASS
preconditions: PASS
pure_torch_multiscale: PASS
ls_alignment_self_test: PASS
cuda_compute_node: PASS
sionna_2_0_1: PASS
selected_detector_contract: PASS
shared_parameter_identity: PASS
each_grid_has_gradient: PASS
each_case_posterior_finite: PASS
each_case_positive_variance: PASS
ls_estimator_factorization_path: PASS
ls_estimator_effective_grid_alignment: PASS
mixed_case_gradients: PASS
optimizer_updates_all_parameters: PASS
nr_ldpc_paths: PASS
checkpoint_roundtrip: PASS
CLASSIFICATION: GATE1_NR_POSTERIOR_FACTORIAL_SMOKE_PASS
SCREEN_READY: YES
PUBLICATION_NR_READY: NO
Prepared /lustre10/scratch/rsadve1/revised_TWC/outputs/github_artifacts
