manifest: PASS
preconditions: PASS
pure_torch_fractional_gaussian_update: PASS
cuda_compute_node: PASS
sionna_2_0_1: PASS
public_posterior_latent_exposure_exact: PASS
soft_data_update_finite: PASS
soft_data_covariance_psd: PASS
oracle_data_covariance_psd: PASS
posterior_information_increases: PASS
fixed_routing_graph_preserved: PASS
nr_ldpc_decode_paths: PASS
ls_factorization_preserved: PASS
gradient_to_posterior_operator: PASS
turbo_adds_no_trainable_parameters: PASS
source_contract: PASS
CLASSIFICATION: GATE1_NR_TURBO_POSTERIOR_SMOKE_PASS
SCREEN_READY: YES
TURBO_TRAINABLE_PARAMETERS: 0
PUBLICATION_NR_READY: NO
Prepared /lustre10/scratch/rsadve1/revised_TWC/outputs/github_artifacts
