GATE1_NR_GRID_SCALE_AUDIT_PREFLIGHT_PASS
EXPECTED_ROWS 360
PRB_GRID [4, 8, 12]
FOUR_PRB_REFERENCE_EQUIVALENCE YES
{"case": "grid_audit_umi_t1_4prb_4u", "num_prb": 4, "ebno_db": 6.0, "rep": 0, "rows_committed": 4, "completed_rows": 4, "expected_rows": 360}
{"case": "grid_audit_umi_t1_4prb_4u", "num_prb": 4, "ebno_db": 6.0, "rep": 1, "rows_committed": 4, "completed_rows": 8, "expected_rows": 360}
{"case": "grid_audit_umi_t1_4prb_4u", "num_prb": 4, "ebno_db": 6.0, "rep": 2, "rows_committed": 4, "completed_rows": 12, "expected_rows": 360}
{"case": "grid_audit_umi_t1_4prb_4u", "num_prb": 4, "ebno_db": 6.0, "rep": 3, "rows_committed": 4, "completed_rows": 16, "expected_rows": 360}
{"case": "grid_audit_umi_t1_4prb_4u", "num_prb": 4, "ebno_db": 6.0, "rep": 4, "rows_committed": 4, "completed_rows": 20, "expected_rows": 360}
{"case": "grid_audit_umi_t1_4prb_4u", "num_prb": 4, "ebno_db": 6.0, "rep": 5, "rows_committed": 4, "completed_rows": 24, "expected_rows": 360}
{"case": "grid_audit_umi_t1_4prb_4u", "num_prb": 4, "ebno_db": 6.0, "rep": 6, "rows_committed": 4, "completed_rows": 28, "expected_rows": 360}
{"case": "grid_audit_umi_t1_4prb_4u", "num_prb": 4, "ebno_db": 6.0, "rep": 7, "rows_committed": 4, "completed_rows": 32, "expected_rows": 360}
{"case": "grid_audit_umi_t1_4prb_4u", "num_prb": 4, "ebno_db": 6.0, "rep": 8, "rows_committed": 4, "completed_rows": 36, "expected_rows": 360}
{"case": "grid_audit_umi_t1_4prb_4u", "num_prb": 4, "ebno_db": 6.0, "rep": 9, "rows_committed": 4, "completed_rows": 40, "expected_rows": 360}
{"case": "grid_audit_umi_t1_4prb_4u", "num_prb": 4, "ebno_db": 10.0, "rep": 0, "rows_committed": 4, "completed_rows": 44, "expected_rows": 360}
{"case": "grid_audit_umi_t1_4prb_4u", "num_prb": 4, "ebno_db": 10.0, "rep": 1, "rows_committed": 4, "completed_rows": 48, "expected_rows": 360}
{"case": "grid_audit_umi_t1_4prb_4u", "num_prb": 4, "ebno_db": 10.0, "rep": 2, "rows_committed": 4, "completed_rows": 52, "expected_rows": 360}
{"case": "grid_audit_umi_t1_4prb_4u", "num_prb": 4, "ebno_db": 10.0, "rep": 3, "rows_committed": 4, "completed_rows": 56, "expected_rows": 360}
{"case": "grid_audit_umi_t1_4prb_4u", "num_prb": 4, "ebno_db": 10.0, "rep": 4, "rows_committed": 4, "completed_rows": 60, "expected_rows": 360}
{"case": "grid_audit_umi_t1_4prb_4u", "num_prb": 4, "ebno_db": 10.0, "rep": 5, "rows_committed": 4, "completed_rows": 64, "expected_rows": 360}
{"case": "grid_audit_umi_t1_4prb_4u", "num_prb": 4, "ebno_db": 10.0, "rep": 6, "rows_committed": 4, "completed_rows": 68, "expected_rows": 360}
{"case": "grid_audit_umi_t1_4prb_4u", "num_prb": 4, "ebno_db": 10.0, "rep": 7, "rows_committed": 4, "completed_rows": 72, "expected_rows": 360}
{"case": "grid_audit_umi_t1_4prb_4u", "num_prb": 4, "ebno_db": 10.0, "rep": 8, "rows_committed": 4, "completed_rows": 76, "expected_rows": 360}
{"case": "grid_audit_umi_t1_4prb_4u", "num_prb": 4, "ebno_db": 10.0, "rep": 9, "rows_committed": 4, "completed_rows": 80, "expected_rows": 360}
{"case": "grid_audit_umi_t1_4prb_4u", "num_prb": 4, "ebno_db": 14.0, "rep": 0, "rows_committed": 4, "completed_rows": 84, "expected_rows": 360}
{"case": "grid_audit_umi_t1_4prb_4u", "num_prb": 4, "ebno_db": 14.0, "rep": 1, "rows_committed": 4, "completed_rows": 88, "expected_rows": 360}
{"case": "grid_audit_umi_t1_4prb_4u", "num_prb": 4, "ebno_db": 14.0, "rep": 2, "rows_committed": 4, "completed_rows": 92, "expected_rows": 360}
{"case": "grid_audit_umi_t1_4prb_4u", "num_prb": 4, "ebno_db": 14.0, "rep": 3, "rows_committed": 4, "completed_rows": 96, "expected_rows": 360}
{"case": "grid_audit_umi_t1_4prb_4u", "num_prb": 4, "ebno_db": 14.0, "rep": 4, "rows_committed": 4, "completed_rows": 100, "expected_rows": 360}
{"case": "grid_audit_umi_t1_4prb_4u", "num_prb": 4, "ebno_db": 14.0, "rep": 5, "rows_committed": 4, "completed_rows": 104, "expected_rows": 360}
{"case": "grid_audit_umi_t1_4prb_4u", "num_prb": 4, "ebno_db": 14.0, "rep": 6, "rows_committed": 4, "completed_rows": 108, "expected_rows": 360}
{"case": "grid_audit_umi_t1_4prb_4u", "num_prb": 4, "ebno_db": 14.0, "rep": 7, "rows_committed": 4, "completed_rows": 112, "expected_rows": 360}
{"case": "grid_audit_umi_t1_4prb_4u", "num_prb": 4, "ebno_db": 14.0, "rep": 8, "rows_committed": 4, "completed_rows": 116, "expected_rows": 360}
{"case": "grid_audit_umi_t1_4prb_4u", "num_prb": 4, "ebno_db": 14.0, "rep": 9, "rows_committed": 4, "completed_rows": 120, "expected_rows": 360}
{"case": "grid_audit_umi_t1_8prb_4u", "num_prb": 8, "ebno_db": 6.0, "rep": 0, "rows_committed": 4, "completed_rows": 124, "expected_rows": 360}
{"case": "grid_audit_umi_t1_8prb_4u", "num_prb": 8, "ebno_db": 6.0, "rep": 1, "rows_committed": 4, "completed_rows": 128, "expected_rows": 360}
{"case": "grid_audit_umi_t1_8prb_4u", "num_prb": 8, "ebno_db": 6.0, "rep": 2, "rows_committed": 4, "completed_rows": 132, "expected_rows": 360}
{"case": "grid_audit_umi_t1_8prb_4u", "num_prb": 8, "ebno_db": 6.0, "rep": 3, "rows_committed": 4, "completed_rows": 136, "expected_rows": 360}
{"case": "grid_audit_umi_t1_8prb_4u", "num_prb": 8, "ebno_db": 6.0, "rep": 4, "rows_committed": 4, "completed_rows": 140, "expected_rows": 360}
{"case": "grid_audit_umi_t1_8prb_4u", "num_prb": 8, "ebno_db": 6.0, "rep": 5, "rows_committed": 4, "completed_rows": 144, "expected_rows": 360}
{"case": "grid_audit_umi_t1_8prb_4u", "num_prb": 8, "ebno_db": 6.0, "rep": 6, "rows_committed": 4, "completed_rows": 148, "expected_rows": 360}
{"case": "grid_audit_umi_t1_8prb_4u", "num_prb": 8, "ebno_db": 6.0, "rep": 7, "rows_committed": 4, "completed_rows": 152, "expected_rows": 360}
{"case": "grid_audit_umi_t1_8prb_4u", "num_prb": 8, "ebno_db": 6.0, "rep": 8, "rows_committed": 4, "completed_rows": 156, "expected_rows": 360}
{"case": "grid_audit_umi_t1_8prb_4u", "num_prb": 8, "ebno_db": 6.0, "rep": 9, "rows_committed": 4, "completed_rows": 160, "expected_rows": 360}
{"case": "grid_audit_umi_t1_8prb_4u", "num_prb": 8, "ebno_db": 10.0, "rep": 0, "rows_committed": 4, "completed_rows": 164, "expected_rows": 360}
{"case": "grid_audit_umi_t1_8prb_4u", "num_prb": 8, "ebno_db": 10.0, "rep": 1, "rows_committed": 4, "completed_rows": 168, "expected_rows": 360}
{"case": "grid_audit_umi_t1_8prb_4u", "num_prb": 8, "ebno_db": 10.0, "rep": 2, "rows_committed": 4, "completed_rows": 172, "expected_rows": 360}
{"case": "grid_audit_umi_t1_8prb_4u", "num_prb": 8, "ebno_db": 10.0, "rep": 3, "rows_committed": 4, "completed_rows": 176, "expected_rows": 360}
{"case": "grid_audit_umi_t1_8prb_4u", "num_prb": 8, "ebno_db": 10.0, "rep": 4, "rows_committed": 4, "completed_rows": 180, "expected_rows": 360}
{"case": "grid_audit_umi_t1_8prb_4u", "num_prb": 8, "ebno_db": 10.0, "rep": 5, "rows_committed": 4, "completed_rows": 184, "expected_rows": 360}
{"case": "grid_audit_umi_t1_8prb_4u", "num_prb": 8, "ebno_db": 10.0, "rep": 6, "rows_committed": 4, "completed_rows": 188, "expected_rows": 360}
{"case": "grid_audit_umi_t1_8prb_4u", "num_prb": 8, "ebno_db": 10.0, "rep": 7, "rows_committed": 4, "completed_rows": 192, "expected_rows": 360}
{"case": "grid_audit_umi_t1_8prb_4u", "num_prb": 8, "ebno_db": 10.0, "rep": 8, "rows_committed": 4, "completed_rows": 196, "expected_rows": 360}
{"case": "grid_audit_umi_t1_8prb_4u", "num_prb": 8, "ebno_db": 10.0, "rep": 9, "rows_committed": 4, "completed_rows": 200, "expected_rows": 360}
{"case": "grid_audit_umi_t1_8prb_4u", "num_prb": 8, "ebno_db": 14.0, "rep": 0, "rows_committed": 4, "completed_rows": 204, "expected_rows": 360}
{"case": "grid_audit_umi_t1_8prb_4u", "num_prb": 8, "ebno_db": 14.0, "rep": 1, "rows_committed": 4, "completed_rows": 208, "expected_rows": 360}
{"case": "grid_audit_umi_t1_8prb_4u", "num_prb": 8, "ebno_db": 14.0, "rep": 2, "rows_committed": 4, "completed_rows": 212, "expected_rows": 360}
{"case": "grid_audit_umi_t1_8prb_4u", "num_prb": 8, "ebno_db": 14.0, "rep": 3, "rows_committed": 4, "completed_rows": 216, "expected_rows": 360}
{"case": "grid_audit_umi_t1_8prb_4u", "num_prb": 8, "ebno_db": 14.0, "rep": 4, "rows_committed": 4, "completed_rows": 220, "expected_rows": 360}
{"case": "grid_audit_umi_t1_8prb_4u", "num_prb": 8, "ebno_db": 14.0, "rep": 5, "rows_committed": 4, "completed_rows": 224, "expected_rows": 360}
{"case": "grid_audit_umi_t1_8prb_4u", "num_prb": 8, "ebno_db": 14.0, "rep": 6, "rows_committed": 4, "completed_rows": 228, "expected_rows": 360}
{"case": "grid_audit_umi_t1_8prb_4u", "num_prb": 8, "ebno_db": 14.0, "rep": 7, "rows_committed": 4, "completed_rows": 232, "expected_rows": 360}
{"case": "grid_audit_umi_t1_8prb_4u", "num_prb": 8, "ebno_db": 14.0, "rep": 8, "rows_committed": 4, "completed_rows": 236, "expected_rows": 360}
{"case": "grid_audit_umi_t1_8prb_4u", "num_prb": 8, "ebno_db": 14.0, "rep": 9, "rows_committed": 4, "completed_rows": 240, "expected_rows": 360}
{"case": "grid_audit_umi_t1_12prb_4u", "num_prb": 12, "ebno_db": 6.0, "rep": 0, "rows_committed": 4, "completed_rows": 244, "expected_rows": 360}
{"case": "grid_audit_umi_t1_12prb_4u", "num_prb": 12, "ebno_db": 6.0, "rep": 1, "rows_committed": 4, "completed_rows": 248, "expected_rows": 360}
{"case": "grid_audit_umi_t1_12prb_4u", "num_prb": 12, "ebno_db": 6.0, "rep": 2, "rows_committed": 4, "completed_rows": 252, "expected_rows": 360}
{"case": "grid_audit_umi_t1_12prb_4u", "num_prb": 12, "ebno_db": 6.0, "rep": 3, "rows_committed": 4, "completed_rows": 256, "expected_rows": 360}
{"case": "grid_audit_umi_t1_12prb_4u", "num_prb": 12, "ebno_db": 6.0, "rep": 4, "rows_committed": 4, "completed_rows": 260, "expected_rows": 360}
{"case": "grid_audit_umi_t1_12prb_4u", "num_prb": 12, "ebno_db": 6.0, "rep": 5, "rows_committed": 4, "completed_rows": 264, "expected_rows": 360}
{"case": "grid_audit_umi_t1_12prb_4u", "num_prb": 12, "ebno_db": 6.0, "rep": 6, "rows_committed": 4, "completed_rows": 268, "expected_rows": 360}
{"case": "grid_audit_umi_t1_12prb_4u", "num_prb": 12, "ebno_db": 6.0, "rep": 7, "rows_committed": 4, "completed_rows": 272, "expected_rows": 360}
{"case": "grid_audit_umi_t1_12prb_4u", "num_prb": 12, "ebno_db": 6.0, "rep": 8, "rows_committed": 4, "completed_rows": 276, "expected_rows": 360}
{"case": "grid_audit_umi_t1_12prb_4u", "num_prb": 12, "ebno_db": 6.0, "rep": 9, "rows_committed": 4, "completed_rows": 280, "expected_rows": 360}
{"case": "grid_audit_umi_t1_12prb_4u", "num_prb": 12, "ebno_db": 10.0, "rep": 0, "rows_committed": 4, "completed_rows": 284, "expected_rows": 360}
{"case": "grid_audit_umi_t1_12prb_4u", "num_prb": 12, "ebno_db": 10.0, "rep": 1, "rows_committed": 4, "completed_rows": 288, "expected_rows": 360}
{"case": "grid_audit_umi_t1_12prb_4u", "num_prb": 12, "ebno_db": 10.0, "rep": 2, "rows_committed": 4, "completed_rows": 292, "expected_rows": 360}
{"case": "grid_audit_umi_t1_12prb_4u", "num_prb": 12, "ebno_db": 10.0, "rep": 3, "rows_committed": 4, "completed_rows": 296, "expected_rows": 360}
{"case": "grid_audit_umi_t1_12prb_4u", "num_prb": 12, "ebno_db": 10.0, "rep": 4, "rows_committed": 4, "completed_rows": 300, "expected_rows": 360}
{"case": "grid_audit_umi_t1_12prb_4u", "num_prb": 12, "ebno_db": 10.0, "rep": 5, "rows_committed": 4, "completed_rows": 304, "expected_rows": 360}
{"case": "grid_audit_umi_t1_12prb_4u", "num_prb": 12, "ebno_db": 10.0, "rep": 6, "rows_committed": 4, "completed_rows": 308, "expected_rows": 360}
{"case": "grid_audit_umi_t1_12prb_4u", "num_prb": 12, "ebno_db": 10.0, "rep": 7, "rows_committed": 4, "completed_rows": 312, "expected_rows": 360}
{"case": "grid_audit_umi_t1_12prb_4u", "num_prb": 12, "ebno_db": 10.0, "rep": 8, "rows_committed": 4, "completed_rows": 316, "expected_rows": 360}
{"case": "grid_audit_umi_t1_12prb_4u", "num_prb": 12, "ebno_db": 10.0, "rep": 9, "rows_committed": 4, "completed_rows": 320, "expected_rows": 360}
{"case": "grid_audit_umi_t1_12prb_4u", "num_prb": 12, "ebno_db": 14.0, "rep": 0, "rows_committed": 4, "completed_rows": 324, "expected_rows": 360}
{"case": "grid_audit_umi_t1_12prb_4u", "num_prb": 12, "ebno_db": 14.0, "rep": 1, "rows_committed": 4, "completed_rows": 328, "expected_rows": 360}
{"case": "grid_audit_umi_t1_12prb_4u", "num_prb": 12, "ebno_db": 14.0, "rep": 2, "rows_committed": 4, "completed_rows": 332, "expected_rows": 360}
{"case": "grid_audit_umi_t1_12prb_4u", "num_prb": 12, "ebno_db": 14.0, "rep": 3, "rows_committed": 4, "completed_rows": 336, "expected_rows": 360}
{"case": "grid_audit_umi_t1_12prb_4u", "num_prb": 12, "ebno_db": 14.0, "rep": 4, "rows_committed": 4, "completed_rows": 340, "expected_rows": 360}
{"case": "grid_audit_umi_t1_12prb_4u", "num_prb": 12, "ebno_db": 14.0, "rep": 5, "rows_committed": 4, "completed_rows": 344, "expected_rows": 360}
{"case": "grid_audit_umi_t1_12prb_4u", "num_prb": 12, "ebno_db": 14.0, "rep": 6, "rows_committed": 4, "completed_rows": 348, "expected_rows": 360}
{"case": "grid_audit_umi_t1_12prb_4u", "num_prb": 12, "ebno_db": 14.0, "rep": 7, "rows_committed": 4, "completed_rows": 352, "expected_rows": 360}
{"case": "grid_audit_umi_t1_12prb_4u", "num_prb": 12, "ebno_db": 14.0, "rep": 8, "rows_committed": 4, "completed_rows": 356, "expected_rows": 360}
{"case": "grid_audit_umi_t1_12prb_4u", "num_prb": 12, "ebno_db": 14.0, "rep": 9, "rows_committed": 4, "completed_rows": 360, "expected_rows": 360}
complete_rows: PASS
all_core_metrics_finite: PASS
four_prb_coordinate_equivalence: PASS
four_prb_output_equivalence: PASS
wide_grid_tbler_improves: FAIL
wide_grid_nll_improves: FAIL
wide_grid_nmse_improves: FAIL
wide_grid_calibration_improves: FAIL
physical_no_strict_reversal: FAIL
CLASSIFICATION: GRID_SCALE_COORDINATE_HYPOTHESIS_NOT_SUPPORTED
NEXT_ACTION: EXPAND_OR_LOCALIZE_POSTERIOR_KERNEL_BASIS
PUBLICATION_NR_READY: NO
Prepared /lustre10/scratch/rsadve1/revised_TWC/outputs/github_artifacts
