W0809 16:05:39.546000 1103726 torch/utils/flop_counter.py:29] triton not found; flop counting will not work for triton kernels
Traceback (most recent call last):
  File "/lustre10/scratch/rsadve1/revised_TWC/scripts/gate1_nr_evidence.py", line 1065, in <module>
    main()
  File "/lustre10/scratch/rsadve1/revised_TWC/scripts/gate1_nr_evidence.py", line 1010, in main
    trained, train_summary, _ = train_or_resume(
                                ^^^^^^^^^^^^^^^^
  File "/lustre10/scratch/rsadve1/revised_TWC/scripts/gate1_nr_evidence.py", line 283, in train_or_resume
    validation = fixed_validation_nll(
                 ^^^^^^^^^^^^^^^^^^^^^
  File "/lustre10/scratch/rsadve1/revised_TWC/scripts/gate1_nr_evidence.py", line 150, in fixed_validation_nll
    batch = context.sample(batch_size=batch_size, ebno_db=ebno_db)
            ^^^^^^^^^^^^^^^^^^^^^^^^^^^^^^^^^^^^^^^^^^^^^^^^^^^^^^
  File "/lustre10/scratch/rsadve1/revised_TWC/src/bayesroute/nr_gate1.py", line 176, in sample
    self.new_topology(int(batch_size))
  File "/lustre10/scratch/rsadve1/revised_TWC/src/bayesroute/nr_gate1.py", line 171, in new_topology
    self.channel_model.set_topology(*topology)
  File "/lustre10/scratch/rsadve1/revised_TWC/.venv/lib/python3.11/site-packages/sionna/phy/channel/tr38901/system_level_channel.py", line 166, in set_topology
    need_for_update = self._scenario.set_topology(
                      ^^^^^^^^^^^^^^^^^^^^^^^^^^^^
  File "/lustre10/scratch/rsadve1/revised_TWC/.venv/lib/python3.11/site-packages/sionna/phy/channel/tr38901/system_level_scenario.py", line 519, in set_topology
    self._update_attr("_ut_loc", self._convert(ut_loc))
  File "/lustre10/scratch/rsadve1/revised_TWC/.venv/lib/python3.11/site-packages/sionna/phy/channel/tr38901/system_level_scenario.py", line 414, in _update_attr
    raise RuntimeError(
RuntimeError: Cannot change shape of '_ut_loc'. Expected torch.Size([16, 4, 3]), got torch.Size([24, 4, 3]). Call reset_topology() before changing batch_size/num_ut/num_bs.
