{"extension_step": 0, "global_step": 1600, "case": "extension_train_umi_4prb", "num_prb": 4, "ebno_db": -2.0, "learning_rate": 0.001, "loss": 0.3523392081260681, "coded_bit_nll": 0.4130047559738159, "channel_nll": -1.2282822132110596, "calibration_penalty": 0.014971693977713585, "gradient_norm": 0.12913751602172852, "validation_score": 0.26621123964056076, "contract_signature": "7722cd57d7150b6b501e788a3ea59646d0c28c1b826373802b794df74c3c2802"}
{"extension_step": 40, "global_step": 1640, "case": "extension_train_umi_4prb", "num_prb": 4, "ebno_db": -0.20946137161588507, "learning_rate": 0.0009987653915080397, "loss": 0.23151852190494537, "coded_bit_nll": 0.31370049715042114, "channel_nll": -1.742217779159546, "calibration_penalty": 0.09857845306396484, "gradient_norm": 0.06758281588554382, "validation_score": NaN, "contract_signature": "7722cd57d7150b6b501e788a3ea59646d0c28c1b826373802b794df74c3c2802"}
{"extension_step": 80, "global_step": 1680, "case": "extension_train_umi_4prb", "num_prb": 4, "ebno_db": 1.5810772567682299, "learning_rate": 0.000995069187322801, "loss": 0.212490513920784, "coded_bit_nll": 0.28881779313087463, "channel_nll": -1.5435906648635864, "calibration_penalty": 0.017045173794031143, "gradient_norm": 0.179977148771286, "validation_score": NaN, "contract_signature": "7722cd57d7150b6b501e788a3ea59646d0c28c1b826373802b794df74c3c2802"}
{"extension_step": 120, "global_step": 1720, "case": "extension_train_umi_4prb", "num_prb": 4, "ebno_db": 3.3716158851523446, "learning_rate": 0.0009889342042696597, "loss": 0.11414866894483566, "coded_bit_nll": 0.2097974270582199, "channel_nll": -2.1318156719207764, "calibration_penalty": 0.21884050965309143, "gradient_norm": 0.14650093019008636, "validation_score": NaN, "contract_signature": "7722cd57d7150b6b501e788a3ea59646d0c28c1b826373802b794df74c3c2802"}
{"extension_step": 160, "global_step": 1760, "case": "extension_train_umi_4prb", "num_prb": 4, "ebno_db": 5.16215451353646, "learning_rate": 0.0009803983138594924, "loss": 0.058630961924791336, "coded_bit_nll": 0.16278041899204254, "channel_nll": -2.3274130821228027, "calibration_penalty": 0.2444239854812622, "gradient_norm": 0.17748016119003296, "validation_score": NaN, "contract_signature": "7722cd57d7150b6b501e788a3ea59646d0c28c1b826373802b794df74c3c2802"}
{"extension_step": 200, "global_step": 1800, "case": "extension_train_umi_4prb", "num_prb": 4, "ebno_db": 6.952693141920575, "learning_rate": 0.0009695142085062338, "loss": 0.04322361573576927, "coded_bit_nll": 0.1452064961194992, "channel_nll": -2.043731212615967, "calibration_penalty": 0.004073625430464745, "gradient_norm": 0.1816529780626297, "validation_score": 0.26887710329358044, "contract_signature": "7722cd57d7150b6b501e788a3ea59646d0c28c1b826373802b794df74c3c2802"}
{"extension_step": 240, "global_step": 1840, "case": "extension_train_umi_4prb", "num_prb": 4, "ebno_db": 8.74323177030469, "learning_rate": 0.0009563490762543662, "loss": -0.03909074515104294, "coded_bit_nll": 0.07472450286149979, "channel_nll": -2.505303382873535, "calibration_penalty": 0.2289983630180359, "gradient_norm": 0.16420751810073853, "validation_score": NaN, "contract_signature": "7722cd57d7150b6b501e788a3ea59646d0c28c1b826373802b794df74c3c2802"}
{"extension_step": 280, "global_step": 1880, "case": "extension_train_umi_4prb", "num_prb": 4, "ebno_db": 10.533770398688803, "learning_rate": 0.0009409841860242695, "loss": 0.026859935373067856, "coded_bit_nll": 0.13726814091205597, "channel_nll": -2.209826946258545, "calibration_penalty": 0.0016628805315122008, "gradient_norm": 0.18858832120895386, "validation_score": NaN, "contract_signature": "7722cd57d7150b6b501e788a3ea59646d0c28c1b826373802b794df74c3c2802"}
{"extension_step": 320, "global_step": 1920, "case": "extension_train_umi_4prb", "num_prb": 4, "ebno_db": 12.32430902707292, "learning_rate": 0.0009235143859357242, "loss": -0.07417412102222443, "coded_bit_nll": 0.041142478585243225, "channel_nll": -2.3129665851593018, "calibration_penalty": 0.006634534802287817, "gradient_norm": 0.03874494880437851, "validation_score": NaN, "contract_signature": "7722cd57d7150b6b501e788a3ea59646d0c28c1b826373802b794df74c3c2802"}
{"extension_step": 360, "global_step": 1960, "case": "extension_train_umi_4prb", "num_prb": 4, "ebno_db": -1.8851523445429663, "learning_rate": 0.0009040475178064412, "loss": 0.3329256474971771, "coded_bit_nll": 0.3951932191848755, "channel_nll": -1.2555674314498901, "calibration_penalty": 0.010215956717729568, "gradient_norm": 0.12330682575702667, "validation_score": NaN, "contract_signature": "7722cd57d7150b6b501e788a3ea59646d0c28c1b826373802b794df74c3c2802"}
{"extension_step": 400, "global_step": 2000, "case": "extension_train_umi_4prb", "num_prb": 4, "ebno_db": -0.09461371615885161, "learning_rate": 0.0008827037514399418, "loss": 0.2532922327518463, "coded_bit_nll": 0.3339217007160187, "channel_nll": -1.6137491464614868, "calibration_penalty": 0.0011597853153944016, "gradient_norm": 0.11120519042015076, "validation_score": 0.26642858614719844, "contract_signature": "7722cd57d7150b6b501e788a3ea59646d0c28c1b826373802b794df74c3c2802"}
{"extension_step": 440, "global_step": 2040, "case": "extension_train_umi_4prb", "num_prb": 4, "ebno_db": 1.6959249122252635, "learning_rate": 0.0008596148428122585, "loss": 0.14548571407794952, "coded_bit_nll": 0.24144776165485382, "channel_nll": -2.093043565750122, "calibration_penalty": 0.17380261421203613, "gradient_norm": 0.0938984602689743, "validation_score": NaN, "contract_signature": "7722cd57d7150b6b501e788a3ea59646d0c28c1b826373802b794df74c3c2802"}
{"extension_step": 480, "global_step": 2080, "case": "extension_train_umi_4prb", "num_prb": 4, "ebno_db": 3.4864635406093782, "learning_rate": 0.0008349233207367005, "loss": 0.12618432939052582, "coded_bit_nll": 0.22618018090724945, "channel_nll": -2.029794692993164, "calibration_penalty": 0.02987786941230297, "gradient_norm": 0.021343624219298363, "validation_score": NaN, "contract_signature": "7722cd57d7150b6b501e788a3ea59646d0c28c1b826373802b794df74c3c2802"}
{"extension_step": 520, "global_step": 2120, "case": "extension_train_umi_4prb", "num_prb": 4, "ebno_db": 5.277002168993493, "learning_rate": 0.0008087816070274375, "loss": 0.05627407133579254, "coded_bit_nll": 0.1492433100938797, "channel_nll": -1.876681923866272, "calibration_penalty": 0.017297131940722466, "gradient_norm": 0.19398248195648193, "validation_score": NaN, "contract_signature": "7722cd57d7150b6b501e788a3ea59646d0c28c1b826373802b794df74c3c2802"}
{"extension_step": 560, "global_step": 2160, "case": "extension_train_umi_4prb", "num_prb": 4, "ebno_db": 7.0675407973776085, "learning_rate": 0.0007813510755931683, "loss": 0.037715159356594086, "coded_bit_nll": 0.13368012011051178, "channel_nll": -1.9428939819335938, "calibration_penalty": 0.02359476499259472, "gradient_norm": 0.19250625371932983, "validation_score": NaN, "contract_signature": "7722cd57d7150b6b501e788a3ea59646d0c28c1b826373802b794df74c3c2802"}
{"extension_step": 600, "global_step": 2200, "case": "extension_train_umi_4prb", "num_prb": 4, "ebno_db": 8.858079425761723, "learning_rate": 0.000752801056269132, "loss": -0.05739232152700424, "coded_bit_nll": 0.05460386723279953, "channel_nll": -2.5499610900878906, "calibration_penalty": 0.31003740429878235, "gradient_norm": 0.22194522619247437, "validation_score": 0.26413187032755014, "contract_signature": "7722cd57d7150b6b501e788a3ea59646d0c28c1b826373802b794df74c3c2802"}
{"extension_step": 640, "global_step": 2240, "case": "extension_train_umi_4prb", "num_prb": 4, "ebno_db": 10.648618054145837, "learning_rate": 0.0007233077895368437, "loss": -0.07621562480926514, "coded_bit_nll": 0.021488064900040627, "channel_nll": -2.8714282512664795, "calibration_penalty": 0.9173546433448792, "gradient_norm": 0.4019482433795929, "validation_score": NaN, "contract_signature": "7722cd57d7150b6b501e788a3ea59646d0c28c1b826373802b794df74c3c2802"}
{"extension_step": 680, "global_step": 2280, "case": "extension_train_umi_4prb", "num_prb": 4, "ebno_db": 12.439156682529953, "learning_rate": 0.0006930533385841204, "loss": -0.02656208723783493, "coded_bit_nll": 0.010855848900973797, "channel_nll": -3.006056070327759, "calibration_penalty": 2.257697343826294, "gradient_norm": 0.647545576095581, "validation_score": NaN, "contract_signature": "7722cd57d7150b6b501e788a3ea59646d0c28c1b826373802b794df74c3c2802"}
{"extension_step": 720, "global_step": 2320, "case": "extension_train_umi_4prb", "num_prb": 4, "ebno_db": -1.7703046890859326, "learning_rate": 0.000662224465421291, "loss": 0.32882270216941833, "coded_bit_nll": 0.4010232985019684, "channel_nll": -1.4455145597457886, "calibration_penalty": 0.0015026372857391834, "gradient_norm": 0.061139434576034546, "validation_score": NaN, "contract_signature": "7722cd57d7150b6b501e788a3ea59646d0c28c1b826373802b794df74c3c2802"}
{"extension_step": 760, "global_step": 2360, "case": "extension_train_umi_4prb", "num_prb": 4, "ebno_db": 0.02023393929818207, "learning_rate": 0.0006310114779913776, "loss": 0.28856563568115234, "coded_bit_nll": 0.35093870759010315, "channel_nll": -1.3067986965179443, "calibration_penalty": 0.05933761969208717, "gradient_norm": 0.18078993260860443, "validation_score": NaN, "contract_signature": "7722cd57d7150b6b501e788a3ea59646d0c28c1b826373802b794df74c3c2802"}
{"extension_step": 800, "global_step": 2400, "case": "extension_train_umi_4prb", "num_prb": 4, "ebno_db": 1.8107725676822968, "learning_rate": 0.0005996070553910822, "loss": 0.1757737696170807, "coded_bit_nll": 0.26519814133644104, "channel_nll": -1.7927597761154175, "calibration_penalty": 0.004272607620805502, "gradient_norm": 0.0664052814245224, "validation_score": 0.26378498716637283, "contract_signature": "7722cd57d7150b6b501e788a3ea59646d0c28c1b826373802b794df74c3c2802"}
{"extension_step": 840, "global_step": 2440, "case": "extension_train_umi_4prb", "num_prb": 4, "ebno_db": 3.601311196066412, "learning_rate": 0.0005682050584545418, "loss": 0.09947621822357178, "coded_bit_nll": 0.19750435650348663, "channel_nll": -1.9741744995117188, "calibration_penalty": 0.013611716218292713, "gradient_norm": 0.04711933806538582, "validation_score": NaN, "contract_signature": "7722cd57d7150b6b501e788a3ea59646d0c28c1b826373802b794df74c3c2802"}
{"extension_step": 880, "global_step": 2480, "case": "extension_train_umi_4prb", "num_prb": 4, "ebno_db": 5.391849824450527, "learning_rate": 0.0005369993330421686, "loss": 0.03699571266770363, "coded_bit_nll": 0.14471210539340973, "channel_nll": -2.249677896499634, "calibration_penalty": 0.09535008668899536, "gradient_norm": 0.0529523603618145, "validation_score": NaN, "contract_signature": "7722cd57d7150b6b501e788a3ea59646d0c28c1b826373802b794df74c3c2802"}
{"extension_step": 920, "global_step": 2520, "case": "extension_train_umi_4prb", "num_prb": 4, "ebno_db": 7.182388452834642, "learning_rate": 0.0005061825134219219, "loss": 0.0199282169342041, "coded_bit_nll": 0.1254231482744217, "channel_nll": -2.4921844005584717, "calibration_penalty": 0.38228586316108704, "gradient_norm": 0.22811877727508545, "validation_score": NaN, "contract_signature": "7722cd57d7150b6b501e788a3ea59646d0c28c1b826373802b794df74c3c2802"}
{"extension_step": 960, "global_step": 2560, "case": "extension_train_umi_4prb", "num_prb": 4, "ebno_db": 8.972927081218756, "learning_rate": 0.0004759448331297934, "loss": 0.016707126051187515, "coded_bit_nll": 0.11707813292741776, "channel_nll": -2.0280587673187256, "calibration_penalty": 0.02063864842057228, "gradient_norm": 0.15962974727153778, "validation_score": NaN, "contract_signature": "7722cd57d7150b6b501e788a3ea59646d0c28c1b826373802b794df74c3c2802"}
{"extension_step": 1000, "global_step": 2600, "case": "extension_train_umi_4prb", "num_prb": 4, "ebno_db": 10.76346570960287, "learning_rate": 0.0004464729506501125, "loss": -0.09400580823421478, "coded_bit_nll": 0.027084320783615112, "channel_nll": -2.6627449989318848, "calibration_penalty": 0.24094258248806, "gradient_norm": 0.19516409933567047, "validation_score": 0.26561723270253906, "contract_signature": "7722cd57d7150b6b501e788a3ea59646d0c28c1b826373802b794df74c3c2802"}
{"extension_step": 1040, "global_step": 2640, "case": "extension_train_umi_4prb", "num_prb": 4, "ebno_db": 12.554004337986987, "learning_rate": 0.00041794879716479665, "loss": -0.013701969757676125, "coded_bit_nll": 0.10477188974618912, "channel_nll": -2.381201982498169, "calibration_penalty": 0.011724787764251232, "gradient_norm": 0.1248616874217987, "validation_score": NaN, "contract_signature": "7722cd57d7150b6b501e788a3ea59646d0c28c1b826373802b794df74c3c2802"}
{"extension_step": 1080, "global_step": 2680, "case": "extension_train_umi_4prb", "num_prb": 4, "ebno_db": -1.6554570336288992, "learning_rate": 0.0003905484534844402, "loss": 0.3240945637226105, "coded_bit_nll": 0.4007606506347656, "channel_nll": -1.5569661855697632, "calibration_penalty": 0.023644814267754555, "gradient_norm": 0.03023264743387699, "validation_score": NaN, "contract_signature": "7722cd57d7150b6b501e788a3ea59646d0c28c1b826373802b794df74c3c2802"}
{"extension_step": 1120, "global_step": 2720, "case": "extension_train_umi_4prb", "num_prb": 4, "ebno_db": 0.13508159475521575, "learning_rate": 0.00036444106309399527, "loss": 0.22732585668563843, "coded_bit_nll": 0.3084983229637146, "channel_nll": -1.6248539686203003, "calibration_penalty": 0.0014047875301912427, "gradient_norm": 0.048027779906988144, "validation_score": NaN, "contract_signature": "7722cd57d7150b6b501e788a3ea59646d0c28c1b826373802b794df74c3c2802"}
{"extension_step": 1160, "global_step": 2760, "case": "extension_train_umi_4prb", "num_prb": 4, "ebno_db": 1.9256202231393305, "learning_rate": 0.0003397877880228569, "loss": 0.1204211488366127, "coded_bit_nll": 0.21358256042003632, "channel_nll": -2.163039445877075, "calibration_penalty": 0.2998112738132477, "gradient_norm": 0.16364151239395142, "validation_score": NaN, "contract_signature": "7722cd57d7150b6b501e788a3ea59646d0c28c1b826373802b794df74c3c2802"}
{"extension_step": 1200, "global_step": 2800, "case": "extension_train_umi_4prb", "num_prb": 4, "ebno_db": 3.7161588515234456, "learning_rate": 0.00031674081398481226, "loss": 0.09029992669820786, "coded_bit_nll": 0.1931249052286148, "channel_nll": -2.152973175048828, "calibration_penalty": 0.09647367894649506, "gradient_norm": 0.06705261766910553, "validation_score": 0.2639830617055681, "contract_signature": "7722cd57d7150b6b501e788a3ea59646d0c28c1b826373802b794df74c3c2802"}
{"extension_step": 1240, "global_step": 2840, "case": "extension_train_umi_4prb", "num_prb": 4, "ebno_db": 5.50669747990756, "learning_rate": 0.000295442410929168, "loss": 0.09209846705198288, "coded_bit_nll": 0.16597387194633484, "channel_nll": -1.6040979623794556, "calibration_penalty": 0.1265898197889328, "gradient_norm": 0.2742762267589569, "validation_score": NaN, "contract_signature": "7722cd57d7150b6b501e788a3ea59646d0c28c1b826373802b794df74c3c2802"}
{"extension_step": 1280, "global_step": 2880, "case": "extension_train_umi_4prb", "num_prb": 4, "ebno_db": 7.297236108291676, "learning_rate": 0.0002760240548023128, "loss": -0.02285391464829445, "coded_bit_nll": 0.0701259970664978, "channel_nll": -2.704868793487549, "calibration_penalty": 0.8452706933021545, "gradient_norm": 0.37812280654907227, "validation_score": NaN, "contract_signature": "7722cd57d7150b6b501e788a3ea59646d0c28c1b826373802b794df74c3c2802"}
{"extension_step": 1320, "global_step": 2920, "case": "extension_train_umi_4prb", "num_prb": 4, "ebno_db": 9.08777473667579, "learning_rate": 0.0002586056159411172, "loss": 0.01801355928182602, "coded_bit_nll": 0.09373549371957779, "channel_nll": -1.6790196895599365, "calibration_penalty": 0.1645810753107071, "gradient_norm": 0.31294459104537964, "validation_score": NaN, "contract_signature": "7722cd57d7150b6b501e788a3ea59646d0c28c1b826373802b794df74c3c2802"}
{"extension_step": 1360, "global_step": 2960, "case": "extension_train_umi_4prb", "num_prb": 4, "ebno_db": 10.878313365059904, "learning_rate": 0.0002432946191082547, "loss": 0.06833664327859879, "coded_bit_nll": 0.15477167069911957, "channel_nll": -1.8347142934799194, "calibration_penalty": 0.10601374506950378, "gradient_norm": 0.41846486926078796, "validation_score": NaN, "contract_signature": "7722cd57d7150b6b501e788a3ea59646d0c28c1b826373802b794df74c3c2802"}
{"extension_step": 1400, "global_step": 3000, "case": "extension_train_umi_4prb", "num_prb": 4, "ebno_db": 12.66885199344402, "learning_rate": 0.00023018557973727668, "loss": -0.08111921697854996, "coded_bit_nll": 0.03700234368443489, "channel_nll": -2.715777635574341, "calibration_penalty": 0.3533465564250946, "gradient_norm": 0.23805087804794312, "validation_score": 0.26385141747176183, "contract_signature": "7722cd57d7150b6b501e788a3ea59646d0c28c1b826373802b794df74c3c2802"}
{"extension_step": 1440, "global_step": 3040, "case": "extension_train_umi_4prb", "num_prb": 4, "ebno_db": -1.5406093781718655, "learning_rate": 0.00021935942048482719, "loss": 0.3355144262313843, "coded_bit_nll": 0.39759039878845215, "channel_nll": -1.2625807523727417, "calibration_penalty": 0.021061595529317856, "gradient_norm": 0.11926953494548798, "validation_score": NaN, "contract_signature": "7722cd57d7150b6b501e788a3ea59646d0c28c1b826373802b794df74c3c2802"}
{"extension_step": 1480, "global_step": 3080, "case": "extension_train_umi_4prb", "num_prb": 4, "ebno_db": 0.24992925021224943, "learning_rate": 0.00021088297169164828, "loss": 0.2620626986026764, "coded_bit_nll": 0.3357299864292145, "channel_nll": -1.4821457862854004, "calibration_penalty": 0.008800085633993149, "gradient_norm": 0.09771744161844254, "validation_score": NaN, "contract_signature": "7722cd57d7150b6b501e788a3ea59646d0c28c1b826373802b794df74c3c2802"}
{"extension_step": 1520, "global_step": 3120, "case": "extension_train_umi_4prb", "num_prb": 4, "ebno_db": 2.040467878596364, "learning_rate": 0.0002048085588360485, "loss": 0.13209907710552216, "coded_bit_nll": 0.22821415960788727, "channel_nll": -2.0541157722473145, "calibration_penalty": 0.1318141669034958, "gradient_norm": 0.08654054254293442, "validation_score": NaN, "contract_signature": "7722cd57d7150b6b501e788a3ea59646d0c28c1b826373802b794df74c3c2802"}
{"extension_step": 1560, "global_step": 3160, "case": "extension_train_umi_4prb", "num_prb": 4, "ebno_db": 3.8310065069804793, "learning_rate": 0.00020117367952650383, "loss": 0.11280234158039093, "coded_bit_nll": 0.20875133574008942, "channel_nll": -1.920013666152954, "calibration_penalty": 0.0010339152067899704, "gradient_norm": 0.051748644560575485, "validation_score": NaN, "contract_signature": "7722cd57d7150b6b501e788a3ea59646d0c28c1b826373802b794df74c3c2802"}
{"extension_step": 1599, "global_step": 3199, "case": "extension_train_umi_8prb", "num_prb": 8, "ebno_db": -1.0965147104558688, "learning_rate": 0.0002, "loss": 0.31214115023612976, "coded_bit_nll": 0.38614168763160706, "channel_nll": -1.774569034576416, "calibration_penalty": 0.29455816745758057, "gradient_norm": 0.18025530874729156, "validation_score": 0.26327723800601033, "contract_signature": "7722cd57d7150b6b501e788a3ea59646d0c28c1b826373802b794df74c3c2802"}
{"case": "extension_eval_umi_4prb", "num_prb": 4, "ebno_db": 6.0, "rep": 0, "rows_committed": 6, "completed_rows": 6, "expected_rows": 648}
{"case": "extension_eval_umi_4prb", "num_prb": 4, "ebno_db": 6.0, "rep": 1, "rows_committed": 6, "completed_rows": 12, "expected_rows": 648}
{"case": "extension_eval_umi_4prb", "num_prb": 4, "ebno_db": 6.0, "rep": 2, "rows_committed": 6, "completed_rows": 18, "expected_rows": 648}
{"case": "extension_eval_umi_4prb", "num_prb": 4, "ebno_db": 6.0, "rep": 3, "rows_committed": 6, "completed_rows": 24, "expected_rows": 648}
{"case": "extension_eval_umi_4prb", "num_prb": 4, "ebno_db": 6.0, "rep": 4, "rows_committed": 6, "completed_rows": 30, "expected_rows": 648}
{"case": "extension_eval_umi_4prb", "num_prb": 4, "ebno_db": 6.0, "rep": 5, "rows_committed": 6, "completed_rows": 36, "expected_rows": 648}
{"case": "extension_eval_umi_4prb", "num_prb": 4, "ebno_db": 6.0, "rep": 6, "rows_committed": 6, "completed_rows": 42, "expected_rows": 648}
{"case": "extension_eval_umi_4prb", "num_prb": 4, "ebno_db": 6.0, "rep": 7, "rows_committed": 6, "completed_rows": 48, "expected_rows": 648}
{"case": "extension_eval_umi_4prb", "num_prb": 4, "ebno_db": 6.0, "rep": 8, "rows_committed": 6, "completed_rows": 54, "expected_rows": 648}
{"case": "extension_eval_umi_4prb", "num_prb": 4, "ebno_db": 6.0, "rep": 9, "rows_committed": 6, "completed_rows": 60, "expected_rows": 648}
{"case": "extension_eval_umi_4prb", "num_prb": 4, "ebno_db": 6.0, "rep": 10, "rows_committed": 6, "completed_rows": 66, "expected_rows": 648}
{"case": "extension_eval_umi_4prb", "num_prb": 4, "ebno_db": 6.0, "rep": 11, "rows_committed": 6, "completed_rows": 72, "expected_rows": 648}
{"case": "extension_eval_umi_4prb", "num_prb": 4, "ebno_db": 10.0, "rep": 0, "rows_committed": 6, "completed_rows": 78, "expected_rows": 648}
{"case": "extension_eval_umi_4prb", "num_prb": 4, "ebno_db": 10.0, "rep": 1, "rows_committed": 6, "completed_rows": 84, "expected_rows": 648}
{"case": "extension_eval_umi_4prb", "num_prb": 4, "ebno_db": 10.0, "rep": 2, "rows_committed": 6, "completed_rows": 90, "expected_rows": 648}
{"case": "extension_eval_umi_4prb", "num_prb": 4, "ebno_db": 10.0, "rep": 3, "rows_committed": 6, "completed_rows": 96, "expected_rows": 648}
{"case": "extension_eval_umi_4prb", "num_prb": 4, "ebno_db": 10.0, "rep": 4, "rows_committed": 6, "completed_rows": 102, "expected_rows": 648}
{"case": "extension_eval_umi_4prb", "num_prb": 4, "ebno_db": 10.0, "rep": 5, "rows_committed": 6, "completed_rows": 108, "expected_rows": 648}
{"case": "extension_eval_umi_4prb", "num_prb": 4, "ebno_db": 10.0, "rep": 6, "rows_committed": 6, "completed_rows": 114, "expected_rows": 648}
{"case": "extension_eval_umi_4prb", "num_prb": 4, "ebno_db": 10.0, "rep": 7, "rows_committed": 6, "completed_rows": 120, "expected_rows": 648}
{"case": "extension_eval_umi_4prb", "num_prb": 4, "ebno_db": 10.0, "rep": 8, "rows_committed": 6, "completed_rows": 126, "expected_rows": 648}
{"case": "extension_eval_umi_4prb", "num_prb": 4, "ebno_db": 10.0, "rep": 9, "rows_committed": 6, "completed_rows": 132, "expected_rows": 648}
{"case": "extension_eval_umi_4prb", "num_prb": 4, "ebno_db": 10.0, "rep": 10, "rows_committed": 6, "completed_rows": 138, "expected_rows": 648}
{"case": "extension_eval_umi_4prb", "num_prb": 4, "ebno_db": 10.0, "rep": 11, "rows_committed": 6, "completed_rows": 144, "expected_rows": 648}
{"case": "extension_eval_umi_4prb", "num_prb": 4, "ebno_db": 14.0, "rep": 0, "rows_committed": 6, "completed_rows": 150, "expected_rows": 648}
{"case": "extension_eval_umi_4prb", "num_prb": 4, "ebno_db": 14.0, "rep": 1, "rows_committed": 6, "completed_rows": 156, "expected_rows": 648}
{"case": "extension_eval_umi_4prb", "num_prb": 4, "ebno_db": 14.0, "rep": 2, "rows_committed": 6, "completed_rows": 162, "expected_rows": 648}
{"case": "extension_eval_umi_4prb", "num_prb": 4, "ebno_db": 14.0, "rep": 3, "rows_committed": 6, "completed_rows": 168, "expected_rows": 648}
{"case": "extension_eval_umi_4prb", "num_prb": 4, "ebno_db": 14.0, "rep": 4, "rows_committed": 6, "completed_rows": 174, "expected_rows": 648}
{"case": "extension_eval_umi_4prb", "num_prb": 4, "ebno_db": 14.0, "rep": 5, "rows_committed": 6, "completed_rows": 180, "expected_rows": 648}
{"case": "extension_eval_umi_4prb", "num_prb": 4, "ebno_db": 14.0, "rep": 6, "rows_committed": 6, "completed_rows": 186, "expected_rows": 648}
{"case": "extension_eval_umi_4prb", "num_prb": 4, "ebno_db": 14.0, "rep": 7, "rows_committed": 6, "completed_rows": 192, "expected_rows": 648}
{"case": "extension_eval_umi_4prb", "num_prb": 4, "ebno_db": 14.0, "rep": 8, "rows_committed": 6, "completed_rows": 198, "expected_rows": 648}
{"case": "extension_eval_umi_4prb", "num_prb": 4, "ebno_db": 14.0, "rep": 9, "rows_committed": 6, "completed_rows": 204, "expected_rows": 648}
{"case": "extension_eval_umi_4prb", "num_prb": 4, "ebno_db": 14.0, "rep": 10, "rows_committed": 6, "completed_rows": 210, "expected_rows": 648}
{"case": "extension_eval_umi_4prb", "num_prb": 4, "ebno_db": 14.0, "rep": 11, "rows_committed": 6, "completed_rows": 216, "expected_rows": 648}
{"case": "extension_eval_umi_8prb", "num_prb": 8, "ebno_db": 6.0, "rep": 0, "rows_committed": 6, "completed_rows": 222, "expected_rows": 648}
{"case": "extension_eval_umi_8prb", "num_prb": 8, "ebno_db": 6.0, "rep": 1, "rows_committed": 6, "completed_rows": 228, "expected_rows": 648}
{"case": "extension_eval_umi_8prb", "num_prb": 8, "ebno_db": 6.0, "rep": 2, "rows_committed": 6, "completed_rows": 234, "expected_rows": 648}
{"case": "extension_eval_umi_8prb", "num_prb": 8, "ebno_db": 6.0, "rep": 3, "rows_committed": 6, "completed_rows": 240, "expected_rows": 648}
{"case": "extension_eval_umi_8prb", "num_prb": 8, "ebno_db": 6.0, "rep": 4, "rows_committed": 6, "completed_rows": 246, "expected_rows": 648}
{"case": "extension_eval_umi_8prb", "num_prb": 8, "ebno_db": 6.0, "rep": 5, "rows_committed": 6, "completed_rows": 252, "expected_rows": 648}
{"case": "extension_eval_umi_8prb", "num_prb": 8, "ebno_db": 6.0, "rep": 6, "rows_committed": 6, "completed_rows": 258, "expected_rows": 648}
{"case": "extension_eval_umi_8prb", "num_prb": 8, "ebno_db": 6.0, "rep": 7, "rows_committed": 6, "completed_rows": 264, "expected_rows": 648}
{"case": "extension_eval_umi_8prb", "num_prb": 8, "ebno_db": 6.0, "rep": 8, "rows_committed": 6, "completed_rows": 270, "expected_rows": 648}
{"case": "extension_eval_umi_8prb", "num_prb": 8, "ebno_db": 6.0, "rep": 9, "rows_committed": 6, "completed_rows": 276, "expected_rows": 648}
{"case": "extension_eval_umi_8prb", "num_prb": 8, "ebno_db": 6.0, "rep": 10, "rows_committed": 6, "completed_rows": 282, "expected_rows": 648}
{"case": "extension_eval_umi_8prb", "num_prb": 8, "ebno_db": 6.0, "rep": 11, "rows_committed": 6, "completed_rows": 288, "expected_rows": 648}
{"case": "extension_eval_umi_8prb", "num_prb": 8, "ebno_db": 10.0, "rep": 0, "rows_committed": 6, "completed_rows": 294, "expected_rows": 648}
{"case": "extension_eval_umi_8prb", "num_prb": 8, "ebno_db": 10.0, "rep": 1, "rows_committed": 6, "completed_rows": 300, "expected_rows": 648}
{"case": "extension_eval_umi_8prb", "num_prb": 8, "ebno_db": 10.0, "rep": 2, "rows_committed": 6, "completed_rows": 306, "expected_rows": 648}
{"case": "extension_eval_umi_8prb", "num_prb": 8, "ebno_db": 10.0, "rep": 3, "rows_committed": 6, "completed_rows": 312, "expected_rows": 648}
{"case": "extension_eval_umi_8prb", "num_prb": 8, "ebno_db": 10.0, "rep": 4, "rows_committed": 6, "completed_rows": 318, "expected_rows": 648}
{"case": "extension_eval_umi_8prb", "num_prb": 8, "ebno_db": 10.0, "rep": 5, "rows_committed": 6, "completed_rows": 324, "expected_rows": 648}
{"case": "extension_eval_umi_8prb", "num_prb": 8, "ebno_db": 10.0, "rep": 6, "rows_committed": 6, "completed_rows": 330, "expected_rows": 648}
{"case": "extension_eval_umi_8prb", "num_prb": 8, "ebno_db": 10.0, "rep": 7, "rows_committed": 6, "completed_rows": 336, "expected_rows": 648}
{"case": "extension_eval_umi_8prb", "num_prb": 8, "ebno_db": 10.0, "rep": 8, "rows_committed": 6, "completed_rows": 342, "expected_rows": 648}
{"case": "extension_eval_umi_8prb", "num_prb": 8, "ebno_db": 10.0, "rep": 9, "rows_committed": 6, "completed_rows": 348, "expected_rows": 648}
{"case": "extension_eval_umi_8prb", "num_prb": 8, "ebno_db": 10.0, "rep": 10, "rows_committed": 6, "completed_rows": 354, "expected_rows": 648}
{"case": "extension_eval_umi_8prb", "num_prb": 8, "ebno_db": 10.0, "rep": 11, "rows_committed": 6, "completed_rows": 360, "expected_rows": 648}
{"case": "extension_eval_umi_8prb", "num_prb": 8, "ebno_db": 14.0, "rep": 0, "rows_committed": 6, "completed_rows": 366, "expected_rows": 648}
{"case": "extension_eval_umi_8prb", "num_prb": 8, "ebno_db": 14.0, "rep": 1, "rows_committed": 6, "completed_rows": 372, "expected_rows": 648}
{"case": "extension_eval_umi_8prb", "num_prb": 8, "ebno_db": 14.0, "rep": 2, "rows_committed": 6, "completed_rows": 378, "expected_rows": 648}
{"case": "extension_eval_umi_8prb", "num_prb": 8, "ebno_db": 14.0, "rep": 3, "rows_committed": 6, "completed_rows": 384, "expected_rows": 648}
{"case": "extension_eval_umi_8prb", "num_prb": 8, "ebno_db": 14.0, "rep": 4, "rows_committed": 6, "completed_rows": 390, "expected_rows": 648}
{"case": "extension_eval_umi_8prb", "num_prb": 8, "ebno_db": 14.0, "rep": 5, "rows_committed": 6, "completed_rows": 396, "expected_rows": 648}
{"case": "extension_eval_umi_8prb", "num_prb": 8, "ebno_db": 14.0, "rep": 6, "rows_committed": 6, "completed_rows": 402, "expected_rows": 648}
{"case": "extension_eval_umi_8prb", "num_prb": 8, "ebno_db": 14.0, "rep": 7, "rows_committed": 6, "completed_rows": 408, "expected_rows": 648}
{"case": "extension_eval_umi_8prb", "num_prb": 8, "ebno_db": 14.0, "rep": 8, "rows_committed": 6, "completed_rows": 414, "expected_rows": 648}
{"case": "extension_eval_umi_8prb", "num_prb": 8, "ebno_db": 14.0, "rep": 9, "rows_committed": 6, "completed_rows": 420, "expected_rows": 648}
{"case": "extension_eval_umi_8prb", "num_prb": 8, "ebno_db": 14.0, "rep": 10, "rows_committed": 6, "completed_rows": 426, "expected_rows": 648}
{"case": "extension_eval_umi_8prb", "num_prb": 8, "ebno_db": 14.0, "rep": 11, "rows_committed": 6, "completed_rows": 432, "expected_rows": 648}
{"case": "extension_holdout_umi_12prb", "num_prb": 12, "ebno_db": 6.0, "rep": 0, "rows_committed": 6, "completed_rows": 438, "expected_rows": 648}
{"case": "extension_holdout_umi_12prb", "num_prb": 12, "ebno_db": 6.0, "rep": 1, "rows_committed": 6, "completed_rows": 444, "expected_rows": 648}
{"case": "extension_holdout_umi_12prb", "num_prb": 12, "ebno_db": 6.0, "rep": 2, "rows_committed": 6, "completed_rows": 450, "expected_rows": 648}
{"case": "extension_holdout_umi_12prb", "num_prb": 12, "ebno_db": 6.0, "rep": 3, "rows_committed": 6, "completed_rows": 456, "expected_rows": 648}
{"case": "extension_holdout_umi_12prb", "num_prb": 12, "ebno_db": 6.0, "rep": 4, "rows_committed": 6, "completed_rows": 462, "expected_rows": 648}
{"case": "extension_holdout_umi_12prb", "num_prb": 12, "ebno_db": 6.0, "rep": 5, "rows_committed": 6, "completed_rows": 468, "expected_rows": 648}
{"case": "extension_holdout_umi_12prb", "num_prb": 12, "ebno_db": 6.0, "rep": 6, "rows_committed": 6, "completed_rows": 474, "expected_rows": 648}
{"case": "extension_holdout_umi_12prb", "num_prb": 12, "ebno_db": 6.0, "rep": 7, "rows_committed": 6, "completed_rows": 480, "expected_rows": 648}
{"case": "extension_holdout_umi_12prb", "num_prb": 12, "ebno_db": 6.0, "rep": 8, "rows_committed": 6, "completed_rows": 486, "expected_rows": 648}
{"case": "extension_holdout_umi_12prb", "num_prb": 12, "ebno_db": 6.0, "rep": 9, "rows_committed": 6, "completed_rows": 492, "expected_rows": 648}
{"case": "extension_holdout_umi_12prb", "num_prb": 12, "ebno_db": 6.0, "rep": 10, "rows_committed": 6, "completed_rows": 498, "expected_rows": 648}
{"case": "extension_holdout_umi_12prb", "num_prb": 12, "ebno_db": 6.0, "rep": 11, "rows_committed": 6, "completed_rows": 504, "expected_rows": 648}
{"case": "extension_holdout_umi_12prb", "num_prb": 12, "ebno_db": 10.0, "rep": 0, "rows_committed": 6, "completed_rows": 510, "expected_rows": 648}
{"case": "extension_holdout_umi_12prb", "num_prb": 12, "ebno_db": 10.0, "rep": 1, "rows_committed": 6, "completed_rows": 516, "expected_rows": 648}
{"case": "extension_holdout_umi_12prb", "num_prb": 12, "ebno_db": 10.0, "rep": 2, "rows_committed": 6, "completed_rows": 522, "expected_rows": 648}
{"case": "extension_holdout_umi_12prb", "num_prb": 12, "ebno_db": 10.0, "rep": 3, "rows_committed": 6, "completed_rows": 528, "expected_rows": 648}
{"case": "extension_holdout_umi_12prb", "num_prb": 12, "ebno_db": 10.0, "rep": 4, "rows_committed": 6, "completed_rows": 534, "expected_rows": 648}
{"case": "extension_holdout_umi_12prb", "num_prb": 12, "ebno_db": 10.0, "rep": 5, "rows_committed": 6, "completed_rows": 540, "expected_rows": 648}
{"case": "extension_holdout_umi_12prb", "num_prb": 12, "ebno_db": 10.0, "rep": 6, "rows_committed": 6, "completed_rows": 546, "expected_rows": 648}
{"case": "extension_holdout_umi_12prb", "num_prb": 12, "ebno_db": 10.0, "rep": 7, "rows_committed": 6, "completed_rows": 552, "expected_rows": 648}
{"case": "extension_holdout_umi_12prb", "num_prb": 12, "ebno_db": 10.0, "rep": 8, "rows_committed": 6, "completed_rows": 558, "expected_rows": 648}
{"case": "extension_holdout_umi_12prb", "num_prb": 12, "ebno_db": 10.0, "rep": 9, "rows_committed": 6, "completed_rows": 564, "expected_rows": 648}
{"case": "extension_holdout_umi_12prb", "num_prb": 12, "ebno_db": 10.0, "rep": 10, "rows_committed": 6, "completed_rows": 570, "expected_rows": 648}
{"case": "extension_holdout_umi_12prb", "num_prb": 12, "ebno_db": 10.0, "rep": 11, "rows_committed": 6, "completed_rows": 576, "expected_rows": 648}
{"case": "extension_holdout_umi_12prb", "num_prb": 12, "ebno_db": 14.0, "rep": 0, "rows_committed": 6, "completed_rows": 582, "expected_rows": 648}
{"case": "extension_holdout_umi_12prb", "num_prb": 12, "ebno_db": 14.0, "rep": 1, "rows_committed": 6, "completed_rows": 588, "expected_rows": 648}
{"case": "extension_holdout_umi_12prb", "num_prb": 12, "ebno_db": 14.0, "rep": 2, "rows_committed": 6, "completed_rows": 594, "expected_rows": 648}
{"case": "extension_holdout_umi_12prb", "num_prb": 12, "ebno_db": 14.0, "rep": 3, "rows_committed": 6, "completed_rows": 600, "expected_rows": 648}
{"case": "extension_holdout_umi_12prb", "num_prb": 12, "ebno_db": 14.0, "rep": 4, "rows_committed": 6, "completed_rows": 606, "expected_rows": 648}
{"case": "extension_holdout_umi_12prb", "num_prb": 12, "ebno_db": 14.0, "rep": 5, "rows_committed": 6, "completed_rows": 612, "expected_rows": 648}
{"case": "extension_holdout_umi_12prb", "num_prb": 12, "ebno_db": 14.0, "rep": 6, "rows_committed": 6, "completed_rows": 618, "expected_rows": 648}
{"case": "extension_holdout_umi_12prb", "num_prb": 12, "ebno_db": 14.0, "rep": 7, "rows_committed": 6, "completed_rows": 624, "expected_rows": 648}
{"case": "extension_holdout_umi_12prb", "num_prb": 12, "ebno_db": 14.0, "rep": 8, "rows_committed": 6, "completed_rows": 630, "expected_rows": 648}
{"case": "extension_holdout_umi_12prb", "num_prb": 12, "ebno_db": 14.0, "rep": 9, "rows_committed": 6, "completed_rows": 636, "expected_rows": 648}
{"case": "extension_holdout_umi_12prb", "num_prb": 12, "ebno_db": 14.0, "rep": 10, "rows_committed": 6, "completed_rows": 642, "expected_rows": 648}
{"case": "extension_holdout_umi_12prb", "num_prb": 12, "ebno_db": 14.0, "rep": 11, "rows_committed": 6, "completed_rows": 648, "expected_rows": 648}
training_complete: PASS
equal_4prb_8prb_extension_exposure: PASS
fresh_12prb_holdout_frozen_until_training_complete: PASS
complete_rows: PASS
complete_rows: PASS
all_metrics_finite: PASS
extension_validation_improves: PASS
extension_training_converged: PASS
extension_improves_original_12prb: PASS
uncertainty_helps_extended: PASS
extended_beats_ls: FAIL
extended_within_0p02_of_ls: FAIL
ls_factorized_detector_close_to_standard: PASS
no_12prb_high_snr_reversal: FAIL
12prb_coverage_reasonable: FAIL
12prb_normalized_error_reasonable: PASS
CLASSIFICATION: GATE1_TURBO_REFINEMENT_REQUIRED
NEXT_ACTION: ADD_ONE_PRINCIPLED_DATA_AIDED_POSTERIOR_UPDATE
PUBLICATION_NR_READY: NO
Prepared /lustre10/scratch/rsadve1/revised_TWC/outputs/github_artifacts
