{"case": "diag_umi_type1_2user_2layer", "ebno_db": -2.0, "rep": 0, "rows_committed": 18, "completed_keys": 18}
{"case": "diag_umi_type1_2user_2layer", "ebno_db": -2.0, "rep": 1, "rows_committed": 18, "completed_keys": 36}
{"case": "diag_umi_type1_2user_2layer", "ebno_db": -2.0, "rep": 2, "rows_committed": 18, "completed_keys": 54}
{"case": "diag_umi_type1_2user_2layer", "ebno_db": -2.0, "rep": 3, "rows_committed": 18, "completed_keys": 72}
{"case": "diag_umi_type1_2user_2layer", "ebno_db": -2.0, "rep": 4, "rows_committed": 18, "completed_keys": 90}
{"case": "diag_umi_type1_2user_2layer", "ebno_db": -2.0, "rep": 5, "rows_committed": 18, "completed_keys": 108}
{"case": "diag_umi_type1_2user_2layer", "ebno_db": -2.0, "rep": 6, "rows_committed": 18, "completed_keys": 126}
{"case": "diag_umi_type1_2user_2layer", "ebno_db": -2.0, "rep": 7, "rows_committed": 18, "completed_keys": 144}
{"case": "diag_umi_type1_2user_2layer", "ebno_db": 2.0, "rep": 0, "rows_committed": 18, "completed_keys": 162}
{"case": "diag_umi_type1_2user_2layer", "ebno_db": 2.0, "rep": 1, "rows_committed": 18, "completed_keys": 180}
{"case": "diag_umi_type1_2user_2layer", "ebno_db": 2.0, "rep": 2, "rows_committed": 18, "completed_keys": 198}
{"case": "diag_umi_type1_2user_2layer", "ebno_db": 2.0, "rep": 3, "rows_committed": 18, "completed_keys": 216}
{"case": "diag_umi_type1_2user_2layer", "ebno_db": 2.0, "rep": 4, "rows_committed": 18, "completed_keys": 234}
{"case": "diag_umi_type1_2user_2layer", "ebno_db": 2.0, "rep": 5, "rows_committed": 18, "completed_keys": 252}
{"case": "diag_umi_type1_2user_2layer", "ebno_db": 2.0, "rep": 6, "rows_committed": 18, "completed_keys": 270}
{"case": "diag_umi_type1_2user_2layer", "ebno_db": 2.0, "rep": 7, "rows_committed": 18, "completed_keys": 288}
{"case": "diag_umi_type1_2user_2layer", "ebno_db": 6.0, "rep": 0, "rows_committed": 18, "completed_keys": 306}
{"case": "diag_umi_type1_2user_2layer", "ebno_db": 6.0, "rep": 1, "rows_committed": 18, "completed_keys": 324}
{"case": "diag_umi_type1_2user_2layer", "ebno_db": 6.0, "rep": 2, "rows_committed": 18, "completed_keys": 342}
{"case": "diag_umi_type1_2user_2layer", "ebno_db": 6.0, "rep": 3, "rows_committed": 18, "completed_keys": 360}
{"case": "diag_umi_type1_2user_2layer", "ebno_db": 6.0, "rep": 4, "rows_committed": 18, "completed_keys": 378}
{"case": "diag_umi_type1_2user_2layer", "ebno_db": 6.0, "rep": 5, "rows_committed": 18, "completed_keys": 396}
{"case": "diag_umi_type1_2user_2layer", "ebno_db": 6.0, "rep": 6, "rows_committed": 18, "completed_keys": 414}
{"case": "diag_umi_type1_2user_2layer", "ebno_db": 6.0, "rep": 7, "rows_committed": 18, "completed_keys": 432}
{"case": "diag_umi_type1_2user_2layer", "ebno_db": 10.0, "rep": 0, "rows_committed": 18, "completed_keys": 450}
{"case": "diag_umi_type1_2user_2layer", "ebno_db": 10.0, "rep": 1, "rows_committed": 18, "completed_keys": 468}
{"case": "diag_umi_type1_2user_2layer", "ebno_db": 10.0, "rep": 2, "rows_committed": 18, "completed_keys": 486}
{"case": "diag_umi_type1_2user_2layer", "ebno_db": 10.0, "rep": 3, "rows_committed": 18, "completed_keys": 504}
{"case": "diag_umi_type1_2user_2layer", "ebno_db": 10.0, "rep": 4, "rows_committed": 18, "completed_keys": 522}
{"case": "diag_umi_type1_2user_2layer", "ebno_db": 10.0, "rep": 5, "rows_committed": 18, "completed_keys": 540}
{"case": "diag_umi_type1_2user_2layer", "ebno_db": 10.0, "rep": 6, "rows_committed": 18, "completed_keys": 558}
{"case": "diag_umi_type1_2user_2layer", "ebno_db": 10.0, "rep": 7, "rows_committed": 18, "completed_keys": 576}
{"case": "diag_umi_type2_2user_2layer", "ebno_db": -2.0, "rep": 0, "rows_committed": 18, "completed_keys": 594}
{"case": "diag_umi_type2_2user_2layer", "ebno_db": -2.0, "rep": 1, "rows_committed": 18, "completed_keys": 612}
{"case": "diag_umi_type2_2user_2layer", "ebno_db": -2.0, "rep": 2, "rows_committed": 18, "completed_keys": 630}
{"case": "diag_umi_type2_2user_2layer", "ebno_db": -2.0, "rep": 3, "rows_committed": 18, "completed_keys": 648}
{"case": "diag_umi_type2_2user_2layer", "ebno_db": -2.0, "rep": 4, "rows_committed": 18, "completed_keys": 666}
{"case": "diag_umi_type2_2user_2layer", "ebno_db": -2.0, "rep": 5, "rows_committed": 18, "completed_keys": 684}
{"case": "diag_umi_type2_2user_2layer", "ebno_db": -2.0, "rep": 6, "rows_committed": 18, "completed_keys": 702}
{"case": "diag_umi_type2_2user_2layer", "ebno_db": -2.0, "rep": 7, "rows_committed": 18, "completed_keys": 720}
{"case": "diag_umi_type2_2user_2layer", "ebno_db": 2.0, "rep": 0, "rows_committed": 18, "completed_keys": 738}
{"case": "diag_umi_type2_2user_2layer", "ebno_db": 2.0, "rep": 1, "rows_committed": 18, "completed_keys": 756}
{"case": "diag_umi_type2_2user_2layer", "ebno_db": 2.0, "rep": 2, "rows_committed": 18, "completed_keys": 774}
{"case": "diag_umi_type2_2user_2layer", "ebno_db": 2.0, "rep": 3, "rows_committed": 18, "completed_keys": 792}
{"case": "diag_umi_type2_2user_2layer", "ebno_db": 2.0, "rep": 4, "rows_committed": 18, "completed_keys": 810}
{"case": "diag_umi_type2_2user_2layer", "ebno_db": 2.0, "rep": 5, "rows_committed": 18, "completed_keys": 828}
{"case": "diag_umi_type2_2user_2layer", "ebno_db": 2.0, "rep": 6, "rows_committed": 18, "completed_keys": 846}
{"case": "diag_umi_type2_2user_2layer", "ebno_db": 2.0, "rep": 7, "rows_committed": 18, "completed_keys": 864}
{"case": "diag_umi_type2_2user_2layer", "ebno_db": 6.0, "rep": 0, "rows_committed": 18, "completed_keys": 882}
{"case": "diag_umi_type2_2user_2layer", "ebno_db": 6.0, "rep": 1, "rows_committed": 18, "completed_keys": 900}
{"case": "diag_umi_type2_2user_2layer", "ebno_db": 6.0, "rep": 2, "rows_committed": 18, "completed_keys": 918}
{"case": "diag_umi_type2_2user_2layer", "ebno_db": 6.0, "rep": 3, "rows_committed": 18, "completed_keys": 936}
{"case": "diag_umi_type2_2user_2layer", "ebno_db": 6.0, "rep": 4, "rows_committed": 18, "completed_keys": 954}
{"case": "diag_umi_type2_2user_2layer", "ebno_db": 6.0, "rep": 5, "rows_committed": 18, "completed_keys": 972}
{"case": "diag_umi_type2_2user_2layer", "ebno_db": 6.0, "rep": 6, "rows_committed": 18, "completed_keys": 990}
{"case": "diag_umi_type2_2user_2layer", "ebno_db": 6.0, "rep": 7, "rows_committed": 18, "completed_keys": 1008}
{"case": "diag_umi_type2_2user_2layer", "ebno_db": 10.0, "rep": 0, "rows_committed": 18, "completed_keys": 1026}
{"case": "diag_umi_type2_2user_2layer", "ebno_db": 10.0, "rep": 1, "rows_committed": 18, "completed_keys": 1044}
{"case": "diag_umi_type2_2user_2layer", "ebno_db": 10.0, "rep": 2, "rows_committed": 18, "completed_keys": 1062}
{"case": "diag_umi_type2_2user_2layer", "ebno_db": 10.0, "rep": 3, "rows_committed": 18, "completed_keys": 1080}
{"case": "diag_umi_type2_2user_2layer", "ebno_db": 10.0, "rep": 4, "rows_committed": 18, "completed_keys": 1098}
{"case": "diag_umi_type2_2user_2layer", "ebno_db": 10.0, "rep": 5, "rows_committed": 18, "completed_keys": 1116}
{"case": "diag_umi_type2_2user_2layer", "ebno_db": 10.0, "rep": 6, "rows_committed": 18, "completed_keys": 1134}
{"case": "diag_umi_type2_2user_2layer", "ebno_db": 10.0, "rep": 7, "rows_committed": 18, "completed_keys": 1152}
{"case": "diag_uma_type1_4user", "ebno_db": -2.0, "rep": 0, "rows_committed": 18, "completed_keys": 1170}
{"case": "diag_uma_type1_4user", "ebno_db": -2.0, "rep": 1, "rows_committed": 18, "completed_keys": 1188}
{"case": "diag_uma_type1_4user", "ebno_db": -2.0, "rep": 2, "rows_committed": 18, "completed_keys": 1206}
{"case": "diag_uma_type1_4user", "ebno_db": -2.0, "rep": 3, "rows_committed": 18, "completed_keys": 1224}
{"case": "diag_uma_type1_4user", "ebno_db": -2.0, "rep": 4, "rows_committed": 18, "completed_keys": 1242}
{"case": "diag_uma_type1_4user", "ebno_db": -2.0, "rep": 5, "rows_committed": 18, "completed_keys": 1260}
{"case": "diag_uma_type1_4user", "ebno_db": -2.0, "rep": 6, "rows_committed": 18, "completed_keys": 1278}
{"case": "diag_uma_type1_4user", "ebno_db": -2.0, "rep": 7, "rows_committed": 18, "completed_keys": 1296}
{"case": "diag_uma_type1_4user", "ebno_db": 2.0, "rep": 0, "rows_committed": 18, "completed_keys": 1314}
{"case": "diag_uma_type1_4user", "ebno_db": 2.0, "rep": 1, "rows_committed": 18, "completed_keys": 1332}
{"case": "diag_uma_type1_4user", "ebno_db": 2.0, "rep": 2, "rows_committed": 18, "completed_keys": 1350}
{"case": "diag_uma_type1_4user", "ebno_db": 2.0, "rep": 3, "rows_committed": 18, "completed_keys": 1368}
{"case": "diag_uma_type1_4user", "ebno_db": 2.0, "rep": 4, "rows_committed": 18, "completed_keys": 1386}
{"case": "diag_uma_type1_4user", "ebno_db": 2.0, "rep": 5, "rows_committed": 18, "completed_keys": 1404}
{"case": "diag_uma_type1_4user", "ebno_db": 2.0, "rep": 6, "rows_committed": 18, "completed_keys": 1422}
{"case": "diag_uma_type1_4user", "ebno_db": 2.0, "rep": 7, "rows_committed": 18, "completed_keys": 1440}
{"case": "diag_uma_type1_4user", "ebno_db": 6.0, "rep": 0, "rows_committed": 18, "completed_keys": 1458}
{"case": "diag_uma_type1_4user", "ebno_db": 6.0, "rep": 1, "rows_committed": 18, "completed_keys": 1476}
{"case": "diag_uma_type1_4user", "ebno_db": 6.0, "rep": 2, "rows_committed": 18, "completed_keys": 1494}
{"case": "diag_uma_type1_4user", "ebno_db": 6.0, "rep": 3, "rows_committed": 18, "completed_keys": 1512}
{"case": "diag_uma_type1_4user", "ebno_db": 6.0, "rep": 4, "rows_committed": 18, "completed_keys": 1530}
{"case": "diag_uma_type1_4user", "ebno_db": 6.0, "rep": 5, "rows_committed": 18, "completed_keys": 1548}
{"case": "diag_uma_type1_4user", "ebno_db": 6.0, "rep": 6, "rows_committed": 18, "completed_keys": 1566}
{"case": "diag_uma_type1_4user", "ebno_db": 6.0, "rep": 7, "rows_committed": 18, "completed_keys": 1584}
{"case": "diag_uma_type1_4user", "ebno_db": 10.0, "rep": 0, "rows_committed": 18, "completed_keys": 1602}
{"case": "diag_uma_type1_4user", "ebno_db": 10.0, "rep": 1, "rows_committed": 18, "completed_keys": 1620}
{"case": "diag_uma_type1_4user", "ebno_db": 10.0, "rep": 2, "rows_committed": 18, "completed_keys": 1638}
{"case": "diag_uma_type1_4user", "ebno_db": 10.0, "rep": 3, "rows_committed": 18, "completed_keys": 1656}
{"case": "diag_uma_type1_4user", "ebno_db": 10.0, "rep": 4, "rows_committed": 18, "completed_keys": 1674}
{"case": "diag_uma_type1_4user", "ebno_db": 10.0, "rep": 5, "rows_committed": 18, "completed_keys": 1692}
{"case": "diag_uma_type1_4user", "ebno_db": 10.0, "rep": 6, "rows_committed": 18, "completed_keys": 1710}
{"case": "diag_uma_type1_4user", "ebno_db": 10.0, "rep": 7, "rows_committed": 18, "completed_keys": 1728}
{"case": "diag_cdl_a_single_user_2layer", "ebno_db": -2.0, "rep": 0, "rows_committed": 18, "completed_keys": 1746}
{"case": "diag_cdl_a_single_user_2layer", "ebno_db": -2.0, "rep": 1, "rows_committed": 18, "completed_keys": 1764}
{"case": "diag_cdl_a_single_user_2layer", "ebno_db": -2.0, "rep": 2, "rows_committed": 18, "completed_keys": 1782}
{"case": "diag_cdl_a_single_user_2layer", "ebno_db": -2.0, "rep": 3, "rows_committed": 18, "completed_keys": 1800}
{"case": "diag_cdl_a_single_user_2layer", "ebno_db": -2.0, "rep": 4, "rows_committed": 18, "completed_keys": 1818}
{"case": "diag_cdl_a_single_user_2layer", "ebno_db": -2.0, "rep": 5, "rows_committed": 18, "completed_keys": 1836}
{"case": "diag_cdl_a_single_user_2layer", "ebno_db": -2.0, "rep": 6, "rows_committed": 18, "completed_keys": 1854}
{"case": "diag_cdl_a_single_user_2layer", "ebno_db": -2.0, "rep": 7, "rows_committed": 18, "completed_keys": 1872}
{"case": "diag_cdl_a_single_user_2layer", "ebno_db": 2.0, "rep": 0, "rows_committed": 18, "completed_keys": 1890}
{"case": "diag_cdl_a_single_user_2layer", "ebno_db": 2.0, "rep": 1, "rows_committed": 18, "completed_keys": 1908}
{"case": "diag_cdl_a_single_user_2layer", "ebno_db": 2.0, "rep": 2, "rows_committed": 18, "completed_keys": 1926}
{"case": "diag_cdl_a_single_user_2layer", "ebno_db": 2.0, "rep": 3, "rows_committed": 18, "completed_keys": 1944}
{"case": "diag_cdl_a_single_user_2layer", "ebno_db": 2.0, "rep": 4, "rows_committed": 18, "completed_keys": 1962}
{"case": "diag_cdl_a_single_user_2layer", "ebno_db": 2.0, "rep": 5, "rows_committed": 18, "completed_keys": 1980}
{"case": "diag_cdl_a_single_user_2layer", "ebno_db": 2.0, "rep": 6, "rows_committed": 18, "completed_keys": 1998}
{"case": "diag_cdl_a_single_user_2layer", "ebno_db": 2.0, "rep": 7, "rows_committed": 18, "completed_keys": 2016}
{"case": "diag_cdl_a_single_user_2layer", "ebno_db": 6.0, "rep": 0, "rows_committed": 18, "completed_keys": 2034}
{"case": "diag_cdl_a_single_user_2layer", "ebno_db": 6.0, "rep": 1, "rows_committed": 18, "completed_keys": 2052}
{"case": "diag_cdl_a_single_user_2layer", "ebno_db": 6.0, "rep": 2, "rows_committed": 18, "completed_keys": 2070}
{"case": "diag_cdl_a_single_user_2layer", "ebno_db": 6.0, "rep": 3, "rows_committed": 18, "completed_keys": 2088}
{"case": "diag_cdl_a_single_user_2layer", "ebno_db": 6.0, "rep": 4, "rows_committed": 18, "completed_keys": 2106}
{"case": "diag_cdl_a_single_user_2layer", "ebno_db": 6.0, "rep": 5, "rows_committed": 18, "completed_keys": 2124}
{"case": "diag_cdl_a_single_user_2layer", "ebno_db": 6.0, "rep": 6, "rows_committed": 18, "completed_keys": 2142}
{"case": "diag_cdl_a_single_user_2layer", "ebno_db": 6.0, "rep": 7, "rows_committed": 18, "completed_keys": 2160}
{"case": "diag_cdl_a_single_user_2layer", "ebno_db": 10.0, "rep": 0, "rows_committed": 18, "completed_keys": 2178}
{"case": "diag_cdl_a_single_user_2layer", "ebno_db": 10.0, "rep": 1, "rows_committed": 18, "completed_keys": 2196}
{"case": "diag_cdl_a_single_user_2layer", "ebno_db": 10.0, "rep": 2, "rows_committed": 18, "completed_keys": 2214}
{"case": "diag_cdl_a_single_user_2layer", "ebno_db": 10.0, "rep": 3, "rows_committed": 18, "completed_keys": 2232}
{"case": "diag_cdl_a_single_user_2layer", "ebno_db": 10.0, "rep": 4, "rows_committed": 18, "completed_keys": 2250}
{"case": "diag_cdl_a_single_user_2layer", "ebno_db": 10.0, "rep": 5, "rows_committed": 18, "completed_keys": 2268}
{"case": "diag_cdl_a_single_user_2layer", "ebno_db": 10.0, "rep": 6, "rows_committed": 18, "completed_keys": 2286}
{"case": "diag_cdl_a_single_user_2layer", "ebno_db": 10.0, "rep": 7, "rows_committed": 18, "completed_keys": 2304}
complete_rows: PASS
all_core_metrics_finite: PASS
all_variants_present: PASS
paired_seeds_complete: PASS
mean_crc_block_disagreement_below_0p5pct: PASS
uncertainty_gain_reproduced: PASS
coupling_beats_random_reproduced: PASS
graph_beats_graph_off: PASS
full_cross_layer_covariance_needed: FAIL
covariance_terms_in_graph_needed: FAIL
training_improves_coded_nll: PASS
standard_ls_lmmse_outperforms_proposed_at_high_snr: YES
true_channel_detector_far_from_perfect_lmmse: YES
four_iterations_worse_than_one_with_true_channel: NO
four_iterations_worse_than_one_with_posterior: NO
temperature_scaling_materially_reduces_high_snr_tbler: NO
variance_rescaling_materially_reduces_high_snr_tbler: NO
posterior_variance_scale_mismatch: YES
posterior_coverage_mismatch: YES
llr_temperature_far_from_one: YES
CLASSIFICATION: GATE1_DETECTOR_REPAIR_REQUIRED
NEXT_ACTION: REPLACE_SOFT_PIC_WITH_DAMPED_EXTRINSIC_EP_OR_LMMSE_EP
PGCA_AGMP_BASELINE_INCLUDED: NO
PUBLICATION_NR_READY: NO
Prepared /lustre10/scratch/rsadve1/revised_TWC/outputs/github_artifacts
