{"snr_db": 4.0, "rep": 0, "completed_variants": 18}
{"snr_db": 4.0, "rep": 1, "completed_variants": 18}
{"snr_db": 4.0, "rep": 2, "completed_variants": 18}
{"snr_db": 4.0, "rep": 3, "completed_variants": 18}
{"snr_db": 4.0, "rep": 4, "completed_variants": 18}
{"snr_db": 4.0, "rep": 5, "completed_variants": 18}
{"snr_db": 4.0, "rep": 6, "completed_variants": 18}
{"snr_db": 4.0, "rep": 7, "completed_variants": 18}
{"snr_db": 4.0, "rep": 8, "completed_variants": 18}
{"snr_db": 4.0, "rep": 9, "completed_variants": 18}
{"snr_db": 10.0, "rep": 0, "completed_variants": 18}
{"snr_db": 10.0, "rep": 1, "completed_variants": 18}
{"snr_db": 10.0, "rep": 2, "completed_variants": 18}
{"snr_db": 10.0, "rep": 3, "completed_variants": 18}
{"snr_db": 10.0, "rep": 4, "completed_variants": 18}
{"snr_db": 10.0, "rep": 5, "completed_variants": 18}
{"snr_db": 10.0, "rep": 6, "completed_variants": 18}
{"snr_db": 10.0, "rep": 7, "completed_variants": 18}
{"snr_db": 10.0, "rep": 8, "completed_variants": 18}
{"snr_db": 10.0, "rep": 9, "completed_variants": 18}
{"snr_db": 16.0, "rep": 0, "completed_variants": 18}
{"snr_db": 16.0, "rep": 1, "completed_variants": 18}
{"snr_db": 16.0, "rep": 2, "completed_variants": 18}
{"snr_db": 16.0, "rep": 3, "completed_variants": 18}
{"snr_db": 16.0, "rep": 4, "completed_variants": 18}
{"snr_db": 16.0, "rep": 5, "completed_variants": 18}
{"snr_db": 16.0, "rep": 6, "completed_variants": 18}
{"snr_db": 16.0, "rep": 7, "completed_variants": 18}
{"snr_db": 16.0, "rep": 8, "completed_variants": 18}
{"snr_db": 16.0, "rep": 9, "completed_variants": 18}
{
  "classification": "GATE0_MECHANISM_SUPPORTED",
  "diagnostic_version": "gate0_mechanism_diagnostic_v1",
  "contract_signature": "7e9865e07421e6cee75f1a2751a574da6c5b5d118cd85ca37fce442b0c393f18",
  "complete": true,
  "rows": 540,
  "expected_rows": 540,
  "variants": [
    "trained_proposed",
    "uncertainty_detector_off_fixed_graph",
    "uncertainty_detector_off_fixed_graph_calibrated",
    "uncertainty_all_off",
    "diagonal_posterior",
    "homoscedastic_posterior",
    "graph_off",
    "mean_only_graph",
    "random_graph_same_density",
    "full_graph",
    "untrained_proposed",
    "matched_posterior",
    "perfect_csi_pic_iter1",
    "perfect_csi_pic_iter2",
    "perfect_csi_pic_iter3",
    "perfect_csi_pic_iter4",
    "perfect_csi_pic_iter4_calibrated",
    "perfect_csi_lmmse"
  ],
  "snr_grid_db": [
    4.0,
    10.0,
    16.0
  ],
  "repetitions": 10,
  "checkpoint_sha256": "2358e1e19f79192d82c56b8413f878e71b51d7ecf9cd3a8bc6c584cdf7839597",
  "temperatures": {
    "4.0": {
      "uncertainty_detector_off_fixed_graph": 0.23661714792251587,
      "uncertainty_detector_off_fixed_graph_calibration_nll": 0.5905359387397766,
      "perfect_csi_pic_iter4": 0.5003843307495117,
      "perfect_csi_pic_iter4_calibration_nll": 0.374108225107193
    },
    "10.0": {
      "uncertainty_detector_off_fixed_graph": 0.12059087306261063,
      "uncertainty_detector_off_fixed_graph_calibration_nll": 0.5976389646530151,
      "perfect_csi_pic_iter4": 0.22792045772075653,
      "perfect_csi_pic_iter4_calibration_nll": 0.35785534977912903
    },
    "16.0": {
      "uncertainty_detector_off_fixed_graph": 0.0769413635134697,
      "uncertainty_detector_off_fixed_graph_calibration_nll": 0.6046416759490967,
      "perfect_csi_pic_iter4": 0.13492831587791443,
      "perfect_csi_pic_iter4_calibration_nll": 0.3510013818740845
    }
  },
  "key_paired_deltas_reference_minus_comparator": {
    "ber_vs_uncertainty_detector_off_fixed_graph": -0.027305995424588513,
    "bit_nll_vs_uncertainty_detector_off_fixed_graph": -0.9001198371251424,
    "bit_nll_vs_temperature_calibrated_off": -0.04372889796892802,
    "ber_vs_graph_off": -0.013114570577939353,
    "ber_vs_random_graph_same_density": -0.0017183274030685425,
    "ber_vs_full_graph": -0.0005438903967539414,
    "bit_nll_vs_untrained_proposed": -0.008558273315429688
  },
  "perfect_csi_diagnostics": {
    "pic4_nll_change_high_minus_low_snr": 0.7167197495698929,
    "pic4_ber_change_high_minus_low_snr": -0.036106813699007034,
    "lmmse_ber_change_high_minus_low_snr": -0.08850255989818834,
    "pic4_overconfidence_flag": true
  },
  "matched_posterior_mean_coverage95": 0.9496694405873617,
  "checks": {
    "complete_rows": true,
    "fixed_graph_uncertainty_ber_gain": true,
    "fixed_graph_uncertainty_nll_gain": true,
    "uncertainty_not_only_temperature": true,
    "coupling_graph_beats_graph_off": true,
    "coupling_graph_beats_random_same_density": true,
    "sparse_graph_not_worse_than_full_by_0p001": true,
    "training_improves_nll": true,
    "matched_posterior_coverage_near_95": true,
    "perfect_csi_lmmse_ber_improves_with_snr": true
  },
  "raw_csv": "outputs/eval/gate0_mechanism_diagnostic_eval.csv",
  "aggregate_csv": "outputs/eval/gate0_mechanism_diagnostic_aggregate.csv",
  "paired_csv": "outputs/eval/gate0_mechanism_diagnostic_paired.csv",
  "paired_summary_csv": "outputs/reports/gate0_mechanism_diagnostic_paired_summary.csv"
}
Prepared /lustre10/scratch/rsadve1/revised_TWC/outputs/github_artifacts
