{"case": "clean_seen_umi_t1_2u2l", "ebno_db": -2.0, "rep": 0, "rows_committed": 8, "completed_keys": 8, "expected_rows": 4800}
{"case": "clean_seen_umi_t1_2u2l", "ebno_db": -2.0, "rep": 1, "rows_committed": 8, "completed_keys": 16, "expected_rows": 4800}
{"case": "clean_seen_umi_t1_2u2l", "ebno_db": -2.0, "rep": 2, "rows_committed": 8, "completed_keys": 24, "expected_rows": 4800}
{"case": "clean_seen_umi_t1_2u2l", "ebno_db": -2.0, "rep": 3, "rows_committed": 8, "completed_keys": 32, "expected_rows": 4800}
{"case": "clean_seen_umi_t1_2u2l", "ebno_db": -2.0, "rep": 4, "rows_committed": 8, "completed_keys": 40, "expected_rows": 4800}
{"case": "clean_seen_umi_t1_2u2l", "ebno_db": -2.0, "rep": 5, "rows_committed": 8, "completed_keys": 48, "expected_rows": 4800}
{"case": "clean_seen_umi_t1_2u2l", "ebno_db": -2.0, "rep": 6, "rows_committed": 8, "completed_keys": 56, "expected_rows": 4800}
{"case": "clean_seen_umi_t1_2u2l", "ebno_db": -2.0, "rep": 7, "rows_committed": 8, "completed_keys": 64, "expected_rows": 4800}
{"case": "clean_seen_umi_t1_2u2l", "ebno_db": -2.0, "rep": 8, "rows_committed": 8, "completed_keys": 72, "expected_rows": 4800}
{"case": "clean_seen_umi_t1_2u2l", "ebno_db": -2.0, "rep": 9, "rows_committed": 8, "completed_keys": 80, "expected_rows": 4800}
{"case": "clean_seen_umi_t1_2u2l", "ebno_db": 2.0, "rep": 0, "rows_committed": 8, "completed_keys": 88, "expected_rows": 4800}
{"case": "clean_seen_umi_t1_2u2l", "ebno_db": 2.0, "rep": 1, "rows_committed": 8, "completed_keys": 96, "expected_rows": 4800}
{"case": "clean_seen_umi_t1_2u2l", "ebno_db": 2.0, "rep": 2, "rows_committed": 8, "completed_keys": 104, "expected_rows": 4800}
{"case": "clean_seen_umi_t1_2u2l", "ebno_db": 2.0, "rep": 3, "rows_committed": 8, "completed_keys": 112, "expected_rows": 4800}
{"case": "clean_seen_umi_t1_2u2l", "ebno_db": 2.0, "rep": 4, "rows_committed": 8, "completed_keys": 120, "expected_rows": 4800}
{"case": "clean_seen_umi_t1_2u2l", "ebno_db": 2.0, "rep": 5, "rows_committed": 8, "completed_keys": 128, "expected_rows": 4800}
{"case": "clean_seen_umi_t1_2u2l", "ebno_db": 2.0, "rep": 6, "rows_committed": 8, "completed_keys": 136, "expected_rows": 4800}
{"case": "clean_seen_umi_t1_2u2l", "ebno_db": 2.0, "rep": 7, "rows_committed": 8, "completed_keys": 144, "expected_rows": 4800}
{"case": "clean_seen_umi_t1_2u2l", "ebno_db": 2.0, "rep": 8, "rows_committed": 8, "completed_keys": 152, "expected_rows": 4800}
{"case": "clean_seen_umi_t1_2u2l", "ebno_db": 2.0, "rep": 9, "rows_committed": 8, "completed_keys": 160, "expected_rows": 4800}
{"case": "clean_seen_umi_t1_2u2l", "ebno_db": 6.0, "rep": 0, "rows_committed": 8, "completed_keys": 168, "expected_rows": 4800}
{"case": "clean_seen_umi_t1_2u2l", "ebno_db": 6.0, "rep": 1, "rows_committed": 8, "completed_keys": 176, "expected_rows": 4800}
{"case": "clean_seen_umi_t1_2u2l", "ebno_db": 6.0, "rep": 2, "rows_committed": 8, "completed_keys": 184, "expected_rows": 4800}
{"case": "clean_seen_umi_t1_2u2l", "ebno_db": 6.0, "rep": 3, "rows_committed": 8, "completed_keys": 192, "expected_rows": 4800}
{"case": "clean_seen_umi_t1_2u2l", "ebno_db": 6.0, "rep": 4, "rows_committed": 8, "completed_keys": 200, "expected_rows": 4800}
{"case": "clean_seen_umi_t1_2u2l", "ebno_db": 6.0, "rep": 5, "rows_committed": 8, "completed_keys": 208, "expected_rows": 4800}
{"case": "clean_seen_umi_t1_2u2l", "ebno_db": 6.0, "rep": 6, "rows_committed": 8, "completed_keys": 216, "expected_rows": 4800}
{"case": "clean_seen_umi_t1_2u2l", "ebno_db": 6.0, "rep": 7, "rows_committed": 8, "completed_keys": 224, "expected_rows": 4800}
{"case": "clean_seen_umi_t1_2u2l", "ebno_db": 6.0, "rep": 8, "rows_committed": 8, "completed_keys": 232, "expected_rows": 4800}
{"case": "clean_seen_umi_t1_2u2l", "ebno_db": 6.0, "rep": 9, "rows_committed": 8, "completed_keys": 240, "expected_rows": 4800}
{"case": "clean_seen_umi_t1_2u2l", "ebno_db": 10.0, "rep": 0, "rows_committed": 8, "completed_keys": 248, "expected_rows": 4800}
{"case": "clean_seen_umi_t1_2u2l", "ebno_db": 10.0, "rep": 1, "rows_committed": 8, "completed_keys": 256, "expected_rows": 4800}
{"case": "clean_seen_umi_t1_2u2l", "ebno_db": 10.0, "rep": 2, "rows_committed": 8, "completed_keys": 264, "expected_rows": 4800}
{"case": "clean_seen_umi_t1_2u2l", "ebno_db": 10.0, "rep": 3, "rows_committed": 8, "completed_keys": 272, "expected_rows": 4800}
{"case": "clean_seen_umi_t1_2u2l", "ebno_db": 10.0, "rep": 4, "rows_committed": 8, "completed_keys": 280, "expected_rows": 4800}
{"case": "clean_seen_umi_t1_2u2l", "ebno_db": 10.0, "rep": 5, "rows_committed": 8, "completed_keys": 288, "expected_rows": 4800}
{"case": "clean_seen_umi_t1_2u2l", "ebno_db": 10.0, "rep": 6, "rows_committed": 8, "completed_keys": 296, "expected_rows": 4800}
{"case": "clean_seen_umi_t1_2u2l", "ebno_db": 10.0, "rep": 7, "rows_committed": 8, "completed_keys": 304, "expected_rows": 4800}
{"case": "clean_seen_umi_t1_2u2l", "ebno_db": 10.0, "rep": 8, "rows_committed": 8, "completed_keys": 312, "expected_rows": 4800}
{"case": "clean_seen_umi_t1_2u2l", "ebno_db": 10.0, "rep": 9, "rows_committed": 8, "completed_keys": 320, "expected_rows": 4800}
{"case": "clean_seen_umi_t1_2u2l", "ebno_db": 14.0, "rep": 0, "rows_committed": 8, "completed_keys": 328, "expected_rows": 4800}
{"case": "clean_seen_umi_t1_2u2l", "ebno_db": 14.0, "rep": 1, "rows_committed": 8, "completed_keys": 336, "expected_rows": 4800}
{"case": "clean_seen_umi_t1_2u2l", "ebno_db": 14.0, "rep": 2, "rows_committed": 8, "completed_keys": 344, "expected_rows": 4800}
{"case": "clean_seen_umi_t1_2u2l", "ebno_db": 14.0, "rep": 3, "rows_committed": 8, "completed_keys": 352, "expected_rows": 4800}
{"case": "clean_seen_umi_t1_2u2l", "ebno_db": 14.0, "rep": 4, "rows_committed": 8, "completed_keys": 360, "expected_rows": 4800}
{"case": "clean_seen_umi_t1_2u2l", "ebno_db": 14.0, "rep": 5, "rows_committed": 8, "completed_keys": 368, "expected_rows": 4800}
{"case": "clean_seen_umi_t1_2u2l", "ebno_db": 14.0, "rep": 6, "rows_committed": 8, "completed_keys": 376, "expected_rows": 4800}
{"case": "clean_seen_umi_t1_2u2l", "ebno_db": 14.0, "rep": 7, "rows_committed": 8, "completed_keys": 384, "expected_rows": 4800}
{"case": "clean_seen_umi_t1_2u2l", "ebno_db": 14.0, "rep": 8, "rows_committed": 8, "completed_keys": 392, "expected_rows": 4800}
{"case": "clean_seen_umi_t1_2u2l", "ebno_db": 14.0, "rep": 9, "rows_committed": 8, "completed_keys": 400, "expected_rows": 4800}
{"case": "clean_seen_umi_t2_2u2l", "ebno_db": -2.0, "rep": 0, "rows_committed": 8, "completed_keys": 408, "expected_rows": 4800}
{"case": "clean_seen_umi_t2_2u2l", "ebno_db": -2.0, "rep": 1, "rows_committed": 8, "completed_keys": 416, "expected_rows": 4800}
{"case": "clean_seen_umi_t2_2u2l", "ebno_db": -2.0, "rep": 2, "rows_committed": 8, "completed_keys": 424, "expected_rows": 4800}
{"case": "clean_seen_umi_t2_2u2l", "ebno_db": -2.0, "rep": 3, "rows_committed": 8, "completed_keys": 432, "expected_rows": 4800}
{"case": "clean_seen_umi_t2_2u2l", "ebno_db": -2.0, "rep": 4, "rows_committed": 8, "completed_keys": 440, "expected_rows": 4800}
{"case": "clean_seen_umi_t2_2u2l", "ebno_db": -2.0, "rep": 5, "rows_committed": 8, "completed_keys": 448, "expected_rows": 4800}
{"case": "clean_seen_umi_t2_2u2l", "ebno_db": -2.0, "rep": 6, "rows_committed": 8, "completed_keys": 456, "expected_rows": 4800}
{"case": "clean_seen_umi_t2_2u2l", "ebno_db": -2.0, "rep": 7, "rows_committed": 8, "completed_keys": 464, "expected_rows": 4800}
{"case": "clean_seen_umi_t2_2u2l", "ebno_db": -2.0, "rep": 8, "rows_committed": 8, "completed_keys": 472, "expected_rows": 4800}
{"case": "clean_seen_umi_t2_2u2l", "ebno_db": -2.0, "rep": 9, "rows_committed": 8, "completed_keys": 480, "expected_rows": 4800}
{"case": "clean_seen_umi_t2_2u2l", "ebno_db": 2.0, "rep": 0, "rows_committed": 8, "completed_keys": 488, "expected_rows": 4800}
{"case": "clean_seen_umi_t2_2u2l", "ebno_db": 2.0, "rep": 1, "rows_committed": 8, "completed_keys": 496, "expected_rows": 4800}
{"case": "clean_seen_umi_t2_2u2l", "ebno_db": 2.0, "rep": 2, "rows_committed": 8, "completed_keys": 504, "expected_rows": 4800}
{"case": "clean_seen_umi_t2_2u2l", "ebno_db": 2.0, "rep": 3, "rows_committed": 8, "completed_keys": 512, "expected_rows": 4800}
{"case": "clean_seen_umi_t2_2u2l", "ebno_db": 2.0, "rep": 4, "rows_committed": 8, "completed_keys": 520, "expected_rows": 4800}
{"case": "clean_seen_umi_t2_2u2l", "ebno_db": 2.0, "rep": 5, "rows_committed": 8, "completed_keys": 528, "expected_rows": 4800}
{"case": "clean_seen_umi_t2_2u2l", "ebno_db": 2.0, "rep": 6, "rows_committed": 8, "completed_keys": 536, "expected_rows": 4800}
{"case": "clean_seen_umi_t2_2u2l", "ebno_db": 2.0, "rep": 7, "rows_committed": 8, "completed_keys": 544, "expected_rows": 4800}
{"case": "clean_seen_umi_t2_2u2l", "ebno_db": 2.0, "rep": 8, "rows_committed": 8, "completed_keys": 552, "expected_rows": 4800}
{"case": "clean_seen_umi_t2_2u2l", "ebno_db": 2.0, "rep": 9, "rows_committed": 8, "completed_keys": 560, "expected_rows": 4800}
{"case": "clean_seen_umi_t2_2u2l", "ebno_db": 6.0, "rep": 0, "rows_committed": 8, "completed_keys": 568, "expected_rows": 4800}
{"case": "clean_seen_umi_t2_2u2l", "ebno_db": 6.0, "rep": 1, "rows_committed": 8, "completed_keys": 576, "expected_rows": 4800}
{"case": "clean_seen_umi_t2_2u2l", "ebno_db": 6.0, "rep": 2, "rows_committed": 8, "completed_keys": 584, "expected_rows": 4800}
{"case": "clean_seen_umi_t2_2u2l", "ebno_db": 6.0, "rep": 3, "rows_committed": 8, "completed_keys": 592, "expected_rows": 4800}
{"case": "clean_seen_umi_t2_2u2l", "ebno_db": 6.0, "rep": 4, "rows_committed": 8, "completed_keys": 600, "expected_rows": 4800}
{"case": "clean_seen_umi_t2_2u2l", "ebno_db": 6.0, "rep": 5, "rows_committed": 8, "completed_keys": 608, "expected_rows": 4800}
{"case": "clean_seen_umi_t2_2u2l", "ebno_db": 6.0, "rep": 6, "rows_committed": 8, "completed_keys": 616, "expected_rows": 4800}
{"case": "clean_seen_umi_t2_2u2l", "ebno_db": 6.0, "rep": 7, "rows_committed": 8, "completed_keys": 624, "expected_rows": 4800}
{"case": "clean_seen_umi_t2_2u2l", "ebno_db": 6.0, "rep": 8, "rows_committed": 8, "completed_keys": 632, "expected_rows": 4800}
{"case": "clean_seen_umi_t2_2u2l", "ebno_db": 6.0, "rep": 9, "rows_committed": 8, "completed_keys": 640, "expected_rows": 4800}
{"case": "clean_seen_umi_t2_2u2l", "ebno_db": 10.0, "rep": 0, "rows_committed": 8, "completed_keys": 648, "expected_rows": 4800}
{"case": "clean_seen_umi_t2_2u2l", "ebno_db": 10.0, "rep": 1, "rows_committed": 8, "completed_keys": 656, "expected_rows": 4800}
{"case": "clean_seen_umi_t2_2u2l", "ebno_db": 10.0, "rep": 2, "rows_committed": 8, "completed_keys": 664, "expected_rows": 4800}
{"case": "clean_seen_umi_t2_2u2l", "ebno_db": 10.0, "rep": 3, "rows_committed": 8, "completed_keys": 672, "expected_rows": 4800}
{"case": "clean_seen_umi_t2_2u2l", "ebno_db": 10.0, "rep": 4, "rows_committed": 8, "completed_keys": 680, "expected_rows": 4800}
{"case": "clean_seen_umi_t2_2u2l", "ebno_db": 10.0, "rep": 5, "rows_committed": 8, "completed_keys": 688, "expected_rows": 4800}
{"case": "clean_seen_umi_t2_2u2l", "ebno_db": 10.0, "rep": 6, "rows_committed": 8, "completed_keys": 696, "expected_rows": 4800}
{"case": "clean_seen_umi_t2_2u2l", "ebno_db": 10.0, "rep": 7, "rows_committed": 8, "completed_keys": 704, "expected_rows": 4800}
{"case": "clean_seen_umi_t2_2u2l", "ebno_db": 10.0, "rep": 8, "rows_committed": 8, "completed_keys": 712, "expected_rows": 4800}
{"case": "clean_seen_umi_t2_2u2l", "ebno_db": 10.0, "rep": 9, "rows_committed": 8, "completed_keys": 720, "expected_rows": 4800}
{"case": "clean_seen_umi_t2_2u2l", "ebno_db": 14.0, "rep": 0, "rows_committed": 8, "completed_keys": 728, "expected_rows": 4800}
{"case": "clean_seen_umi_t2_2u2l", "ebno_db": 14.0, "rep": 1, "rows_committed": 8, "completed_keys": 736, "expected_rows": 4800}
{"case": "clean_seen_umi_t2_2u2l", "ebno_db": 14.0, "rep": 2, "rows_committed": 8, "completed_keys": 744, "expected_rows": 4800}
{"case": "clean_seen_umi_t2_2u2l", "ebno_db": 14.0, "rep": 3, "rows_committed": 8, "completed_keys": 752, "expected_rows": 4800}
{"case": "clean_seen_umi_t2_2u2l", "ebno_db": 14.0, "rep": 4, "rows_committed": 8, "completed_keys": 760, "expected_rows": 4800}
{"case": "clean_seen_umi_t2_2u2l", "ebno_db": 14.0, "rep": 5, "rows_committed": 8, "completed_keys": 768, "expected_rows": 4800}
{"case": "clean_seen_umi_t2_2u2l", "ebno_db": 14.0, "rep": 6, "rows_committed": 8, "completed_keys": 776, "expected_rows": 4800}
{"case": "clean_seen_umi_t2_2u2l", "ebno_db": 14.0, "rep": 7, "rows_committed": 8, "completed_keys": 784, "expected_rows": 4800}
{"case": "clean_seen_umi_t2_2u2l", "ebno_db": 14.0, "rep": 8, "rows_committed": 8, "completed_keys": 792, "expected_rows": 4800}
{"case": "clean_seen_umi_t2_2u2l", "ebno_db": 14.0, "rep": 9, "rows_committed": 8, "completed_keys": 800, "expected_rows": 4800}
{"case": "clean_seen_uma_t1_4u", "ebno_db": -2.0, "rep": 0, "rows_committed": 8, "completed_keys": 808, "expected_rows": 4800}
{"case": "clean_seen_uma_t1_4u", "ebno_db": -2.0, "rep": 1, "rows_committed": 8, "completed_keys": 816, "expected_rows": 4800}
{"case": "clean_seen_uma_t1_4u", "ebno_db": -2.0, "rep": 2, "rows_committed": 8, "completed_keys": 824, "expected_rows": 4800}
{"case": "clean_seen_uma_t1_4u", "ebno_db": -2.0, "rep": 3, "rows_committed": 8, "completed_keys": 832, "expected_rows": 4800}
{"case": "clean_seen_uma_t1_4u", "ebno_db": -2.0, "rep": 4, "rows_committed": 8, "completed_keys": 840, "expected_rows": 4800}
{"case": "clean_seen_uma_t1_4u", "ebno_db": -2.0, "rep": 5, "rows_committed": 8, "completed_keys": 848, "expected_rows": 4800}
{"case": "clean_seen_uma_t1_4u", "ebno_db": -2.0, "rep": 6, "rows_committed": 8, "completed_keys": 856, "expected_rows": 4800}
{"case": "clean_seen_uma_t1_4u", "ebno_db": -2.0, "rep": 7, "rows_committed": 8, "completed_keys": 864, "expected_rows": 4800}
{"case": "clean_seen_uma_t1_4u", "ebno_db": -2.0, "rep": 8, "rows_committed": 8, "completed_keys": 872, "expected_rows": 4800}
{"case": "clean_seen_uma_t1_4u", "ebno_db": -2.0, "rep": 9, "rows_committed": 8, "completed_keys": 880, "expected_rows": 4800}
{"case": "clean_seen_uma_t1_4u", "ebno_db": 2.0, "rep": 0, "rows_committed": 8, "completed_keys": 888, "expected_rows": 4800}
{"case": "clean_seen_uma_t1_4u", "ebno_db": 2.0, "rep": 1, "rows_committed": 8, "completed_keys": 896, "expected_rows": 4800}
{"case": "clean_seen_uma_t1_4u", "ebno_db": 2.0, "rep": 2, "rows_committed": 8, "completed_keys": 904, "expected_rows": 4800}
{"case": "clean_seen_uma_t1_4u", "ebno_db": 2.0, "rep": 3, "rows_committed": 8, "completed_keys": 912, "expected_rows": 4800}
{"case": "clean_seen_uma_t1_4u", "ebno_db": 2.0, "rep": 4, "rows_committed": 8, "completed_keys": 920, "expected_rows": 4800}
{"case": "clean_seen_uma_t1_4u", "ebno_db": 2.0, "rep": 5, "rows_committed": 8, "completed_keys": 928, "expected_rows": 4800}
{"case": "clean_seen_uma_t1_4u", "ebno_db": 2.0, "rep": 6, "rows_committed": 8, "completed_keys": 936, "expected_rows": 4800}
{"case": "clean_seen_uma_t1_4u", "ebno_db": 2.0, "rep": 7, "rows_committed": 8, "completed_keys": 944, "expected_rows": 4800}
{"case": "clean_seen_uma_t1_4u", "ebno_db": 2.0, "rep": 8, "rows_committed": 8, "completed_keys": 952, "expected_rows": 4800}
{"case": "clean_seen_uma_t1_4u", "ebno_db": 2.0, "rep": 9, "rows_committed": 8, "completed_keys": 960, "expected_rows": 4800}
{"case": "clean_seen_uma_t1_4u", "ebno_db": 6.0, "rep": 0, "rows_committed": 8, "completed_keys": 968, "expected_rows": 4800}
{"case": "clean_seen_uma_t1_4u", "ebno_db": 6.0, "rep": 1, "rows_committed": 8, "completed_keys": 976, "expected_rows": 4800}
{"case": "clean_seen_uma_t1_4u", "ebno_db": 6.0, "rep": 2, "rows_committed": 8, "completed_keys": 984, "expected_rows": 4800}
{"case": "clean_seen_uma_t1_4u", "ebno_db": 6.0, "rep": 3, "rows_committed": 8, "completed_keys": 992, "expected_rows": 4800}
{"case": "clean_seen_uma_t1_4u", "ebno_db": 6.0, "rep": 4, "rows_committed": 8, "completed_keys": 1000, "expected_rows": 4800}
{"case": "clean_seen_uma_t1_4u", "ebno_db": 6.0, "rep": 5, "rows_committed": 8, "completed_keys": 1008, "expected_rows": 4800}
{"case": "clean_seen_uma_t1_4u", "ebno_db": 6.0, "rep": 6, "rows_committed": 8, "completed_keys": 1016, "expected_rows": 4800}
{"case": "clean_seen_uma_t1_4u", "ebno_db": 6.0, "rep": 7, "rows_committed": 8, "completed_keys": 1024, "expected_rows": 4800}
{"case": "clean_seen_uma_t1_4u", "ebno_db": 6.0, "rep": 8, "rows_committed": 8, "completed_keys": 1032, "expected_rows": 4800}
{"case": "clean_seen_uma_t1_4u", "ebno_db": 6.0, "rep": 9, "rows_committed": 8, "completed_keys": 1040, "expected_rows": 4800}
{"case": "clean_seen_uma_t1_4u", "ebno_db": 10.0, "rep": 0, "rows_committed": 8, "completed_keys": 1048, "expected_rows": 4800}
{"case": "clean_seen_uma_t1_4u", "ebno_db": 10.0, "rep": 1, "rows_committed": 8, "completed_keys": 1056, "expected_rows": 4800}
{"case": "clean_seen_uma_t1_4u", "ebno_db": 10.0, "rep": 2, "rows_committed": 8, "completed_keys": 1064, "expected_rows": 4800}
{"case": "clean_seen_uma_t1_4u", "ebno_db": 10.0, "rep": 3, "rows_committed": 8, "completed_keys": 1072, "expected_rows": 4800}
{"case": "clean_seen_uma_t1_4u", "ebno_db": 10.0, "rep": 4, "rows_committed": 8, "completed_keys": 1080, "expected_rows": 4800}
{"case": "clean_seen_uma_t1_4u", "ebno_db": 10.0, "rep": 5, "rows_committed": 8, "completed_keys": 1088, "expected_rows": 4800}
{"case": "clean_seen_uma_t1_4u", "ebno_db": 10.0, "rep": 6, "rows_committed": 8, "completed_keys": 1096, "expected_rows": 4800}
{"case": "clean_seen_uma_t1_4u", "ebno_db": 10.0, "rep": 7, "rows_committed": 8, "completed_keys": 1104, "expected_rows": 4800}
{"case": "clean_seen_uma_t1_4u", "ebno_db": 10.0, "rep": 8, "rows_committed": 8, "completed_keys": 1112, "expected_rows": 4800}
{"case": "clean_seen_uma_t1_4u", "ebno_db": 10.0, "rep": 9, "rows_committed": 8, "completed_keys": 1120, "expected_rows": 4800}
{"case": "clean_seen_uma_t1_4u", "ebno_db": 14.0, "rep": 0, "rows_committed": 8, "completed_keys": 1128, "expected_rows": 4800}
{"case": "clean_seen_uma_t1_4u", "ebno_db": 14.0, "rep": 1, "rows_committed": 8, "completed_keys": 1136, "expected_rows": 4800}
{"case": "clean_seen_uma_t1_4u", "ebno_db": 14.0, "rep": 2, "rows_committed": 8, "completed_keys": 1144, "expected_rows": 4800}
{"case": "clean_seen_uma_t1_4u", "ebno_db": 14.0, "rep": 3, "rows_committed": 8, "completed_keys": 1152, "expected_rows": 4800}
{"case": "clean_seen_uma_t1_4u", "ebno_db": 14.0, "rep": 4, "rows_committed": 8, "completed_keys": 1160, "expected_rows": 4800}
{"case": "clean_seen_uma_t1_4u", "ebno_db": 14.0, "rep": 5, "rows_committed": 8, "completed_keys": 1168, "expected_rows": 4800}
{"case": "clean_seen_uma_t1_4u", "ebno_db": 14.0, "rep": 6, "rows_committed": 8, "completed_keys": 1176, "expected_rows": 4800}
{"case": "clean_seen_uma_t1_4u", "ebno_db": 14.0, "rep": 7, "rows_committed": 8, "completed_keys": 1184, "expected_rows": 4800}
{"case": "clean_seen_uma_t1_4u", "ebno_db": 14.0, "rep": 8, "rows_committed": 8, "completed_keys": 1192, "expected_rows": 4800}
{"case": "clean_seen_uma_t1_4u", "ebno_db": 14.0, "rep": 9, "rows_committed": 8, "completed_keys": 1200, "expected_rows": 4800}
{"case": "clean_seen_cdl_a_1u2l", "ebno_db": -2.0, "rep": 0, "rows_committed": 8, "completed_keys": 1208, "expected_rows": 4800}
{"case": "clean_seen_cdl_a_1u2l", "ebno_db": -2.0, "rep": 1, "rows_committed": 8, "completed_keys": 1216, "expected_rows": 4800}
{"case": "clean_seen_cdl_a_1u2l", "ebno_db": -2.0, "rep": 2, "rows_committed": 8, "completed_keys": 1224, "expected_rows": 4800}
{"case": "clean_seen_cdl_a_1u2l", "ebno_db": -2.0, "rep": 3, "rows_committed": 8, "completed_keys": 1232, "expected_rows": 4800}
{"case": "clean_seen_cdl_a_1u2l", "ebno_db": -2.0, "rep": 4, "rows_committed": 8, "completed_keys": 1240, "expected_rows": 4800}
{"case": "clean_seen_cdl_a_1u2l", "ebno_db": -2.0, "rep": 5, "rows_committed": 8, "completed_keys": 1248, "expected_rows": 4800}
{"case": "clean_seen_cdl_a_1u2l", "ebno_db": -2.0, "rep": 6, "rows_committed": 8, "completed_keys": 1256, "expected_rows": 4800}
{"case": "clean_seen_cdl_a_1u2l", "ebno_db": -2.0, "rep": 7, "rows_committed": 8, "completed_keys": 1264, "expected_rows": 4800}
{"case": "clean_seen_cdl_a_1u2l", "ebno_db": -2.0, "rep": 8, "rows_committed": 8, "completed_keys": 1272, "expected_rows": 4800}
{"case": "clean_seen_cdl_a_1u2l", "ebno_db": -2.0, "rep": 9, "rows_committed": 8, "completed_keys": 1280, "expected_rows": 4800}
{"case": "clean_seen_cdl_a_1u2l", "ebno_db": 2.0, "rep": 0, "rows_committed": 8, "completed_keys": 1288, "expected_rows": 4800}
{"case": "clean_seen_cdl_a_1u2l", "ebno_db": 2.0, "rep": 1, "rows_committed": 8, "completed_keys": 1296, "expected_rows": 4800}
{"case": "clean_seen_cdl_a_1u2l", "ebno_db": 2.0, "rep": 2, "rows_committed": 8, "completed_keys": 1304, "expected_rows": 4800}
{"case": "clean_seen_cdl_a_1u2l", "ebno_db": 2.0, "rep": 3, "rows_committed": 8, "completed_keys": 1312, "expected_rows": 4800}
{"case": "clean_seen_cdl_a_1u2l", "ebno_db": 2.0, "rep": 4, "rows_committed": 8, "completed_keys": 1320, "expected_rows": 4800}
{"case": "clean_seen_cdl_a_1u2l", "ebno_db": 2.0, "rep": 5, "rows_committed": 8, "completed_keys": 1328, "expected_rows": 4800}
{"case": "clean_seen_cdl_a_1u2l", "ebno_db": 2.0, "rep": 6, "rows_committed": 8, "completed_keys": 1336, "expected_rows": 4800}
{"case": "clean_seen_cdl_a_1u2l", "ebno_db": 2.0, "rep": 7, "rows_committed": 8, "completed_keys": 1344, "expected_rows": 4800}
{"case": "clean_seen_cdl_a_1u2l", "ebno_db": 2.0, "rep": 8, "rows_committed": 8, "completed_keys": 1352, "expected_rows": 4800}
{"case": "clean_seen_cdl_a_1u2l", "ebno_db": 2.0, "rep": 9, "rows_committed": 8, "completed_keys": 1360, "expected_rows": 4800}
{"case": "clean_seen_cdl_a_1u2l", "ebno_db": 6.0, "rep": 0, "rows_committed": 8, "completed_keys": 1368, "expected_rows": 4800}
{"case": "clean_seen_cdl_a_1u2l", "ebno_db": 6.0, "rep": 1, "rows_committed": 8, "completed_keys": 1376, "expected_rows": 4800}
{"case": "clean_seen_cdl_a_1u2l", "ebno_db": 6.0, "rep": 2, "rows_committed": 8, "completed_keys": 1384, "expected_rows": 4800}
{"case": "clean_seen_cdl_a_1u2l", "ebno_db": 6.0, "rep": 3, "rows_committed": 8, "completed_keys": 1392, "expected_rows": 4800}
{"case": "clean_seen_cdl_a_1u2l", "ebno_db": 6.0, "rep": 4, "rows_committed": 8, "completed_keys": 1400, "expected_rows": 4800}
{"case": "clean_seen_cdl_a_1u2l", "ebno_db": 6.0, "rep": 5, "rows_committed": 8, "completed_keys": 1408, "expected_rows": 4800}
{"case": "clean_seen_cdl_a_1u2l", "ebno_db": 6.0, "rep": 6, "rows_committed": 8, "completed_keys": 1416, "expected_rows": 4800}
{"case": "clean_seen_cdl_a_1u2l", "ebno_db": 6.0, "rep": 7, "rows_committed": 8, "completed_keys": 1424, "expected_rows": 4800}
{"case": "clean_seen_cdl_a_1u2l", "ebno_db": 6.0, "rep": 8, "rows_committed": 8, "completed_keys": 1432, "expected_rows": 4800}
{"case": "clean_seen_cdl_a_1u2l", "ebno_db": 6.0, "rep": 9, "rows_committed": 8, "completed_keys": 1440, "expected_rows": 4800}
{"case": "clean_seen_cdl_a_1u2l", "ebno_db": 10.0, "rep": 0, "rows_committed": 8, "completed_keys": 1448, "expected_rows": 4800}
{"case": "clean_seen_cdl_a_1u2l", "ebno_db": 10.0, "rep": 1, "rows_committed": 8, "completed_keys": 1456, "expected_rows": 4800}
{"case": "clean_seen_cdl_a_1u2l", "ebno_db": 10.0, "rep": 2, "rows_committed": 8, "completed_keys": 1464, "expected_rows": 4800}
{"case": "clean_seen_cdl_a_1u2l", "ebno_db": 10.0, "rep": 3, "rows_committed": 8, "completed_keys": 1472, "expected_rows": 4800}
{"case": "clean_seen_cdl_a_1u2l", "ebno_db": 10.0, "rep": 4, "rows_committed": 8, "completed_keys": 1480, "expected_rows": 4800}
{"case": "clean_seen_cdl_a_1u2l", "ebno_db": 10.0, "rep": 5, "rows_committed": 8, "completed_keys": 1488, "expected_rows": 4800}
{"case": "clean_seen_cdl_a_1u2l", "ebno_db": 10.0, "rep": 6, "rows_committed": 8, "completed_keys": 1496, "expected_rows": 4800}
{"case": "clean_seen_cdl_a_1u2l", "ebno_db": 10.0, "rep": 7, "rows_committed": 8, "completed_keys": 1504, "expected_rows": 4800}
{"case": "clean_seen_cdl_a_1u2l", "ebno_db": 10.0, "rep": 8, "rows_committed": 8, "completed_keys": 1512, "expected_rows": 4800}
{"case": "clean_seen_cdl_a_1u2l", "ebno_db": 10.0, "rep": 9, "rows_committed": 8, "completed_keys": 1520, "expected_rows": 4800}
{"case": "clean_seen_cdl_a_1u2l", "ebno_db": 14.0, "rep": 0, "rows_committed": 8, "completed_keys": 1528, "expected_rows": 4800}
{"case": "clean_seen_cdl_a_1u2l", "ebno_db": 14.0, "rep": 1, "rows_committed": 8, "completed_keys": 1536, "expected_rows": 4800}
{"case": "clean_seen_cdl_a_1u2l", "ebno_db": 14.0, "rep": 2, "rows_committed": 8, "completed_keys": 1544, "expected_rows": 4800}
{"case": "clean_seen_cdl_a_1u2l", "ebno_db": 14.0, "rep": 3, "rows_committed": 8, "completed_keys": 1552, "expected_rows": 4800}
{"case": "clean_seen_cdl_a_1u2l", "ebno_db": 14.0, "rep": 4, "rows_committed": 8, "completed_keys": 1560, "expected_rows": 4800}
{"case": "clean_seen_cdl_a_1u2l", "ebno_db": 14.0, "rep": 5, "rows_committed": 8, "completed_keys": 1568, "expected_rows": 4800}
{"case": "clean_seen_cdl_a_1u2l", "ebno_db": 14.0, "rep": 6, "rows_committed": 8, "completed_keys": 1576, "expected_rows": 4800}
{"case": "clean_seen_cdl_a_1u2l", "ebno_db": 14.0, "rep": 7, "rows_committed": 8, "completed_keys": 1584, "expected_rows": 4800}
{"case": "clean_seen_cdl_a_1u2l", "ebno_db": 14.0, "rep": 8, "rows_committed": 8, "completed_keys": 1592, "expected_rows": 4800}
{"case": "clean_seen_cdl_a_1u2l", "ebno_db": 14.0, "rep": 9, "rows_committed": 8, "completed_keys": 1600, "expected_rows": 4800}
{"case": "clean_holdout_umi_t2_3u2l_6s", "ebno_db": -2.0, "rep": 0, "rows_committed": 8, "completed_keys": 1608, "expected_rows": 4800}
{"case": "clean_holdout_umi_t2_3u2l_6s", "ebno_db": -2.0, "rep": 1, "rows_committed": 8, "completed_keys": 1616, "expected_rows": 4800}
{"case": "clean_holdout_umi_t2_3u2l_6s", "ebno_db": -2.0, "rep": 2, "rows_committed": 8, "completed_keys": 1624, "expected_rows": 4800}
{"case": "clean_holdout_umi_t2_3u2l_6s", "ebno_db": -2.0, "rep": 3, "rows_committed": 8, "completed_keys": 1632, "expected_rows": 4800}
{"case": "clean_holdout_umi_t2_3u2l_6s", "ebno_db": -2.0, "rep": 4, "rows_committed": 8, "completed_keys": 1640, "expected_rows": 4800}
{"case": "clean_holdout_umi_t2_3u2l_6s", "ebno_db": -2.0, "rep": 5, "rows_committed": 8, "completed_keys": 1648, "expected_rows": 4800}
{"case": "clean_holdout_umi_t2_3u2l_6s", "ebno_db": -2.0, "rep": 6, "rows_committed": 8, "completed_keys": 1656, "expected_rows": 4800}
{"case": "clean_holdout_umi_t2_3u2l_6s", "ebno_db": -2.0, "rep": 7, "rows_committed": 8, "completed_keys": 1664, "expected_rows": 4800}
{"case": "clean_holdout_umi_t2_3u2l_6s", "ebno_db": -2.0, "rep": 8, "rows_committed": 8, "completed_keys": 1672, "expected_rows": 4800}
{"case": "clean_holdout_umi_t2_3u2l_6s", "ebno_db": -2.0, "rep": 9, "rows_committed": 8, "completed_keys": 1680, "expected_rows": 4800}
{"case": "clean_holdout_umi_t2_3u2l_6s", "ebno_db": 2.0, "rep": 0, "rows_committed": 8, "completed_keys": 1688, "expected_rows": 4800}
{"case": "clean_holdout_umi_t2_3u2l_6s", "ebno_db": 2.0, "rep": 1, "rows_committed": 8, "completed_keys": 1696, "expected_rows": 4800}
{"case": "clean_holdout_umi_t2_3u2l_6s", "ebno_db": 2.0, "rep": 2, "rows_committed": 8, "completed_keys": 1704, "expected_rows": 4800}
{"case": "clean_holdout_umi_t2_3u2l_6s", "ebno_db": 2.0, "rep": 3, "rows_committed": 8, "completed_keys": 1712, "expected_rows": 4800}
{"case": "clean_holdout_umi_t2_3u2l_6s", "ebno_db": 2.0, "rep": 4, "rows_committed": 8, "completed_keys": 1720, "expected_rows": 4800}
{"case": "clean_holdout_umi_t2_3u2l_6s", "ebno_db": 2.0, "rep": 5, "rows_committed": 8, "completed_keys": 1728, "expected_rows": 4800}
{"case": "clean_holdout_umi_t2_3u2l_6s", "ebno_db": 2.0, "rep": 6, "rows_committed": 8, "completed_keys": 1736, "expected_rows": 4800}
{"case": "clean_holdout_umi_t2_3u2l_6s", "ebno_db": 2.0, "rep": 7, "rows_committed": 8, "completed_keys": 1744, "expected_rows": 4800}
{"case": "clean_holdout_umi_t2_3u2l_6s", "ebno_db": 2.0, "rep": 8, "rows_committed": 8, "completed_keys": 1752, "expected_rows": 4800}
{"case": "clean_holdout_umi_t2_3u2l_6s", "ebno_db": 2.0, "rep": 9, "rows_committed": 8, "completed_keys": 1760, "expected_rows": 4800}
{"case": "clean_holdout_umi_t2_3u2l_6s", "ebno_db": 6.0, "rep": 0, "rows_committed": 8, "completed_keys": 1768, "expected_rows": 4800}
{"case": "clean_holdout_umi_t2_3u2l_6s", "ebno_db": 6.0, "rep": 1, "rows_committed": 8, "completed_keys": 1776, "expected_rows": 4800}
{"case": "clean_holdout_umi_t2_3u2l_6s", "ebno_db": 6.0, "rep": 2, "rows_committed": 8, "completed_keys": 1784, "expected_rows": 4800}
{"case": "clean_holdout_umi_t2_3u2l_6s", "ebno_db": 6.0, "rep": 3, "rows_committed": 8, "completed_keys": 1792, "expected_rows": 4800}
{"case": "clean_holdout_umi_t2_3u2l_6s", "ebno_db": 6.0, "rep": 4, "rows_committed": 8, "completed_keys": 1800, "expected_rows": 4800}
{"case": "clean_holdout_umi_t2_3u2l_6s", "ebno_db": 6.0, "rep": 5, "rows_committed": 8, "completed_keys": 1808, "expected_rows": 4800}
{"case": "clean_holdout_umi_t2_3u2l_6s", "ebno_db": 6.0, "rep": 6, "rows_committed": 8, "completed_keys": 1816, "expected_rows": 4800}
{"case": "clean_holdout_umi_t2_3u2l_6s", "ebno_db": 6.0, "rep": 7, "rows_committed": 8, "completed_keys": 1824, "expected_rows": 4800}
{"case": "clean_holdout_umi_t2_3u2l_6s", "ebno_db": 6.0, "rep": 8, "rows_committed": 8, "completed_keys": 1832, "expected_rows": 4800}
{"case": "clean_holdout_umi_t2_3u2l_6s", "ebno_db": 6.0, "rep": 9, "rows_committed": 8, "completed_keys": 1840, "expected_rows": 4800}
{"case": "clean_holdout_umi_t2_3u2l_6s", "ebno_db": 10.0, "rep": 0, "rows_committed": 8, "completed_keys": 1848, "expected_rows": 4800}
{"case": "clean_holdout_umi_t2_3u2l_6s", "ebno_db": 10.0, "rep": 1, "rows_committed": 8, "completed_keys": 1856, "expected_rows": 4800}
{"case": "clean_holdout_umi_t2_3u2l_6s", "ebno_db": 10.0, "rep": 2, "rows_committed": 8, "completed_keys": 1864, "expected_rows": 4800}
{"case": "clean_holdout_umi_t2_3u2l_6s", "ebno_db": 10.0, "rep": 3, "rows_committed": 8, "completed_keys": 1872, "expected_rows": 4800}
{"case": "clean_holdout_umi_t2_3u2l_6s", "ebno_db": 10.0, "rep": 4, "rows_committed": 8, "completed_keys": 1880, "expected_rows": 4800}
{"case": "clean_holdout_umi_t2_3u2l_6s", "ebno_db": 10.0, "rep": 5, "rows_committed": 8, "completed_keys": 1888, "expected_rows": 4800}
{"case": "clean_holdout_umi_t2_3u2l_6s", "ebno_db": 10.0, "rep": 6, "rows_committed": 8, "completed_keys": 1896, "expected_rows": 4800}
{"case": "clean_holdout_umi_t2_3u2l_6s", "ebno_db": 10.0, "rep": 7, "rows_committed": 8, "completed_keys": 1904, "expected_rows": 4800}
{"case": "clean_holdout_umi_t2_3u2l_6s", "ebno_db": 10.0, "rep": 8, "rows_committed": 8, "completed_keys": 1912, "expected_rows": 4800}
{"case": "clean_holdout_umi_t2_3u2l_6s", "ebno_db": 10.0, "rep": 9, "rows_committed": 8, "completed_keys": 1920, "expected_rows": 4800}
{"case": "clean_holdout_umi_t2_3u2l_6s", "ebno_db": 14.0, "rep": 0, "rows_committed": 8, "completed_keys": 1928, "expected_rows": 4800}
{"case": "clean_holdout_umi_t2_3u2l_6s", "ebno_db": 14.0, "rep": 1, "rows_committed": 8, "completed_keys": 1936, "expected_rows": 4800}
{"case": "clean_holdout_umi_t2_3u2l_6s", "ebno_db": 14.0, "rep": 2, "rows_committed": 8, "completed_keys": 1944, "expected_rows": 4800}
{"case": "clean_holdout_umi_t2_3u2l_6s", "ebno_db": 14.0, "rep": 3, "rows_committed": 8, "completed_keys": 1952, "expected_rows": 4800}
{"case": "clean_holdout_umi_t2_3u2l_6s", "ebno_db": 14.0, "rep": 4, "rows_committed": 8, "completed_keys": 1960, "expected_rows": 4800}
{"case": "clean_holdout_umi_t2_3u2l_6s", "ebno_db": 14.0, "rep": 5, "rows_committed": 8, "completed_keys": 1968, "expected_rows": 4800}
{"case": "clean_holdout_umi_t2_3u2l_6s", "ebno_db": 14.0, "rep": 6, "rows_committed": 8, "completed_keys": 1976, "expected_rows": 4800}
{"case": "clean_holdout_umi_t2_3u2l_6s", "ebno_db": 14.0, "rep": 7, "rows_committed": 8, "completed_keys": 1984, "expected_rows": 4800}
{"case": "clean_holdout_umi_t2_3u2l_6s", "ebno_db": 14.0, "rep": 8, "rows_committed": 8, "completed_keys": 1992, "expected_rows": 4800}
{"case": "clean_holdout_umi_t2_3u2l_6s", "ebno_db": 14.0, "rep": 9, "rows_committed": 8, "completed_keys": 2000, "expected_rows": 4800}
{"case": "clean_holdout_umi_t2_len2_4u", "ebno_db": -2.0, "rep": 0, "rows_committed": 8, "completed_keys": 2008, "expected_rows": 4800}
{"case": "clean_holdout_umi_t2_len2_4u", "ebno_db": -2.0, "rep": 1, "rows_committed": 8, "completed_keys": 2016, "expected_rows": 4800}
{"case": "clean_holdout_umi_t2_len2_4u", "ebno_db": -2.0, "rep": 2, "rows_committed": 8, "completed_keys": 2024, "expected_rows": 4800}
{"case": "clean_holdout_umi_t2_len2_4u", "ebno_db": -2.0, "rep": 3, "rows_committed": 8, "completed_keys": 2032, "expected_rows": 4800}
{"case": "clean_holdout_umi_t2_len2_4u", "ebno_db": -2.0, "rep": 4, "rows_committed": 8, "completed_keys": 2040, "expected_rows": 4800}
{"case": "clean_holdout_umi_t2_len2_4u", "ebno_db": -2.0, "rep": 5, "rows_committed": 8, "completed_keys": 2048, "expected_rows": 4800}
{"case": "clean_holdout_umi_t2_len2_4u", "ebno_db": -2.0, "rep": 6, "rows_committed": 8, "completed_keys": 2056, "expected_rows": 4800}
{"case": "clean_holdout_umi_t2_len2_4u", "ebno_db": -2.0, "rep": 7, "rows_committed": 8, "completed_keys": 2064, "expected_rows": 4800}
{"case": "clean_holdout_umi_t2_len2_4u", "ebno_db": -2.0, "rep": 8, "rows_committed": 8, "completed_keys": 2072, "expected_rows": 4800}
{"case": "clean_holdout_umi_t2_len2_4u", "ebno_db": -2.0, "rep": 9, "rows_committed": 8, "completed_keys": 2080, "expected_rows": 4800}
{"case": "clean_holdout_umi_t2_len2_4u", "ebno_db": 2.0, "rep": 0, "rows_committed": 8, "completed_keys": 2088, "expected_rows": 4800}
{"case": "clean_holdout_umi_t2_len2_4u", "ebno_db": 2.0, "rep": 1, "rows_committed": 8, "completed_keys": 2096, "expected_rows": 4800}
{"case": "clean_holdout_umi_t2_len2_4u", "ebno_db": 2.0, "rep": 2, "rows_committed": 8, "completed_keys": 2104, "expected_rows": 4800}
{"case": "clean_holdout_umi_t2_len2_4u", "ebno_db": 2.0, "rep": 3, "rows_committed": 8, "completed_keys": 2112, "expected_rows": 4800}
{"case": "clean_holdout_umi_t2_len2_4u", "ebno_db": 2.0, "rep": 4, "rows_committed": 8, "completed_keys": 2120, "expected_rows": 4800}
{"case": "clean_holdout_umi_t2_len2_4u", "ebno_db": 2.0, "rep": 5, "rows_committed": 8, "completed_keys": 2128, "expected_rows": 4800}
{"case": "clean_holdout_umi_t2_len2_4u", "ebno_db": 2.0, "rep": 6, "rows_committed": 8, "completed_keys": 2136, "expected_rows": 4800}
{"case": "clean_holdout_umi_t2_len2_4u", "ebno_db": 2.0, "rep": 7, "rows_committed": 8, "completed_keys": 2144, "expected_rows": 4800}
{"case": "clean_holdout_umi_t2_len2_4u", "ebno_db": 2.0, "rep": 8, "rows_committed": 8, "completed_keys": 2152, "expected_rows": 4800}
{"case": "clean_holdout_umi_t2_len2_4u", "ebno_db": 2.0, "rep": 9, "rows_committed": 8, "completed_keys": 2160, "expected_rows": 4800}
{"case": "clean_holdout_umi_t2_len2_4u", "ebno_db": 6.0, "rep": 0, "rows_committed": 8, "completed_keys": 2168, "expected_rows": 4800}
{"case": "clean_holdout_umi_t2_len2_4u", "ebno_db": 6.0, "rep": 1, "rows_committed": 8, "completed_keys": 2176, "expected_rows": 4800}
{"case": "clean_holdout_umi_t2_len2_4u", "ebno_db": 6.0, "rep": 2, "rows_committed": 8, "completed_keys": 2184, "expected_rows": 4800}
{"case": "clean_holdout_umi_t2_len2_4u", "ebno_db": 6.0, "rep": 3, "rows_committed": 8, "completed_keys": 2192, "expected_rows": 4800}
{"case": "clean_holdout_umi_t2_len2_4u", "ebno_db": 6.0, "rep": 4, "rows_committed": 8, "completed_keys": 2200, "expected_rows": 4800}
{"case": "clean_holdout_umi_t2_len2_4u", "ebno_db": 6.0, "rep": 5, "rows_committed": 8, "completed_keys": 2208, "expected_rows": 4800}
{"case": "clean_holdout_umi_t2_len2_4u", "ebno_db": 6.0, "rep": 6, "rows_committed": 8, "completed_keys": 2216, "expected_rows": 4800}
{"case": "clean_holdout_umi_t2_len2_4u", "ebno_db": 6.0, "rep": 7, "rows_committed": 8, "completed_keys": 2224, "expected_rows": 4800}
{"case": "clean_holdout_umi_t2_len2_4u", "ebno_db": 6.0, "rep": 8, "rows_committed": 8, "completed_keys": 2232, "expected_rows": 4800}
{"case": "clean_holdout_umi_t2_len2_4u", "ebno_db": 6.0, "rep": 9, "rows_committed": 8, "completed_keys": 2240, "expected_rows": 4800}
{"case": "clean_holdout_umi_t2_len2_4u", "ebno_db": 10.0, "rep": 0, "rows_committed": 8, "completed_keys": 2248, "expected_rows": 4800}
{"case": "clean_holdout_umi_t2_len2_4u", "ebno_db": 10.0, "rep": 1, "rows_committed": 8, "completed_keys": 2256, "expected_rows": 4800}
{"case": "clean_holdout_umi_t2_len2_4u", "ebno_db": 10.0, "rep": 2, "rows_committed": 8, "completed_keys": 2264, "expected_rows": 4800}
{"case": "clean_holdout_umi_t2_len2_4u", "ebno_db": 10.0, "rep": 3, "rows_committed": 8, "completed_keys": 2272, "expected_rows": 4800}
{"case": "clean_holdout_umi_t2_len2_4u", "ebno_db": 10.0, "rep": 4, "rows_committed": 8, "completed_keys": 2280, "expected_rows": 4800}
{"case": "clean_holdout_umi_t2_len2_4u", "ebno_db": 10.0, "rep": 5, "rows_committed": 8, "completed_keys": 2288, "expected_rows": 4800}
{"case": "clean_holdout_umi_t2_len2_4u", "ebno_db": 10.0, "rep": 6, "rows_committed": 8, "completed_keys": 2296, "expected_rows": 4800}
{"case": "clean_holdout_umi_t2_len2_4u", "ebno_db": 10.0, "rep": 7, "rows_committed": 8, "completed_keys": 2304, "expected_rows": 4800}
{"case": "clean_holdout_umi_t2_len2_4u", "ebno_db": 10.0, "rep": 8, "rows_committed": 8, "completed_keys": 2312, "expected_rows": 4800}
{"case": "clean_holdout_umi_t2_len2_4u", "ebno_db": 10.0, "rep": 9, "rows_committed": 8, "completed_keys": 2320, "expected_rows": 4800}
{"case": "clean_holdout_umi_t2_len2_4u", "ebno_db": 14.0, "rep": 0, "rows_committed": 8, "completed_keys": 2328, "expected_rows": 4800}
{"case": "clean_holdout_umi_t2_len2_4u", "ebno_db": 14.0, "rep": 1, "rows_committed": 8, "completed_keys": 2336, "expected_rows": 4800}
{"case": "clean_holdout_umi_t2_len2_4u", "ebno_db": 14.0, "rep": 2, "rows_committed": 8, "completed_keys": 2344, "expected_rows": 4800}
{"case": "clean_holdout_umi_t2_len2_4u", "ebno_db": 14.0, "rep": 3, "rows_committed": 8, "completed_keys": 2352, "expected_rows": 4800}
{"case": "clean_holdout_umi_t2_len2_4u", "ebno_db": 14.0, "rep": 4, "rows_committed": 8, "completed_keys": 2360, "expected_rows": 4800}
{"case": "clean_holdout_umi_t2_len2_4u", "ebno_db": 14.0, "rep": 5, "rows_committed": 8, "completed_keys": 2368, "expected_rows": 4800}
{"case": "clean_holdout_umi_t2_len2_4u", "ebno_db": 14.0, "rep": 6, "rows_committed": 8, "completed_keys": 2376, "expected_rows": 4800}
{"case": "clean_holdout_umi_t2_len2_4u", "ebno_db": 14.0, "rep": 7, "rows_committed": 8, "completed_keys": 2384, "expected_rows": 4800}
{"case": "clean_holdout_umi_t2_len2_4u", "ebno_db": 14.0, "rep": 8, "rows_committed": 8, "completed_keys": 2392, "expected_rows": 4800}
{"case": "clean_holdout_umi_t2_len2_4u", "ebno_db": 14.0, "rep": 9, "rows_committed": 8, "completed_keys": 2400, "expected_rows": 4800}
{"case": "clean_holdout_umi_t1_fast_4u", "ebno_db": -2.0, "rep": 0, "rows_committed": 8, "completed_keys": 2408, "expected_rows": 4800}
{"case": "clean_holdout_umi_t1_fast_4u", "ebno_db": -2.0, "rep": 1, "rows_committed": 8, "completed_keys": 2416, "expected_rows": 4800}
{"case": "clean_holdout_umi_t1_fast_4u", "ebno_db": -2.0, "rep": 2, "rows_committed": 8, "completed_keys": 2424, "expected_rows": 4800}
{"case": "clean_holdout_umi_t1_fast_4u", "ebno_db": -2.0, "rep": 3, "rows_committed": 8, "completed_keys": 2432, "expected_rows": 4800}
{"case": "clean_holdout_umi_t1_fast_4u", "ebno_db": -2.0, "rep": 4, "rows_committed": 8, "completed_keys": 2440, "expected_rows": 4800}
{"case": "clean_holdout_umi_t1_fast_4u", "ebno_db": -2.0, "rep": 5, "rows_committed": 8, "completed_keys": 2448, "expected_rows": 4800}
{"case": "clean_holdout_umi_t1_fast_4u", "ebno_db": -2.0, "rep": 6, "rows_committed": 8, "completed_keys": 2456, "expected_rows": 4800}
{"case": "clean_holdout_umi_t1_fast_4u", "ebno_db": -2.0, "rep": 7, "rows_committed": 8, "completed_keys": 2464, "expected_rows": 4800}
{"case": "clean_holdout_umi_t1_fast_4u", "ebno_db": -2.0, "rep": 8, "rows_committed": 8, "completed_keys": 2472, "expected_rows": 4800}
{"case": "clean_holdout_umi_t1_fast_4u", "ebno_db": -2.0, "rep": 9, "rows_committed": 8, "completed_keys": 2480, "expected_rows": 4800}
{"case": "clean_holdout_umi_t1_fast_4u", "ebno_db": 2.0, "rep": 0, "rows_committed": 8, "completed_keys": 2488, "expected_rows": 4800}
{"case": "clean_holdout_umi_t1_fast_4u", "ebno_db": 2.0, "rep": 1, "rows_committed": 8, "completed_keys": 2496, "expected_rows": 4800}
{"case": "clean_holdout_umi_t1_fast_4u", "ebno_db": 2.0, "rep": 2, "rows_committed": 8, "completed_keys": 2504, "expected_rows": 4800}
{"case": "clean_holdout_umi_t1_fast_4u", "ebno_db": 2.0, "rep": 3, "rows_committed": 8, "completed_keys": 2512, "expected_rows": 4800}
{"case": "clean_holdout_umi_t1_fast_4u", "ebno_db": 2.0, "rep": 4, "rows_committed": 8, "completed_keys": 2520, "expected_rows": 4800}
{"case": "clean_holdout_umi_t1_fast_4u", "ebno_db": 2.0, "rep": 5, "rows_committed": 8, "completed_keys": 2528, "expected_rows": 4800}
{"case": "clean_holdout_umi_t1_fast_4u", "ebno_db": 2.0, "rep": 6, "rows_committed": 8, "completed_keys": 2536, "expected_rows": 4800}
{"case": "clean_holdout_umi_t1_fast_4u", "ebno_db": 2.0, "rep": 7, "rows_committed": 8, "completed_keys": 2544, "expected_rows": 4800}
{"case": "clean_holdout_umi_t1_fast_4u", "ebno_db": 2.0, "rep": 8, "rows_committed": 8, "completed_keys": 2552, "expected_rows": 4800}
{"case": "clean_holdout_umi_t1_fast_4u", "ebno_db": 2.0, "rep": 9, "rows_committed": 8, "completed_keys": 2560, "expected_rows": 4800}
{"case": "clean_holdout_umi_t1_fast_4u", "ebno_db": 6.0, "rep": 0, "rows_committed": 8, "completed_keys": 2568, "expected_rows": 4800}
{"case": "clean_holdout_umi_t1_fast_4u", "ebno_db": 6.0, "rep": 1, "rows_committed": 8, "completed_keys": 2576, "expected_rows": 4800}
{"case": "clean_holdout_umi_t1_fast_4u", "ebno_db": 6.0, "rep": 2, "rows_committed": 8, "completed_keys": 2584, "expected_rows": 4800}
{"case": "clean_holdout_umi_t1_fast_4u", "ebno_db": 6.0, "rep": 3, "rows_committed": 8, "completed_keys": 2592, "expected_rows": 4800}
{"case": "clean_holdout_umi_t1_fast_4u", "ebno_db": 6.0, "rep": 4, "rows_committed": 8, "completed_keys": 2600, "expected_rows": 4800}
{"case": "clean_holdout_umi_t1_fast_4u", "ebno_db": 6.0, "rep": 5, "rows_committed": 8, "completed_keys": 2608, "expected_rows": 4800}
{"case": "clean_holdout_umi_t1_fast_4u", "ebno_db": 6.0, "rep": 6, "rows_committed": 8, "completed_keys": 2616, "expected_rows": 4800}
{"case": "clean_holdout_umi_t1_fast_4u", "ebno_db": 6.0, "rep": 7, "rows_committed": 8, "completed_keys": 2624, "expected_rows": 4800}
{"case": "clean_holdout_umi_t1_fast_4u", "ebno_db": 6.0, "rep": 8, "rows_committed": 8, "completed_keys": 2632, "expected_rows": 4800}
{"case": "clean_holdout_umi_t1_fast_4u", "ebno_db": 6.0, "rep": 9, "rows_committed": 8, "completed_keys": 2640, "expected_rows": 4800}
{"case": "clean_holdout_umi_t1_fast_4u", "ebno_db": 10.0, "rep": 0, "rows_committed": 8, "completed_keys": 2648, "expected_rows": 4800}
{"case": "clean_holdout_umi_t1_fast_4u", "ebno_db": 10.0, "rep": 1, "rows_committed": 8, "completed_keys": 2656, "expected_rows": 4800}
{"case": "clean_holdout_umi_t1_fast_4u", "ebno_db": 10.0, "rep": 2, "rows_committed": 8, "completed_keys": 2664, "expected_rows": 4800}
{"case": "clean_holdout_umi_t1_fast_4u", "ebno_db": 10.0, "rep": 3, "rows_committed": 8, "completed_keys": 2672, "expected_rows": 4800}
{"case": "clean_holdout_umi_t1_fast_4u", "ebno_db": 10.0, "rep": 4, "rows_committed": 8, "completed_keys": 2680, "expected_rows": 4800}
{"case": "clean_holdout_umi_t1_fast_4u", "ebno_db": 10.0, "rep": 5, "rows_committed": 8, "completed_keys": 2688, "expected_rows": 4800}
{"case": "clean_holdout_umi_t1_fast_4u", "ebno_db": 10.0, "rep": 6, "rows_committed": 8, "completed_keys": 2696, "expected_rows": 4800}
{"case": "clean_holdout_umi_t1_fast_4u", "ebno_db": 10.0, "rep": 7, "rows_committed": 8, "completed_keys": 2704, "expected_rows": 4800}
{"case": "clean_holdout_umi_t1_fast_4u", "ebno_db": 10.0, "rep": 8, "rows_committed": 8, "completed_keys": 2712, "expected_rows": 4800}
{"case": "clean_holdout_umi_t1_fast_4u", "ebno_db": 10.0, "rep": 9, "rows_committed": 8, "completed_keys": 2720, "expected_rows": 4800}
{"case": "clean_holdout_umi_t1_fast_4u", "ebno_db": 14.0, "rep": 0, "rows_committed": 8, "completed_keys": 2728, "expected_rows": 4800}
{"case": "clean_holdout_umi_t1_fast_4u", "ebno_db": 14.0, "rep": 1, "rows_committed": 8, "completed_keys": 2736, "expected_rows": 4800}
{"case": "clean_holdout_umi_t1_fast_4u", "ebno_db": 14.0, "rep": 2, "rows_committed": 8, "completed_keys": 2744, "expected_rows": 4800}
{"case": "clean_holdout_umi_t1_fast_4u", "ebno_db": 14.0, "rep": 3, "rows_committed": 8, "completed_keys": 2752, "expected_rows": 4800}
{"case": "clean_holdout_umi_t1_fast_4u", "ebno_db": 14.0, "rep": 4, "rows_committed": 8, "completed_keys": 2760, "expected_rows": 4800}
{"case": "clean_holdout_umi_t1_fast_4u", "ebno_db": 14.0, "rep": 5, "rows_committed": 8, "completed_keys": 2768, "expected_rows": 4800}
{"case": "clean_holdout_umi_t1_fast_4u", "ebno_db": 14.0, "rep": 6, "rows_committed": 8, "completed_keys": 2776, "expected_rows": 4800}
{"case": "clean_holdout_umi_t1_fast_4u", "ebno_db": 14.0, "rep": 7, "rows_committed": 8, "completed_keys": 2784, "expected_rows": 4800}
{"case": "clean_holdout_umi_t1_fast_4u", "ebno_db": 14.0, "rep": 8, "rows_committed": 8, "completed_keys": 2792, "expected_rows": 4800}
{"case": "clean_holdout_umi_t1_fast_4u", "ebno_db": 14.0, "rep": 9, "rows_committed": 8, "completed_keys": 2800, "expected_rows": 4800}
{"case": "clean_holdout_uma_t1_ds300_4u", "ebno_db": -2.0, "rep": 0, "rows_committed": 8, "completed_keys": 2808, "expected_rows": 4800}
{"case": "clean_holdout_uma_t1_ds300_4u", "ebno_db": -2.0, "rep": 1, "rows_committed": 8, "completed_keys": 2816, "expected_rows": 4800}
{"case": "clean_holdout_uma_t1_ds300_4u", "ebno_db": -2.0, "rep": 2, "rows_committed": 8, "completed_keys": 2824, "expected_rows": 4800}
{"case": "clean_holdout_uma_t1_ds300_4u", "ebno_db": -2.0, "rep": 3, "rows_committed": 8, "completed_keys": 2832, "expected_rows": 4800}
{"case": "clean_holdout_uma_t1_ds300_4u", "ebno_db": -2.0, "rep": 4, "rows_committed": 8, "completed_keys": 2840, "expected_rows": 4800}
{"case": "clean_holdout_uma_t1_ds300_4u", "ebno_db": -2.0, "rep": 5, "rows_committed": 8, "completed_keys": 2848, "expected_rows": 4800}
{"case": "clean_holdout_uma_t1_ds300_4u", "ebno_db": -2.0, "rep": 6, "rows_committed": 8, "completed_keys": 2856, "expected_rows": 4800}
{"case": "clean_holdout_uma_t1_ds300_4u", "ebno_db": -2.0, "rep": 7, "rows_committed": 8, "completed_keys": 2864, "expected_rows": 4800}
{"case": "clean_holdout_uma_t1_ds300_4u", "ebno_db": -2.0, "rep": 8, "rows_committed": 8, "completed_keys": 2872, "expected_rows": 4800}
{"case": "clean_holdout_uma_t1_ds300_4u", "ebno_db": -2.0, "rep": 9, "rows_committed": 8, "completed_keys": 2880, "expected_rows": 4800}
{"case": "clean_holdout_uma_t1_ds300_4u", "ebno_db": 2.0, "rep": 0, "rows_committed": 8, "completed_keys": 2888, "expected_rows": 4800}
{"case": "clean_holdout_uma_t1_ds300_4u", "ebno_db": 2.0, "rep": 1, "rows_committed": 8, "completed_keys": 2896, "expected_rows": 4800}
{"case": "clean_holdout_uma_t1_ds300_4u", "ebno_db": 2.0, "rep": 2, "rows_committed": 8, "completed_keys": 2904, "expected_rows": 4800}
{"case": "clean_holdout_uma_t1_ds300_4u", "ebno_db": 2.0, "rep": 3, "rows_committed": 8, "completed_keys": 2912, "expected_rows": 4800}
{"case": "clean_holdout_uma_t1_ds300_4u", "ebno_db": 2.0, "rep": 4, "rows_committed": 8, "completed_keys": 2920, "expected_rows": 4800}
{"case": "clean_holdout_uma_t1_ds300_4u", "ebno_db": 2.0, "rep": 5, "rows_committed": 8, "completed_keys": 2928, "expected_rows": 4800}
{"case": "clean_holdout_uma_t1_ds300_4u", "ebno_db": 2.0, "rep": 6, "rows_committed": 8, "completed_keys": 2936, "expected_rows": 4800}
{"case": "clean_holdout_uma_t1_ds300_4u", "ebno_db": 2.0, "rep": 7, "rows_committed": 8, "completed_keys": 2944, "expected_rows": 4800}
{"case": "clean_holdout_uma_t1_ds300_4u", "ebno_db": 2.0, "rep": 8, "rows_committed": 8, "completed_keys": 2952, "expected_rows": 4800}
{"case": "clean_holdout_uma_t1_ds300_4u", "ebno_db": 2.0, "rep": 9, "rows_committed": 8, "completed_keys": 2960, "expected_rows": 4800}
{"case": "clean_holdout_uma_t1_ds300_4u", "ebno_db": 6.0, "rep": 0, "rows_committed": 8, "completed_keys": 2968, "expected_rows": 4800}
{"case": "clean_holdout_uma_t1_ds300_4u", "ebno_db": 6.0, "rep": 1, "rows_committed": 8, "completed_keys": 2976, "expected_rows": 4800}
{"case": "clean_holdout_uma_t1_ds300_4u", "ebno_db": 6.0, "rep": 2, "rows_committed": 8, "completed_keys": 2984, "expected_rows": 4800}
{"case": "clean_holdout_uma_t1_ds300_4u", "ebno_db": 6.0, "rep": 3, "rows_committed": 8, "completed_keys": 2992, "expected_rows": 4800}
{"case": "clean_holdout_uma_t1_ds300_4u", "ebno_db": 6.0, "rep": 4, "rows_committed": 8, "completed_keys": 3000, "expected_rows": 4800}
{"case": "clean_holdout_uma_t1_ds300_4u", "ebno_db": 6.0, "rep": 5, "rows_committed": 8, "completed_keys": 3008, "expected_rows": 4800}
{"case": "clean_holdout_uma_t1_ds300_4u", "ebno_db": 6.0, "rep": 6, "rows_committed": 8, "completed_keys": 3016, "expected_rows": 4800}
{"case": "clean_holdout_uma_t1_ds300_4u", "ebno_db": 6.0, "rep": 7, "rows_committed": 8, "completed_keys": 3024, "expected_rows": 4800}
{"case": "clean_holdout_uma_t1_ds300_4u", "ebno_db": 6.0, "rep": 8, "rows_committed": 8, "completed_keys": 3032, "expected_rows": 4800}
{"case": "clean_holdout_uma_t1_ds300_4u", "ebno_db": 6.0, "rep": 9, "rows_committed": 8, "completed_keys": 3040, "expected_rows": 4800}
{"case": "clean_holdout_uma_t1_ds300_4u", "ebno_db": 10.0, "rep": 0, "rows_committed": 8, "completed_keys": 3048, "expected_rows": 4800}
{"case": "clean_holdout_uma_t1_ds300_4u", "ebno_db": 10.0, "rep": 1, "rows_committed": 8, "completed_keys": 3056, "expected_rows": 4800}
{"case": "clean_holdout_uma_t1_ds300_4u", "ebno_db": 10.0, "rep": 2, "rows_committed": 8, "completed_keys": 3064, "expected_rows": 4800}
{"case": "clean_holdout_uma_t1_ds300_4u", "ebno_db": 10.0, "rep": 3, "rows_committed": 8, "completed_keys": 3072, "expected_rows": 4800}
{"case": "clean_holdout_uma_t1_ds300_4u", "ebno_db": 10.0, "rep": 4, "rows_committed": 8, "completed_keys": 3080, "expected_rows": 4800}
{"case": "clean_holdout_uma_t1_ds300_4u", "ebno_db": 10.0, "rep": 5, "rows_committed": 8, "completed_keys": 3088, "expected_rows": 4800}
{"case": "clean_holdout_uma_t1_ds300_4u", "ebno_db": 10.0, "rep": 6, "rows_committed": 8, "completed_keys": 3096, "expected_rows": 4800}
{"case": "clean_holdout_uma_t1_ds300_4u", "ebno_db": 10.0, "rep": 7, "rows_committed": 8, "completed_keys": 3104, "expected_rows": 4800}
{"case": "clean_holdout_uma_t1_ds300_4u", "ebno_db": 10.0, "rep": 8, "rows_committed": 8, "completed_keys": 3112, "expected_rows": 4800}
{"case": "clean_holdout_uma_t1_ds300_4u", "ebno_db": 10.0, "rep": 9, "rows_committed": 8, "completed_keys": 3120, "expected_rows": 4800}
{"case": "clean_holdout_uma_t1_ds300_4u", "ebno_db": 14.0, "rep": 0, "rows_committed": 8, "completed_keys": 3128, "expected_rows": 4800}
{"case": "clean_holdout_uma_t1_ds300_4u", "ebno_db": 14.0, "rep": 1, "rows_committed": 8, "completed_keys": 3136, "expected_rows": 4800}
{"case": "clean_holdout_uma_t1_ds300_4u", "ebno_db": 14.0, "rep": 2, "rows_committed": 8, "completed_keys": 3144, "expected_rows": 4800}
{"case": "clean_holdout_uma_t1_ds300_4u", "ebno_db": 14.0, "rep": 3, "rows_committed": 8, "completed_keys": 3152, "expected_rows": 4800}
{"case": "clean_holdout_uma_t1_ds300_4u", "ebno_db": 14.0, "rep": 4, "rows_committed": 8, "completed_keys": 3160, "expected_rows": 4800}
{"case": "clean_holdout_uma_t1_ds300_4u", "ebno_db": 14.0, "rep": 5, "rows_committed": 8, "completed_keys": 3168, "expected_rows": 4800}
{"case": "clean_holdout_uma_t1_ds300_4u", "ebno_db": 14.0, "rep": 6, "rows_committed": 8, "completed_keys": 3176, "expected_rows": 4800}
{"case": "clean_holdout_uma_t1_ds300_4u", "ebno_db": 14.0, "rep": 7, "rows_committed": 8, "completed_keys": 3184, "expected_rows": 4800}
{"case": "clean_holdout_uma_t1_ds300_4u", "ebno_db": 14.0, "rep": 8, "rows_committed": 8, "completed_keys": 3192, "expected_rows": 4800}
{"case": "clean_holdout_uma_t1_ds300_4u", "ebno_db": 14.0, "rep": 9, "rows_committed": 8, "completed_keys": 3200, "expected_rows": 4800}
{"case": "clean_holdout_cdl_c_1u1l", "ebno_db": -2.0, "rep": 0, "rows_committed": 8, "completed_keys": 3208, "expected_rows": 4800}
{"case": "clean_holdout_cdl_c_1u1l", "ebno_db": -2.0, "rep": 1, "rows_committed": 8, "completed_keys": 3216, "expected_rows": 4800}
{"case": "clean_holdout_cdl_c_1u1l", "ebno_db": -2.0, "rep": 2, "rows_committed": 8, "completed_keys": 3224, "expected_rows": 4800}
{"case": "clean_holdout_cdl_c_1u1l", "ebno_db": -2.0, "rep": 3, "rows_committed": 8, "completed_keys": 3232, "expected_rows": 4800}
{"case": "clean_holdout_cdl_c_1u1l", "ebno_db": -2.0, "rep": 4, "rows_committed": 8, "completed_keys": 3240, "expected_rows": 4800}
{"case": "clean_holdout_cdl_c_1u1l", "ebno_db": -2.0, "rep": 5, "rows_committed": 8, "completed_keys": 3248, "expected_rows": 4800}
{"case": "clean_holdout_cdl_c_1u1l", "ebno_db": -2.0, "rep": 6, "rows_committed": 8, "completed_keys": 3256, "expected_rows": 4800}
{"case": "clean_holdout_cdl_c_1u1l", "ebno_db": -2.0, "rep": 7, "rows_committed": 8, "completed_keys": 3264, "expected_rows": 4800}
{"case": "clean_holdout_cdl_c_1u1l", "ebno_db": -2.0, "rep": 8, "rows_committed": 8, "completed_keys": 3272, "expected_rows": 4800}
{"case": "clean_holdout_cdl_c_1u1l", "ebno_db": -2.0, "rep": 9, "rows_committed": 8, "completed_keys": 3280, "expected_rows": 4800}
{"case": "clean_holdout_cdl_c_1u1l", "ebno_db": 2.0, "rep": 0, "rows_committed": 8, "completed_keys": 3288, "expected_rows": 4800}
{"case": "clean_holdout_cdl_c_1u1l", "ebno_db": 2.0, "rep": 1, "rows_committed": 8, "completed_keys": 3296, "expected_rows": 4800}
{"case": "clean_holdout_cdl_c_1u1l", "ebno_db": 2.0, "rep": 2, "rows_committed": 8, "completed_keys": 3304, "expected_rows": 4800}
{"case": "clean_holdout_cdl_c_1u1l", "ebno_db": 2.0, "rep": 3, "rows_committed": 8, "completed_keys": 3312, "expected_rows": 4800}
{"case": "clean_holdout_cdl_c_1u1l", "ebno_db": 2.0, "rep": 4, "rows_committed": 8, "completed_keys": 3320, "expected_rows": 4800}
{"case": "clean_holdout_cdl_c_1u1l", "ebno_db": 2.0, "rep": 5, "rows_committed": 8, "completed_keys": 3328, "expected_rows": 4800}
{"case": "clean_holdout_cdl_c_1u1l", "ebno_db": 2.0, "rep": 6, "rows_committed": 8, "completed_keys": 3336, "expected_rows": 4800}
{"case": "clean_holdout_cdl_c_1u1l", "ebno_db": 2.0, "rep": 7, "rows_committed": 8, "completed_keys": 3344, "expected_rows": 4800}
{"case": "clean_holdout_cdl_c_1u1l", "ebno_db": 2.0, "rep": 8, "rows_committed": 8, "completed_keys": 3352, "expected_rows": 4800}
{"case": "clean_holdout_cdl_c_1u1l", "ebno_db": 2.0, "rep": 9, "rows_committed": 8, "completed_keys": 3360, "expected_rows": 4800}
{"case": "clean_holdout_cdl_c_1u1l", "ebno_db": 6.0, "rep": 0, "rows_committed": 8, "completed_keys": 3368, "expected_rows": 4800}
{"case": "clean_holdout_cdl_c_1u1l", "ebno_db": 6.0, "rep": 1, "rows_committed": 8, "completed_keys": 3376, "expected_rows": 4800}
{"case": "clean_holdout_cdl_c_1u1l", "ebno_db": 6.0, "rep": 2, "rows_committed": 8, "completed_keys": 3384, "expected_rows": 4800}
{"case": "clean_holdout_cdl_c_1u1l", "ebno_db": 6.0, "rep": 3, "rows_committed": 8, "completed_keys": 3392, "expected_rows": 4800}
{"case": "clean_holdout_cdl_c_1u1l", "ebno_db": 6.0, "rep": 4, "rows_committed": 8, "completed_keys": 3400, "expected_rows": 4800}
{"case": "clean_holdout_cdl_c_1u1l", "ebno_db": 6.0, "rep": 5, "rows_committed": 8, "completed_keys": 3408, "expected_rows": 4800}
{"case": "clean_holdout_cdl_c_1u1l", "ebno_db": 6.0, "rep": 6, "rows_committed": 8, "completed_keys": 3416, "expected_rows": 4800}
{"case": "clean_holdout_cdl_c_1u1l", "ebno_db": 6.0, "rep": 7, "rows_committed": 8, "completed_keys": 3424, "expected_rows": 4800}
{"case": "clean_holdout_cdl_c_1u1l", "ebno_db": 6.0, "rep": 8, "rows_committed": 8, "completed_keys": 3432, "expected_rows": 4800}
{"case": "clean_holdout_cdl_c_1u1l", "ebno_db": 6.0, "rep": 9, "rows_committed": 8, "completed_keys": 3440, "expected_rows": 4800}
{"case": "clean_holdout_cdl_c_1u1l", "ebno_db": 10.0, "rep": 0, "rows_committed": 8, "completed_keys": 3448, "expected_rows": 4800}
{"case": "clean_holdout_cdl_c_1u1l", "ebno_db": 10.0, "rep": 1, "rows_committed": 8, "completed_keys": 3456, "expected_rows": 4800}
{"case": "clean_holdout_cdl_c_1u1l", "ebno_db": 10.0, "rep": 2, "rows_committed": 8, "completed_keys": 3464, "expected_rows": 4800}
{"case": "clean_holdout_cdl_c_1u1l", "ebno_db": 10.0, "rep": 3, "rows_committed": 8, "completed_keys": 3472, "expected_rows": 4800}
{"case": "clean_holdout_cdl_c_1u1l", "ebno_db": 10.0, "rep": 4, "rows_committed": 8, "completed_keys": 3480, "expected_rows": 4800}
{"case": "clean_holdout_cdl_c_1u1l", "ebno_db": 10.0, "rep": 5, "rows_committed": 8, "completed_keys": 3488, "expected_rows": 4800}
{"case": "clean_holdout_cdl_c_1u1l", "ebno_db": 10.0, "rep": 6, "rows_committed": 8, "completed_keys": 3496, "expected_rows": 4800}
{"case": "clean_holdout_cdl_c_1u1l", "ebno_db": 10.0, "rep": 7, "rows_committed": 8, "completed_keys": 3504, "expected_rows": 4800}
{"case": "clean_holdout_cdl_c_1u1l", "ebno_db": 10.0, "rep": 8, "rows_committed": 8, "completed_keys": 3512, "expected_rows": 4800}
{"case": "clean_holdout_cdl_c_1u1l", "ebno_db": 10.0, "rep": 9, "rows_committed": 8, "completed_keys": 3520, "expected_rows": 4800}
{"case": "clean_holdout_cdl_c_1u1l", "ebno_db": 14.0, "rep": 0, "rows_committed": 8, "completed_keys": 3528, "expected_rows": 4800}
{"case": "clean_holdout_cdl_c_1u1l", "ebno_db": 14.0, "rep": 1, "rows_committed": 8, "completed_keys": 3536, "expected_rows": 4800}
{"case": "clean_holdout_cdl_c_1u1l", "ebno_db": 14.0, "rep": 2, "rows_committed": 8, "completed_keys": 3544, "expected_rows": 4800}
{"case": "clean_holdout_cdl_c_1u1l", "ebno_db": 14.0, "rep": 3, "rows_committed": 8, "completed_keys": 3552, "expected_rows": 4800}
{"case": "clean_holdout_cdl_c_1u1l", "ebno_db": 14.0, "rep": 4, "rows_committed": 8, "completed_keys": 3560, "expected_rows": 4800}
{"case": "clean_holdout_cdl_c_1u1l", "ebno_db": 14.0, "rep": 5, "rows_committed": 8, "completed_keys": 3568, "expected_rows": 4800}
{"case": "clean_holdout_cdl_c_1u1l", "ebno_db": 14.0, "rep": 6, "rows_committed": 8, "completed_keys": 3576, "expected_rows": 4800}
{"case": "clean_holdout_cdl_c_1u1l", "ebno_db": 14.0, "rep": 7, "rows_committed": 8, "completed_keys": 3584, "expected_rows": 4800}
{"case": "clean_holdout_cdl_c_1u1l", "ebno_db": 14.0, "rep": 8, "rows_committed": 8, "completed_keys": 3592, "expected_rows": 4800}
{"case": "clean_holdout_cdl_c_1u1l", "ebno_db": 14.0, "rep": 9, "rows_committed": 8, "completed_keys": 3600, "expected_rows": 4800}
{"case": "clean_holdout_cdl_d_1u1l", "ebno_db": -2.0, "rep": 0, "rows_committed": 8, "completed_keys": 3608, "expected_rows": 4800}
{"case": "clean_holdout_cdl_d_1u1l", "ebno_db": -2.0, "rep": 1, "rows_committed": 8, "completed_keys": 3616, "expected_rows": 4800}
{"case": "clean_holdout_cdl_d_1u1l", "ebno_db": -2.0, "rep": 2, "rows_committed": 8, "completed_keys": 3624, "expected_rows": 4800}
{"case": "clean_holdout_cdl_d_1u1l", "ebno_db": -2.0, "rep": 3, "rows_committed": 8, "completed_keys": 3632, "expected_rows": 4800}
{"case": "clean_holdout_cdl_d_1u1l", "ebno_db": -2.0, "rep": 4, "rows_committed": 8, "completed_keys": 3640, "expected_rows": 4800}
{"case": "clean_holdout_cdl_d_1u1l", "ebno_db": -2.0, "rep": 5, "rows_committed": 8, "completed_keys": 3648, "expected_rows": 4800}
{"case": "clean_holdout_cdl_d_1u1l", "ebno_db": -2.0, "rep": 6, "rows_committed": 8, "completed_keys": 3656, "expected_rows": 4800}
{"case": "clean_holdout_cdl_d_1u1l", "ebno_db": -2.0, "rep": 7, "rows_committed": 8, "completed_keys": 3664, "expected_rows": 4800}
{"case": "clean_holdout_cdl_d_1u1l", "ebno_db": -2.0, "rep": 8, "rows_committed": 8, "completed_keys": 3672, "expected_rows": 4800}
{"case": "clean_holdout_cdl_d_1u1l", "ebno_db": -2.0, "rep": 9, "rows_committed": 8, "completed_keys": 3680, "expected_rows": 4800}
{"case": "clean_holdout_cdl_d_1u1l", "ebno_db": 2.0, "rep": 0, "rows_committed": 8, "completed_keys": 3688, "expected_rows": 4800}
{"case": "clean_holdout_cdl_d_1u1l", "ebno_db": 2.0, "rep": 1, "rows_committed": 8, "completed_keys": 3696, "expected_rows": 4800}
{"case": "clean_holdout_cdl_d_1u1l", "ebno_db": 2.0, "rep": 2, "rows_committed": 8, "completed_keys": 3704, "expected_rows": 4800}
{"case": "clean_holdout_cdl_d_1u1l", "ebno_db": 2.0, "rep": 3, "rows_committed": 8, "completed_keys": 3712, "expected_rows": 4800}
{"case": "clean_holdout_cdl_d_1u1l", "ebno_db": 2.0, "rep": 4, "rows_committed": 8, "completed_keys": 3720, "expected_rows": 4800}
{"case": "clean_holdout_cdl_d_1u1l", "ebno_db": 2.0, "rep": 5, "rows_committed": 8, "completed_keys": 3728, "expected_rows": 4800}
{"case": "clean_holdout_cdl_d_1u1l", "ebno_db": 2.0, "rep": 6, "rows_committed": 8, "completed_keys": 3736, "expected_rows": 4800}
{"case": "clean_holdout_cdl_d_1u1l", "ebno_db": 2.0, "rep": 7, "rows_committed": 8, "completed_keys": 3744, "expected_rows": 4800}
{"case": "clean_holdout_cdl_d_1u1l", "ebno_db": 2.0, "rep": 8, "rows_committed": 8, "completed_keys": 3752, "expected_rows": 4800}
{"case": "clean_holdout_cdl_d_1u1l", "ebno_db": 2.0, "rep": 9, "rows_committed": 8, "completed_keys": 3760, "expected_rows": 4800}
{"case": "clean_holdout_cdl_d_1u1l", "ebno_db": 6.0, "rep": 0, "rows_committed": 8, "completed_keys": 3768, "expected_rows": 4800}
{"case": "clean_holdout_cdl_d_1u1l", "ebno_db": 6.0, "rep": 1, "rows_committed": 8, "completed_keys": 3776, "expected_rows": 4800}
{"case": "clean_holdout_cdl_d_1u1l", "ebno_db": 6.0, "rep": 2, "rows_committed": 8, "completed_keys": 3784, "expected_rows": 4800}
{"case": "clean_holdout_cdl_d_1u1l", "ebno_db": 6.0, "rep": 3, "rows_committed": 8, "completed_keys": 3792, "expected_rows": 4800}
{"case": "clean_holdout_cdl_d_1u1l", "ebno_db": 6.0, "rep": 4, "rows_committed": 8, "completed_keys": 3800, "expected_rows": 4800}
{"case": "clean_holdout_cdl_d_1u1l", "ebno_db": 6.0, "rep": 5, "rows_committed": 8, "completed_keys": 3808, "expected_rows": 4800}
{"case": "clean_holdout_cdl_d_1u1l", "ebno_db": 6.0, "rep": 6, "rows_committed": 8, "completed_keys": 3816, "expected_rows": 4800}
{"case": "clean_holdout_cdl_d_1u1l", "ebno_db": 6.0, "rep": 7, "rows_committed": 8, "completed_keys": 3824, "expected_rows": 4800}
{"case": "clean_holdout_cdl_d_1u1l", "ebno_db": 6.0, "rep": 8, "rows_committed": 8, "completed_keys": 3832, "expected_rows": 4800}
{"case": "clean_holdout_cdl_d_1u1l", "ebno_db": 6.0, "rep": 9, "rows_committed": 8, "completed_keys": 3840, "expected_rows": 4800}
{"case": "clean_holdout_cdl_d_1u1l", "ebno_db": 10.0, "rep": 0, "rows_committed": 8, "completed_keys": 3848, "expected_rows": 4800}
{"case": "clean_holdout_cdl_d_1u1l", "ebno_db": 10.0, "rep": 1, "rows_committed": 8, "completed_keys": 3856, "expected_rows": 4800}
{"case": "clean_holdout_cdl_d_1u1l", "ebno_db": 10.0, "rep": 2, "rows_committed": 8, "completed_keys": 3864, "expected_rows": 4800}
{"case": "clean_holdout_cdl_d_1u1l", "ebno_db": 10.0, "rep": 3, "rows_committed": 8, "completed_keys": 3872, "expected_rows": 4800}
{"case": "clean_holdout_cdl_d_1u1l", "ebno_db": 10.0, "rep": 4, "rows_committed": 8, "completed_keys": 3880, "expected_rows": 4800}
{"case": "clean_holdout_cdl_d_1u1l", "ebno_db": 10.0, "rep": 5, "rows_committed": 8, "completed_keys": 3888, "expected_rows": 4800}
{"case": "clean_holdout_cdl_d_1u1l", "ebno_db": 10.0, "rep": 6, "rows_committed": 8, "completed_keys": 3896, "expected_rows": 4800}
{"case": "clean_holdout_cdl_d_1u1l", "ebno_db": 10.0, "rep": 7, "rows_committed": 8, "completed_keys": 3904, "expected_rows": 4800}
{"case": "clean_holdout_cdl_d_1u1l", "ebno_db": 10.0, "rep": 8, "rows_committed": 8, "completed_keys": 3912, "expected_rows": 4800}
{"case": "clean_holdout_cdl_d_1u1l", "ebno_db": 10.0, "rep": 9, "rows_committed": 8, "completed_keys": 3920, "expected_rows": 4800}
{"case": "clean_holdout_cdl_d_1u1l", "ebno_db": 14.0, "rep": 0, "rows_committed": 8, "completed_keys": 3928, "expected_rows": 4800}
{"case": "clean_holdout_cdl_d_1u1l", "ebno_db": 14.0, "rep": 1, "rows_committed": 8, "completed_keys": 3936, "expected_rows": 4800}
{"case": "clean_holdout_cdl_d_1u1l", "ebno_db": 14.0, "rep": 2, "rows_committed": 8, "completed_keys": 3944, "expected_rows": 4800}
{"case": "clean_holdout_cdl_d_1u1l", "ebno_db": 14.0, "rep": 3, "rows_committed": 8, "completed_keys": 3952, "expected_rows": 4800}
{"case": "clean_holdout_cdl_d_1u1l", "ebno_db": 14.0, "rep": 4, "rows_committed": 8, "completed_keys": 3960, "expected_rows": 4800}
{"case": "clean_holdout_cdl_d_1u1l", "ebno_db": 14.0, "rep": 5, "rows_committed": 8, "completed_keys": 3968, "expected_rows": 4800}
{"case": "clean_holdout_cdl_d_1u1l", "ebno_db": 14.0, "rep": 6, "rows_committed": 8, "completed_keys": 3976, "expected_rows": 4800}
{"case": "clean_holdout_cdl_d_1u1l", "ebno_db": 14.0, "rep": 7, "rows_committed": 8, "completed_keys": 3984, "expected_rows": 4800}
{"case": "clean_holdout_cdl_d_1u1l", "ebno_db": 14.0, "rep": 8, "rows_committed": 8, "completed_keys": 3992, "expected_rows": 4800}
{"case": "clean_holdout_cdl_d_1u1l", "ebno_db": 14.0, "rep": 9, "rows_committed": 8, "completed_keys": 4000, "expected_rows": 4800}
{"case": "clean_holdout_umi_t1_8prb_4u", "ebno_db": -2.0, "rep": 0, "rows_committed": 8, "completed_keys": 4008, "expected_rows": 4800}
{"case": "clean_holdout_umi_t1_8prb_4u", "ebno_db": -2.0, "rep": 1, "rows_committed": 8, "completed_keys": 4016, "expected_rows": 4800}
{"case": "clean_holdout_umi_t1_8prb_4u", "ebno_db": -2.0, "rep": 2, "rows_committed": 8, "completed_keys": 4024, "expected_rows": 4800}
{"case": "clean_holdout_umi_t1_8prb_4u", "ebno_db": -2.0, "rep": 3, "rows_committed": 8, "completed_keys": 4032, "expected_rows": 4800}
{"case": "clean_holdout_umi_t1_8prb_4u", "ebno_db": -2.0, "rep": 4, "rows_committed": 8, "completed_keys": 4040, "expected_rows": 4800}
{"case": "clean_holdout_umi_t1_8prb_4u", "ebno_db": -2.0, "rep": 5, "rows_committed": 8, "completed_keys": 4048, "expected_rows": 4800}
{"case": "clean_holdout_umi_t1_8prb_4u", "ebno_db": -2.0, "rep": 6, "rows_committed": 8, "completed_keys": 4056, "expected_rows": 4800}
{"case": "clean_holdout_umi_t1_8prb_4u", "ebno_db": -2.0, "rep": 7, "rows_committed": 8, "completed_keys": 4064, "expected_rows": 4800}
{"case": "clean_holdout_umi_t1_8prb_4u", "ebno_db": -2.0, "rep": 8, "rows_committed": 8, "completed_keys": 4072, "expected_rows": 4800}
{"case": "clean_holdout_umi_t1_8prb_4u", "ebno_db": -2.0, "rep": 9, "rows_committed": 8, "completed_keys": 4080, "expected_rows": 4800}
{"case": "clean_holdout_umi_t1_8prb_4u", "ebno_db": 2.0, "rep": 0, "rows_committed": 8, "completed_keys": 4088, "expected_rows": 4800}
{"case": "clean_holdout_umi_t1_8prb_4u", "ebno_db": 2.0, "rep": 1, "rows_committed": 8, "completed_keys": 4096, "expected_rows": 4800}
{"case": "clean_holdout_umi_t1_8prb_4u", "ebno_db": 2.0, "rep": 2, "rows_committed": 8, "completed_keys": 4104, "expected_rows": 4800}
{"case": "clean_holdout_umi_t1_8prb_4u", "ebno_db": 2.0, "rep": 3, "rows_committed": 8, "completed_keys": 4112, "expected_rows": 4800}
{"case": "clean_holdout_umi_t1_8prb_4u", "ebno_db": 2.0, "rep": 4, "rows_committed": 8, "completed_keys": 4120, "expected_rows": 4800}
{"case": "clean_holdout_umi_t1_8prb_4u", "ebno_db": 2.0, "rep": 5, "rows_committed": 8, "completed_keys": 4128, "expected_rows": 4800}
{"case": "clean_holdout_umi_t1_8prb_4u", "ebno_db": 2.0, "rep": 6, "rows_committed": 8, "completed_keys": 4136, "expected_rows": 4800}
{"case": "clean_holdout_umi_t1_8prb_4u", "ebno_db": 2.0, "rep": 7, "rows_committed": 8, "completed_keys": 4144, "expected_rows": 4800}
{"case": "clean_holdout_umi_t1_8prb_4u", "ebno_db": 2.0, "rep": 8, "rows_committed": 8, "completed_keys": 4152, "expected_rows": 4800}
{"case": "clean_holdout_umi_t1_8prb_4u", "ebno_db": 2.0, "rep": 9, "rows_committed": 8, "completed_keys": 4160, "expected_rows": 4800}
{"case": "clean_holdout_umi_t1_8prb_4u", "ebno_db": 6.0, "rep": 0, "rows_committed": 8, "completed_keys": 4168, "expected_rows": 4800}
{"case": "clean_holdout_umi_t1_8prb_4u", "ebno_db": 6.0, "rep": 1, "rows_committed": 8, "completed_keys": 4176, "expected_rows": 4800}
{"case": "clean_holdout_umi_t1_8prb_4u", "ebno_db": 6.0, "rep": 2, "rows_committed": 8, "completed_keys": 4184, "expected_rows": 4800}
{"case": "clean_holdout_umi_t1_8prb_4u", "ebno_db": 6.0, "rep": 3, "rows_committed": 8, "completed_keys": 4192, "expected_rows": 4800}
{"case": "clean_holdout_umi_t1_8prb_4u", "ebno_db": 6.0, "rep": 4, "rows_committed": 8, "completed_keys": 4200, "expected_rows": 4800}
{"case": "clean_holdout_umi_t1_8prb_4u", "ebno_db": 6.0, "rep": 5, "rows_committed": 8, "completed_keys": 4208, "expected_rows": 4800}
{"case": "clean_holdout_umi_t1_8prb_4u", "ebno_db": 6.0, "rep": 6, "rows_committed": 8, "completed_keys": 4216, "expected_rows": 4800}
{"case": "clean_holdout_umi_t1_8prb_4u", "ebno_db": 6.0, "rep": 7, "rows_committed": 8, "completed_keys": 4224, "expected_rows": 4800}
{"case": "clean_holdout_umi_t1_8prb_4u", "ebno_db": 6.0, "rep": 8, "rows_committed": 8, "completed_keys": 4232, "expected_rows": 4800}
{"case": "clean_holdout_umi_t1_8prb_4u", "ebno_db": 6.0, "rep": 9, "rows_committed": 8, "completed_keys": 4240, "expected_rows": 4800}
{"case": "clean_holdout_umi_t1_8prb_4u", "ebno_db": 10.0, "rep": 0, "rows_committed": 8, "completed_keys": 4248, "expected_rows": 4800}
{"case": "clean_holdout_umi_t1_8prb_4u", "ebno_db": 10.0, "rep": 1, "rows_committed": 8, "completed_keys": 4256, "expected_rows": 4800}
{"case": "clean_holdout_umi_t1_8prb_4u", "ebno_db": 10.0, "rep": 2, "rows_committed": 8, "completed_keys": 4264, "expected_rows": 4800}
{"case": "clean_holdout_umi_t1_8prb_4u", "ebno_db": 10.0, "rep": 3, "rows_committed": 8, "completed_keys": 4272, "expected_rows": 4800}
{"case": "clean_holdout_umi_t1_8prb_4u", "ebno_db": 10.0, "rep": 4, "rows_committed": 8, "completed_keys": 4280, "expected_rows": 4800}
{"case": "clean_holdout_umi_t1_8prb_4u", "ebno_db": 10.0, "rep": 5, "rows_committed": 8, "completed_keys": 4288, "expected_rows": 4800}
{"case": "clean_holdout_umi_t1_8prb_4u", "ebno_db": 10.0, "rep": 6, "rows_committed": 8, "completed_keys": 4296, "expected_rows": 4800}
{"case": "clean_holdout_umi_t1_8prb_4u", "ebno_db": 10.0, "rep": 7, "rows_committed": 8, "completed_keys": 4304, "expected_rows": 4800}
{"case": "clean_holdout_umi_t1_8prb_4u", "ebno_db": 10.0, "rep": 8, "rows_committed": 8, "completed_keys": 4312, "expected_rows": 4800}
{"case": "clean_holdout_umi_t1_8prb_4u", "ebno_db": 10.0, "rep": 9, "rows_committed": 8, "completed_keys": 4320, "expected_rows": 4800}
{"case": "clean_holdout_umi_t1_8prb_4u", "ebno_db": 14.0, "rep": 0, "rows_committed": 8, "completed_keys": 4328, "expected_rows": 4800}
{"case": "clean_holdout_umi_t1_8prb_4u", "ebno_db": 14.0, "rep": 1, "rows_committed": 8, "completed_keys": 4336, "expected_rows": 4800}
{"case": "clean_holdout_umi_t1_8prb_4u", "ebno_db": 14.0, "rep": 2, "rows_committed": 8, "completed_keys": 4344, "expected_rows": 4800}
{"case": "clean_holdout_umi_t1_8prb_4u", "ebno_db": 14.0, "rep": 3, "rows_committed": 8, "completed_keys": 4352, "expected_rows": 4800}
{"case": "clean_holdout_umi_t1_8prb_4u", "ebno_db": 14.0, "rep": 4, "rows_committed": 8, "completed_keys": 4360, "expected_rows": 4800}
{"case": "clean_holdout_umi_t1_8prb_4u", "ebno_db": 14.0, "rep": 5, "rows_committed": 8, "completed_keys": 4368, "expected_rows": 4800}
{"case": "clean_holdout_umi_t1_8prb_4u", "ebno_db": 14.0, "rep": 6, "rows_committed": 8, "completed_keys": 4376, "expected_rows": 4800}
{"case": "clean_holdout_umi_t1_8prb_4u", "ebno_db": 14.0, "rep": 7, "rows_committed": 8, "completed_keys": 4384, "expected_rows": 4800}
{"case": "clean_holdout_umi_t1_8prb_4u", "ebno_db": 14.0, "rep": 8, "rows_committed": 8, "completed_keys": 4392, "expected_rows": 4800}
{"case": "clean_holdout_umi_t1_8prb_4u", "ebno_db": 14.0, "rep": 9, "rows_committed": 8, "completed_keys": 4400, "expected_rows": 4800}
{"case": "clean_holdout_umi_t1_qpsk_4u", "ebno_db": -2.0, "rep": 0, "rows_committed": 8, "completed_keys": 4408, "expected_rows": 4800}
{"case": "clean_holdout_umi_t1_qpsk_4u", "ebno_db": -2.0, "rep": 1, "rows_committed": 8, "completed_keys": 4416, "expected_rows": 4800}
{"case": "clean_holdout_umi_t1_qpsk_4u", "ebno_db": -2.0, "rep": 2, "rows_committed": 8, "completed_keys": 4424, "expected_rows": 4800}
{"case": "clean_holdout_umi_t1_qpsk_4u", "ebno_db": -2.0, "rep": 3, "rows_committed": 8, "completed_keys": 4432, "expected_rows": 4800}
{"case": "clean_holdout_umi_t1_qpsk_4u", "ebno_db": -2.0, "rep": 4, "rows_committed": 8, "completed_keys": 4440, "expected_rows": 4800}
{"case": "clean_holdout_umi_t1_qpsk_4u", "ebno_db": -2.0, "rep": 5, "rows_committed": 8, "completed_keys": 4448, "expected_rows": 4800}
{"case": "clean_holdout_umi_t1_qpsk_4u", "ebno_db": -2.0, "rep": 6, "rows_committed": 8, "completed_keys": 4456, "expected_rows": 4800}
{"case": "clean_holdout_umi_t1_qpsk_4u", "ebno_db": -2.0, "rep": 7, "rows_committed": 8, "completed_keys": 4464, "expected_rows": 4800}
{"case": "clean_holdout_umi_t1_qpsk_4u", "ebno_db": -2.0, "rep": 8, "rows_committed": 8, "completed_keys": 4472, "expected_rows": 4800}
{"case": "clean_holdout_umi_t1_qpsk_4u", "ebno_db": -2.0, "rep": 9, "rows_committed": 8, "completed_keys": 4480, "expected_rows": 4800}
{"case": "clean_holdout_umi_t1_qpsk_4u", "ebno_db": 2.0, "rep": 0, "rows_committed": 8, "completed_keys": 4488, "expected_rows": 4800}
{"case": "clean_holdout_umi_t1_qpsk_4u", "ebno_db": 2.0, "rep": 1, "rows_committed": 8, "completed_keys": 4496, "expected_rows": 4800}
{"case": "clean_holdout_umi_t1_qpsk_4u", "ebno_db": 2.0, "rep": 2, "rows_committed": 8, "completed_keys": 4504, "expected_rows": 4800}
{"case": "clean_holdout_umi_t1_qpsk_4u", "ebno_db": 2.0, "rep": 3, "rows_committed": 8, "completed_keys": 4512, "expected_rows": 4800}
{"case": "clean_holdout_umi_t1_qpsk_4u", "ebno_db": 2.0, "rep": 4, "rows_committed": 8, "completed_keys": 4520, "expected_rows": 4800}
{"case": "clean_holdout_umi_t1_qpsk_4u", "ebno_db": 2.0, "rep": 5, "rows_committed": 8, "completed_keys": 4528, "expected_rows": 4800}
{"case": "clean_holdout_umi_t1_qpsk_4u", "ebno_db": 2.0, "rep": 6, "rows_committed": 8, "completed_keys": 4536, "expected_rows": 4800}
{"case": "clean_holdout_umi_t1_qpsk_4u", "ebno_db": 2.0, "rep": 7, "rows_committed": 8, "completed_keys": 4544, "expected_rows": 4800}
{"case": "clean_holdout_umi_t1_qpsk_4u", "ebno_db": 2.0, "rep": 8, "rows_committed": 8, "completed_keys": 4552, "expected_rows": 4800}
{"case": "clean_holdout_umi_t1_qpsk_4u", "ebno_db": 2.0, "rep": 9, "rows_committed": 8, "completed_keys": 4560, "expected_rows": 4800}
{"case": "clean_holdout_umi_t1_qpsk_4u", "ebno_db": 6.0, "rep": 0, "rows_committed": 8, "completed_keys": 4568, "expected_rows": 4800}
{"case": "clean_holdout_umi_t1_qpsk_4u", "ebno_db": 6.0, "rep": 1, "rows_committed": 8, "completed_keys": 4576, "expected_rows": 4800}
{"case": "clean_holdout_umi_t1_qpsk_4u", "ebno_db": 6.0, "rep": 2, "rows_committed": 8, "completed_keys": 4584, "expected_rows": 4800}
{"case": "clean_holdout_umi_t1_qpsk_4u", "ebno_db": 6.0, "rep": 3, "rows_committed": 8, "completed_keys": 4592, "expected_rows": 4800}
{"case": "clean_holdout_umi_t1_qpsk_4u", "ebno_db": 6.0, "rep": 4, "rows_committed": 8, "completed_keys": 4600, "expected_rows": 4800}
{"case": "clean_holdout_umi_t1_qpsk_4u", "ebno_db": 6.0, "rep": 5, "rows_committed": 8, "completed_keys": 4608, "expected_rows": 4800}
{"case": "clean_holdout_umi_t1_qpsk_4u", "ebno_db": 6.0, "rep": 6, "rows_committed": 8, "completed_keys": 4616, "expected_rows": 4800}
{"case": "clean_holdout_umi_t1_qpsk_4u", "ebno_db": 6.0, "rep": 7, "rows_committed": 8, "completed_keys": 4624, "expected_rows": 4800}
{"case": "clean_holdout_umi_t1_qpsk_4u", "ebno_db": 6.0, "rep": 8, "rows_committed": 8, "completed_keys": 4632, "expected_rows": 4800}
{"case": "clean_holdout_umi_t1_qpsk_4u", "ebno_db": 6.0, "rep": 9, "rows_committed": 8, "completed_keys": 4640, "expected_rows": 4800}
{"case": "clean_holdout_umi_t1_qpsk_4u", "ebno_db": 10.0, "rep": 0, "rows_committed": 8, "completed_keys": 4648, "expected_rows": 4800}
{"case": "clean_holdout_umi_t1_qpsk_4u", "ebno_db": 10.0, "rep": 1, "rows_committed": 8, "completed_keys": 4656, "expected_rows": 4800}
{"case": "clean_holdout_umi_t1_qpsk_4u", "ebno_db": 10.0, "rep": 2, "rows_committed": 8, "completed_keys": 4664, "expected_rows": 4800}
{"case": "clean_holdout_umi_t1_qpsk_4u", "ebno_db": 10.0, "rep": 3, "rows_committed": 8, "completed_keys": 4672, "expected_rows": 4800}
{"case": "clean_holdout_umi_t1_qpsk_4u", "ebno_db": 10.0, "rep": 4, "rows_committed": 8, "completed_keys": 4680, "expected_rows": 4800}
{"case": "clean_holdout_umi_t1_qpsk_4u", "ebno_db": 10.0, "rep": 5, "rows_committed": 8, "completed_keys": 4688, "expected_rows": 4800}
{"case": "clean_holdout_umi_t1_qpsk_4u", "ebno_db": 10.0, "rep": 6, "rows_committed": 8, "completed_keys": 4696, "expected_rows": 4800}
{"case": "clean_holdout_umi_t1_qpsk_4u", "ebno_db": 10.0, "rep": 7, "rows_committed": 8, "completed_keys": 4704, "expected_rows": 4800}
{"case": "clean_holdout_umi_t1_qpsk_4u", "ebno_db": 10.0, "rep": 8, "rows_committed": 8, "completed_keys": 4712, "expected_rows": 4800}
{"case": "clean_holdout_umi_t1_qpsk_4u", "ebno_db": 10.0, "rep": 9, "rows_committed": 8, "completed_keys": 4720, "expected_rows": 4800}
{"case": "clean_holdout_umi_t1_qpsk_4u", "ebno_db": 14.0, "rep": 0, "rows_committed": 8, "completed_keys": 4728, "expected_rows": 4800}
{"case": "clean_holdout_umi_t1_qpsk_4u", "ebno_db": 14.0, "rep": 1, "rows_committed": 8, "completed_keys": 4736, "expected_rows": 4800}
{"case": "clean_holdout_umi_t1_qpsk_4u", "ebno_db": 14.0, "rep": 2, "rows_committed": 8, "completed_keys": 4744, "expected_rows": 4800}
{"case": "clean_holdout_umi_t1_qpsk_4u", "ebno_db": 14.0, "rep": 3, "rows_committed": 8, "completed_keys": 4752, "expected_rows": 4800}
{"case": "clean_holdout_umi_t1_qpsk_4u", "ebno_db": 14.0, "rep": 4, "rows_committed": 8, "completed_keys": 4760, "expected_rows": 4800}
{"case": "clean_holdout_umi_t1_qpsk_4u", "ebno_db": 14.0, "rep": 5, "rows_committed": 8, "completed_keys": 4768, "expected_rows": 4800}
{"case": "clean_holdout_umi_t1_qpsk_4u", "ebno_db": 14.0, "rep": 6, "rows_committed": 8, "completed_keys": 4776, "expected_rows": 4800}
{"case": "clean_holdout_umi_t1_qpsk_4u", "ebno_db": 14.0, "rep": 7, "rows_committed": 8, "completed_keys": 4784, "expected_rows": 4800}
{"case": "clean_holdout_umi_t1_qpsk_4u", "ebno_db": 14.0, "rep": 8, "rows_committed": 8, "completed_keys": 4792, "expected_rows": 4800}
{"case": "clean_holdout_umi_t1_qpsk_4u", "ebno_db": 14.0, "rep": 9, "rows_committed": 8, "completed_keys": 4800, "expected_rows": 4800}
complete_rows: PASS
all_core_metrics_finite: PASS
all_variants_present: PASS
paired_seed_batches: PASS
fixed_graph_cardinality_exact: PASS
crc_consistency: PASS
source_contract: PASS
frozen_improves_old_checkpoint: PASS
uncertainty_improves_tbler: PASS
uncertainty_improves_nll: PASS
coupling_beats_random_loaded: PASS
graph_beats_graph_off: PASS
sparse_not_worse_than_full_by_0p01: PASS
within_0p05_of_ls_on_holdout: PASS
no_high_snr_reversal: PASS
posterior_not_grossly_miscalibrated: PASS
CLASSIFICATION: GATE1_CLEAN_GENERALIZATION_SUPPORTED
NEXT_ACTION: DESIGN_PUBLICATION_SCALE_CAMPAIGN_AND_COMPLEXITY_AUDIT
PUBLICATION_NR_READY: NO
Prepared /lustre10/scratch/rsadve1/revised_TWC/outputs/github_artifacts
