gate1_manifest_valid: PASS
gate0_mechanism_supported: PASS
sionna_2_0_1: PASS
cuda_compute_node: PASS
all_dmrs_mapping_cases: PASS
explicit_user_layer_port_mapping: PASS
exact_reserved_re_and_layer_mapping: PASS
nr_tb_ldpc_roundtrip: PASS
all_38901_channel_cases: PASS
standard_ls_and_perfect_csi_lmmse_paths: PASS
sionna_topology_batch_resize: PASS
kbest_eager_exact_compatibility: PASS
kbest_path: PASS
bayesroute_nr_bridge: PASS
learned_operator_transfer_across_dmrs: PASS
CLASSIFICATION: GATE1_NR_SMOKE_PASS
GATE1_NR_EVIDENCE_READY: YES
PGCA_AGMP_BASELINE_INCLUDED: NO
PUBLICATION_NR_READY: NO
Prepared /lustre10/scratch/rsadve1/revised_TWC/outputs/github_artifacts
