complete_rows: PASS
all_core_metrics_finite: PASS
all_variants_present: PASS
paired_seeds_complete: PASS
mean_crc_block_disagreement_below_0p5pct: PASS
uncertainty_gain_reproduced: PASS
coupling_beats_random_reproduced: PASS
graph_beats_graph_off: PASS
full_cross_layer_covariance_needed: FAIL
covariance_terms_in_graph_needed: FAIL
training_improves_coded_nll: PASS
standard_ls_lmmse_outperforms_proposed_at_high_snr: YES
true_channel_detector_far_from_perfect_lmmse: YES
four_iterations_worse_than_one_with_true_channel: NO
four_iterations_worse_than_one_with_posterior: NO
temperature_scaling_materially_reduces_high_snr_tbler: NO
variance_rescaling_materially_reduces_high_snr_tbler: NO
posterior_variance_scale_mismatch: YES
posterior_coverage_mismatch: YES
llr_temperature_far_from_one: YES
CLASSIFICATION: GATE1_DETECTOR_REPAIR_REQUIRED
NEXT_ACTION: REPLACE_SOFT_PIC_WITH_DAMPED_EXTRINSIC_EP_OR_LMMSE_EP
PGCA_AGMP_BASELINE_INCLUDED: NO
PUBLICATION_NR_READY: NO
Prepared /lustre10/scratch/rsadve1/revised_TWC/outputs/github_artifacts
