{"case": "repair_umi_type1_2user_2layer", "ebno_db": -2.0, "rep": 0, "rows_committed": 21, "completed_keys": 21}
{"case": "repair_umi_type1_2user_2layer", "ebno_db": -2.0, "rep": 1, "rows_committed": 21, "completed_keys": 42}
{"case": "repair_umi_type1_2user_2layer", "ebno_db": -2.0, "rep": 2, "rows_committed": 21, "completed_keys": 63}
{"case": "repair_umi_type1_2user_2layer", "ebno_db": -2.0, "rep": 3, "rows_committed": 21, "completed_keys": 84}
{"case": "repair_umi_type1_2user_2layer", "ebno_db": -2.0, "rep": 4, "rows_committed": 21, "completed_keys": 105}
{"case": "repair_umi_type1_2user_2layer", "ebno_db": -2.0, "rep": 5, "rows_committed": 21, "completed_keys": 126}
{"case": "repair_umi_type1_2user_2layer", "ebno_db": -2.0, "rep": 6, "rows_committed": 21, "completed_keys": 147}
{"case": "repair_umi_type1_2user_2layer", "ebno_db": -2.0, "rep": 7, "rows_committed": 21, "completed_keys": 168}
{"case": "repair_umi_type1_2user_2layer", "ebno_db": 2.0, "rep": 0, "rows_committed": 21, "completed_keys": 189}
{"case": "repair_umi_type1_2user_2layer", "ebno_db": 2.0, "rep": 1, "rows_committed": 21, "completed_keys": 210}
{"case": "repair_umi_type1_2user_2layer", "ebno_db": 2.0, "rep": 2, "rows_committed": 21, "completed_keys": 231}
{"case": "repair_umi_type1_2user_2layer", "ebno_db": 2.0, "rep": 3, "rows_committed": 21, "completed_keys": 252}
{"case": "repair_umi_type1_2user_2layer", "ebno_db": 2.0, "rep": 4, "rows_committed": 21, "completed_keys": 273}
{"case": "repair_umi_type1_2user_2layer", "ebno_db": 2.0, "rep": 5, "rows_committed": 21, "completed_keys": 294}
{"case": "repair_umi_type1_2user_2layer", "ebno_db": 2.0, "rep": 6, "rows_committed": 21, "completed_keys": 315}
{"case": "repair_umi_type1_2user_2layer", "ebno_db": 2.0, "rep": 7, "rows_committed": 21, "completed_keys": 336}
{"case": "repair_umi_type1_2user_2layer", "ebno_db": 6.0, "rep": 0, "rows_committed": 21, "completed_keys": 357}
{"case": "repair_umi_type1_2user_2layer", "ebno_db": 6.0, "rep": 1, "rows_committed": 21, "completed_keys": 378}
{"case": "repair_umi_type1_2user_2layer", "ebno_db": 6.0, "rep": 2, "rows_committed": 21, "completed_keys": 399}
{"case": "repair_umi_type1_2user_2layer", "ebno_db": 6.0, "rep": 3, "rows_committed": 21, "completed_keys": 420}
{"case": "repair_umi_type1_2user_2layer", "ebno_db": 6.0, "rep": 4, "rows_committed": 21, "completed_keys": 441}
{"case": "repair_umi_type1_2user_2layer", "ebno_db": 6.0, "rep": 5, "rows_committed": 21, "completed_keys": 462}
{"case": "repair_umi_type1_2user_2layer", "ebno_db": 6.0, "rep": 6, "rows_committed": 21, "completed_keys": 483}
{"case": "repair_umi_type1_2user_2layer", "ebno_db": 6.0, "rep": 7, "rows_committed": 21, "completed_keys": 504}
{"case": "repair_umi_type1_2user_2layer", "ebno_db": 10.0, "rep": 0, "rows_committed": 21, "completed_keys": 525}
{"case": "repair_umi_type1_2user_2layer", "ebno_db": 10.0, "rep": 1, "rows_committed": 21, "completed_keys": 546}
{"case": "repair_umi_type1_2user_2layer", "ebno_db": 10.0, "rep": 2, "rows_committed": 21, "completed_keys": 567}
{"case": "repair_umi_type1_2user_2layer", "ebno_db": 10.0, "rep": 3, "rows_committed": 21, "completed_keys": 588}
{"case": "repair_umi_type1_2user_2layer", "ebno_db": 10.0, "rep": 4, "rows_committed": 21, "completed_keys": 609}
{"case": "repair_umi_type1_2user_2layer", "ebno_db": 10.0, "rep": 5, "rows_committed": 21, "completed_keys": 630}
{"case": "repair_umi_type1_2user_2layer", "ebno_db": 10.0, "rep": 6, "rows_committed": 21, "completed_keys": 651}
{"case": "repair_umi_type1_2user_2layer", "ebno_db": 10.0, "rep": 7, "rows_committed": 21, "completed_keys": 672}
{"case": "repair_umi_type2_2user_2layer", "ebno_db": -2.0, "rep": 0, "rows_committed": 21, "completed_keys": 693}
{"case": "repair_umi_type2_2user_2layer", "ebno_db": -2.0, "rep": 1, "rows_committed": 21, "completed_keys": 714}
{"case": "repair_umi_type2_2user_2layer", "ebno_db": -2.0, "rep": 2, "rows_committed": 21, "completed_keys": 735}
{"case": "repair_umi_type2_2user_2layer", "ebno_db": -2.0, "rep": 3, "rows_committed": 21, "completed_keys": 756}
{"case": "repair_umi_type2_2user_2layer", "ebno_db": -2.0, "rep": 4, "rows_committed": 21, "completed_keys": 777}
{"case": "repair_umi_type2_2user_2layer", "ebno_db": -2.0, "rep": 5, "rows_committed": 21, "completed_keys": 798}
{"case": "repair_umi_type2_2user_2layer", "ebno_db": -2.0, "rep": 6, "rows_committed": 21, "completed_keys": 819}
{"case": "repair_umi_type2_2user_2layer", "ebno_db": -2.0, "rep": 7, "rows_committed": 21, "completed_keys": 840}
{"case": "repair_umi_type2_2user_2layer", "ebno_db": 2.0, "rep": 0, "rows_committed": 21, "completed_keys": 861}
{"case": "repair_umi_type2_2user_2layer", "ebno_db": 2.0, "rep": 1, "rows_committed": 21, "completed_keys": 882}
{"case": "repair_umi_type2_2user_2layer", "ebno_db": 2.0, "rep": 2, "rows_committed": 21, "completed_keys": 903}
{"case": "repair_umi_type2_2user_2layer", "ebno_db": 2.0, "rep": 3, "rows_committed": 21, "completed_keys": 924}
{"case": "repair_umi_type2_2user_2layer", "ebno_db": 2.0, "rep": 4, "rows_committed": 21, "completed_keys": 945}
{"case": "repair_umi_type2_2user_2layer", "ebno_db": 2.0, "rep": 5, "rows_committed": 21, "completed_keys": 966}
{"case": "repair_umi_type2_2user_2layer", "ebno_db": 2.0, "rep": 6, "rows_committed": 21, "completed_keys": 987}
{"case": "repair_umi_type2_2user_2layer", "ebno_db": 2.0, "rep": 7, "rows_committed": 21, "completed_keys": 1008}
{"case": "repair_umi_type2_2user_2layer", "ebno_db": 6.0, "rep": 0, "rows_committed": 21, "completed_keys": 1029}
{"case": "repair_umi_type2_2user_2layer", "ebno_db": 6.0, "rep": 1, "rows_committed": 21, "completed_keys": 1050}
{"case": "repair_umi_type2_2user_2layer", "ebno_db": 6.0, "rep": 2, "rows_committed": 21, "completed_keys": 1071}
{"case": "repair_umi_type2_2user_2layer", "ebno_db": 6.0, "rep": 3, "rows_committed": 21, "completed_keys": 1092}
{"case": "repair_umi_type2_2user_2layer", "ebno_db": 6.0, "rep": 4, "rows_committed": 21, "completed_keys": 1113}
{"case": "repair_umi_type2_2user_2layer", "ebno_db": 6.0, "rep": 5, "rows_committed": 21, "completed_keys": 1134}
{"case": "repair_umi_type2_2user_2layer", "ebno_db": 6.0, "rep": 6, "rows_committed": 21, "completed_keys": 1155}
{"case": "repair_umi_type2_2user_2layer", "ebno_db": 6.0, "rep": 7, "rows_committed": 21, "completed_keys": 1176}
{"case": "repair_umi_type2_2user_2layer", "ebno_db": 10.0, "rep": 0, "rows_committed": 21, "completed_keys": 1197}
{"case": "repair_umi_type2_2user_2layer", "ebno_db": 10.0, "rep": 1, "rows_committed": 21, "completed_keys": 1218}
{"case": "repair_umi_type2_2user_2layer", "ebno_db": 10.0, "rep": 2, "rows_committed": 21, "completed_keys": 1239}
{"case": "repair_umi_type2_2user_2layer", "ebno_db": 10.0, "rep": 3, "rows_committed": 21, "completed_keys": 1260}
{"case": "repair_umi_type2_2user_2layer", "ebno_db": 10.0, "rep": 4, "rows_committed": 21, "completed_keys": 1281}
{"case": "repair_umi_type2_2user_2layer", "ebno_db": 10.0, "rep": 5, "rows_committed": 21, "completed_keys": 1302}
{"case": "repair_umi_type2_2user_2layer", "ebno_db": 10.0, "rep": 6, "rows_committed": 21, "completed_keys": 1323}
{"case": "repair_umi_type2_2user_2layer", "ebno_db": 10.0, "rep": 7, "rows_committed": 21, "completed_keys": 1344}
{"case": "repair_uma_type1_4user", "ebno_db": -2.0, "rep": 0, "rows_committed": 21, "completed_keys": 1365}
{"case": "repair_uma_type1_4user", "ebno_db": -2.0, "rep": 1, "rows_committed": 21, "completed_keys": 1386}
{"case": "repair_uma_type1_4user", "ebno_db": -2.0, "rep": 2, "rows_committed": 21, "completed_keys": 1407}
{"case": "repair_uma_type1_4user", "ebno_db": -2.0, "rep": 3, "rows_committed": 21, "completed_keys": 1428}
{"case": "repair_uma_type1_4user", "ebno_db": -2.0, "rep": 4, "rows_committed": 21, "completed_keys": 1449}
{"case": "repair_uma_type1_4user", "ebno_db": -2.0, "rep": 5, "rows_committed": 21, "completed_keys": 1470}
{"case": "repair_uma_type1_4user", "ebno_db": -2.0, "rep": 6, "rows_committed": 21, "completed_keys": 1491}
{"case": "repair_uma_type1_4user", "ebno_db": -2.0, "rep": 7, "rows_committed": 21, "completed_keys": 1512}
{"case": "repair_uma_type1_4user", "ebno_db": 2.0, "rep": 0, "rows_committed": 21, "completed_keys": 1533}
{"case": "repair_uma_type1_4user", "ebno_db": 2.0, "rep": 1, "rows_committed": 21, "completed_keys": 1554}
{"case": "repair_uma_type1_4user", "ebno_db": 2.0, "rep": 2, "rows_committed": 21, "completed_keys": 1575}
{"case": "repair_uma_type1_4user", "ebno_db": 2.0, "rep": 3, "rows_committed": 21, "completed_keys": 1596}
{"case": "repair_uma_type1_4user", "ebno_db": 2.0, "rep": 4, "rows_committed": 21, "completed_keys": 1617}
{"case": "repair_uma_type1_4user", "ebno_db": 2.0, "rep": 5, "rows_committed": 21, "completed_keys": 1638}
{"case": "repair_uma_type1_4user", "ebno_db": 2.0, "rep": 6, "rows_committed": 21, "completed_keys": 1659}
{"case": "repair_uma_type1_4user", "ebno_db": 2.0, "rep": 7, "rows_committed": 21, "completed_keys": 1680}
{"case": "repair_uma_type1_4user", "ebno_db": 6.0, "rep": 0, "rows_committed": 21, "completed_keys": 1701}
{"case": "repair_uma_type1_4user", "ebno_db": 6.0, "rep": 1, "rows_committed": 21, "completed_keys": 1722}
{"case": "repair_uma_type1_4user", "ebno_db": 6.0, "rep": 2, "rows_committed": 21, "completed_keys": 1743}
{"case": "repair_uma_type1_4user", "ebno_db": 6.0, "rep": 3, "rows_committed": 21, "completed_keys": 1764}
{"case": "repair_uma_type1_4user", "ebno_db": 6.0, "rep": 4, "rows_committed": 21, "completed_keys": 1785}
{"case": "repair_uma_type1_4user", "ebno_db": 6.0, "rep": 5, "rows_committed": 21, "completed_keys": 1806}
{"case": "repair_uma_type1_4user", "ebno_db": 6.0, "rep": 6, "rows_committed": 21, "completed_keys": 1827}
{"case": "repair_uma_type1_4user", "ebno_db": 6.0, "rep": 7, "rows_committed": 21, "completed_keys": 1848}
{"case": "repair_uma_type1_4user", "ebno_db": 10.0, "rep": 0, "rows_committed": 21, "completed_keys": 1869}
{"case": "repair_uma_type1_4user", "ebno_db": 10.0, "rep": 1, "rows_committed": 21, "completed_keys": 1890}
{"case": "repair_uma_type1_4user", "ebno_db": 10.0, "rep": 2, "rows_committed": 21, "completed_keys": 1911}
{"case": "repair_uma_type1_4user", "ebno_db": 10.0, "rep": 3, "rows_committed": 21, "completed_keys": 1932}
{"case": "repair_uma_type1_4user", "ebno_db": 10.0, "rep": 4, "rows_committed": 21, "completed_keys": 1953}
{"case": "repair_uma_type1_4user", "ebno_db": 10.0, "rep": 5, "rows_committed": 21, "completed_keys": 1974}
{"case": "repair_uma_type1_4user", "ebno_db": 10.0, "rep": 6, "rows_committed": 21, "completed_keys": 1995}
{"case": "repair_uma_type1_4user", "ebno_db": 10.0, "rep": 7, "rows_committed": 21, "completed_keys": 2016}
{"case": "repair_cdl_a_single_user_2layer", "ebno_db": -2.0, "rep": 0, "rows_committed": 21, "completed_keys": 2037}
{"case": "repair_cdl_a_single_user_2layer", "ebno_db": -2.0, "rep": 1, "rows_committed": 21, "completed_keys": 2058}
{"case": "repair_cdl_a_single_user_2layer", "ebno_db": -2.0, "rep": 2, "rows_committed": 21, "completed_keys": 2079}
{"case": "repair_cdl_a_single_user_2layer", "ebno_db": -2.0, "rep": 3, "rows_committed": 21, "completed_keys": 2100}
{"case": "repair_cdl_a_single_user_2layer", "ebno_db": -2.0, "rep": 4, "rows_committed": 21, "completed_keys": 2121}
{"case": "repair_cdl_a_single_user_2layer", "ebno_db": -2.0, "rep": 5, "rows_committed": 21, "completed_keys": 2142}
{"case": "repair_cdl_a_single_user_2layer", "ebno_db": -2.0, "rep": 6, "rows_committed": 21, "completed_keys": 2163}
{"case": "repair_cdl_a_single_user_2layer", "ebno_db": -2.0, "rep": 7, "rows_committed": 21, "completed_keys": 2184}
{"case": "repair_cdl_a_single_user_2layer", "ebno_db": 2.0, "rep": 0, "rows_committed": 21, "completed_keys": 2205}
{"case": "repair_cdl_a_single_user_2layer", "ebno_db": 2.0, "rep": 1, "rows_committed": 21, "completed_keys": 2226}
{"case": "repair_cdl_a_single_user_2layer", "ebno_db": 2.0, "rep": 2, "rows_committed": 21, "completed_keys": 2247}
{"case": "repair_cdl_a_single_user_2layer", "ebno_db": 2.0, "rep": 3, "rows_committed": 21, "completed_keys": 2268}
{"case": "repair_cdl_a_single_user_2layer", "ebno_db": 2.0, "rep": 4, "rows_committed": 21, "completed_keys": 2289}
{"case": "repair_cdl_a_single_user_2layer", "ebno_db": 2.0, "rep": 5, "rows_committed": 21, "completed_keys": 2310}
{"case": "repair_cdl_a_single_user_2layer", "ebno_db": 2.0, "rep": 6, "rows_committed": 21, "completed_keys": 2331}
{"case": "repair_cdl_a_single_user_2layer", "ebno_db": 2.0, "rep": 7, "rows_committed": 21, "completed_keys": 2352}
{"case": "repair_cdl_a_single_user_2layer", "ebno_db": 6.0, "rep": 0, "rows_committed": 21, "completed_keys": 2373}
{"case": "repair_cdl_a_single_user_2layer", "ebno_db": 6.0, "rep": 1, "rows_committed": 21, "completed_keys": 2394}
{"case": "repair_cdl_a_single_user_2layer", "ebno_db": 6.0, "rep": 2, "rows_committed": 21, "completed_keys": 2415}
{"case": "repair_cdl_a_single_user_2layer", "ebno_db": 6.0, "rep": 3, "rows_committed": 21, "completed_keys": 2436}
{"case": "repair_cdl_a_single_user_2layer", "ebno_db": 6.0, "rep": 4, "rows_committed": 21, "completed_keys": 2457}
{"case": "repair_cdl_a_single_user_2layer", "ebno_db": 6.0, "rep": 5, "rows_committed": 21, "completed_keys": 2478}
{"case": "repair_cdl_a_single_user_2layer", "ebno_db": 6.0, "rep": 6, "rows_committed": 21, "completed_keys": 2499}
{"case": "repair_cdl_a_single_user_2layer", "ebno_db": 6.0, "rep": 7, "rows_committed": 21, "completed_keys": 2520}
{"case": "repair_cdl_a_single_user_2layer", "ebno_db": 10.0, "rep": 0, "rows_committed": 21, "completed_keys": 2541}
{"case": "repair_cdl_a_single_user_2layer", "ebno_db": 10.0, "rep": 1, "rows_committed": 21, "completed_keys": 2562}
{"case": "repair_cdl_a_single_user_2layer", "ebno_db": 10.0, "rep": 2, "rows_committed": 21, "completed_keys": 2583}
{"case": "repair_cdl_a_single_user_2layer", "ebno_db": 10.0, "rep": 3, "rows_committed": 21, "completed_keys": 2604}
{"case": "repair_cdl_a_single_user_2layer", "ebno_db": 10.0, "rep": 4, "rows_committed": 21, "completed_keys": 2625}
{"case": "repair_cdl_a_single_user_2layer", "ebno_db": 10.0, "rep": 5, "rows_committed": 21, "completed_keys": 2646}
{"case": "repair_cdl_a_single_user_2layer", "ebno_db": 10.0, "rep": 6, "rows_committed": 21, "completed_keys": 2667}
{"case": "repair_cdl_a_single_user_2layer", "ebno_db": 10.0, "rep": 7, "rows_committed": 21, "completed_keys": 2688}
complete_rows: PASS
all_metrics_finite: PASS
all_variants_present: PASS
paired_seed_batches: PASS
selection_holdout_disjoint: PASS
true_channel_one_step_matches_lmmse: PASS
true_channel_iterative_repair_beats_old_pic: PASS
true_channel_iterations_not_harmful: PASS
posterior_detector_improves_old_pic: PASS
posterior_detector_within_0p10_of_ls: FAIL
no_high_snr_reversal: PASS
SELECTED_VARIANT: delmmse_sparse_i4_d0p7
CLASSIFICATION: GATE1_DETECTOR_REPAIR_PARTIAL
NEXT_ACTION: JOINTLY_TUNE_POSTERIOR_OPERATOR_AND_LMMSE_MESSAGE_DETECTOR
PUBLICATION_NR_READY: NO
Prepared /lustre10/scratch/rsadve1/revised_TWC/outputs/github_artifacts
